10-07 11:28:12.688  3635  3683 I chatty  : uid=1000(system) android.ui expire 11 lines
10-07 11:28:13.395  3635  4104 I chatty  : uid=1000(system) InputReader expire 5 lines
10-07 11:28:13.395  3635  3707 I chatty  : uid=1000(system) PowerManagerSer expire 14 lines
10-07 11:28:13.396  3635  3635 I chatty  : uid=1000 system_server expire 22 lines
10-07 11:28:13.396  3635  4131 I chatty  : uid=1000(system) ColorBalanceThr expire 5 lines
10-07 11:28:13.750  3635  3704 I chatty  : uid=1000(system) android.display expire 7 lines
10-07 11:28:13.754  3635 10890 I chatty  : uid=1000(system) Binder:3635_1D expire 1 line
10-07 11:28:13.764  3158  3363 D QMI_FW  : chen-screen off: is_screen_off = 1
10-07 11:28:13.765  3381  3469 D QMI_FW  : chen-screen off: is_screen_off = 1
10-07 11:28:14.019  3635  3702 I chatty  : uid=1000(system) android.fg expire 5 lines
10-07 11:28:14.035  4269  4269 V DreamService[DozeService]: onCreate()
10-07 11:28:14.048  4269  4269 V DreamService[DozeService]: onBind() intent = Intent { act=android.service.dreams.DreamService flg=0x800000 cmp=com.android.systemui/.doze.DozeService }
10-07 11:28:14.053  4269  4269 V DreamService[DozeService]: Calling onDreamingStarted()
10-07 11:28:14.053  4269  4269 V DreamService[DozeService]: onDreamingStarted()
10-07 11:28:14.084  3635 10883 I chatty  : uid=1000(system) Binder:3635_17 expire 1 line
10-07 11:28:14.099  3635 10892 I chatty  : uid=1000(system) Binder:3635_1F expire 1 line
10-07 11:28:14.340  3635 10888 I chatty  : uid=1000(system) Binder:3635_1B expire 1 line
10-07 11:28:14.342  3635  4994 I chatty  : uid=1000(system) Binder:3635_A expire 3 lines
10-07 11:28:14.402  5400  6878 W ContextImpl: Calling a method in the system process without a qualified user: android.app.ContextImpl.startService:1374 android.content.ContextWrapper.startService:614 com.oneplus.security.network.calibrate.AutoSaveNativeTrafficUsageService.getAndSaveCurrentNativeTrafficTotalUsage:37 com.oneplus.security.network.calibrate.AutoCalibrateUtil.setLastCalibrateTime:253 com.oneplus.security.network.calibrate.AutoCalibrateUtil.setLastCalibrateTime:225
10-07 11:28:14.955  3635  4099 I chatty  : uid=1000(system) AlarmManager expire 11 lines
10-07 11:28:36.126  3635 22551 I chatty  : uid=1000 system_server expire 1 line
10-07 11:28:46.799  3635  3689 I chatty  : uid=1000(system) batterystats-sy expire 2 lines
10-07 11:29:07.283  3635  3681 I chatty  : uid=1000(system) android.bg expire 3 lines
10-07 11:29:07.294  3635  5061 I chatty  : uid=1000(system) Binder:3635_14 expire 1 line
10-07 11:29:07.316  3158  3363 D QMI_FW  : chen-screen on: is_screen_off = 0
10-07 11:29:07.319  3381  3469 D QMI_FW  : chen-screen on: is_screen_off = 0
10-07 11:29:07.326  3635  3683 I chatty  : uid=1000(system) android.ui expire 15 lines
10-07 11:29:07.350  3635  3635 I chatty  : uid=1000 system_server expire 18 lines
10-07 11:29:07.407  5400 22576 W ContextImpl: Calling a method in the system process without a qualified user: android.app.ContextImpl.startService:1374 android.content.ContextWrapper.startService:614 com.oneplus.security.network.calibrate.AutoSaveNativeTrafficUsageService.getAndSaveCurrentNativeTrafficTotalUsage:37 com.oneplus.security.network.calibrate.AutoCalibrateUtil.setLastCalibrateTime:253 com.oneplus.security.network.calibrate.AutoCalibrateUtil.setLastCalibrateTime:225
10-07 11:29:07.445  3635  3707 I chatty  : uid=1000(system) PowerManagerSer expire 19 lines
10-07 11:29:07.452  3635 10884 I chatty  : uid=1000(system) Binder:3635_18 expire 1 line
10-07 11:29:07.457  4269  4269 V DreamService[DozeService]: wakeUp(): fromSystem=true, mWaking=false, mFinished=false
10-07 11:29:07.457  4269  4269 V DreamService[DozeService]: finish(): mFinished=false
10-07 11:29:07.471  5400 22576 W ContextImpl: Calling a method in the system process without a qualified user: android.app.ContextImpl.startService:1374 android.content.ContextWrapper.startService:614 com.oneplus.security.network.calibrate.AutoSaveNativeTrafficUsageService.getAndSaveCurrentNativeTrafficTotalUsage:37 com.oneplus.security.network.calibrate.AutoCalibrateUtil.setLastCalibrateTime:253 com.oneplus.security.network.calibrate.AutoCalibrateUtil.setLastCalibrateTime:225
10-07 11:29:07.476  4269  4269 V DreamService[DozeService]: detach(): Calling onDreamingStopped()
10-07 11:29:07.476  4269  4269 V DreamService[DozeService]: onDreamingStopped()
10-07 11:29:07.483  4269  4269 V DreamService[DozeService]: onDestroy()
10-07 11:29:07.847  3635 22580 I chatty  : uid=1000 system_server expire 1 line
10-07 11:29:08.350  3635  5067 I chatty  : uid=1000(system) Binder:3635_15 expire 1 line
10-07 11:29:08.355  3158  3363 D QMI_FW  : chen-screen off: is_screen_off = 1
10-07 11:29:08.356  3381  3469 D QMI_FW  : chen-screen off: is_screen_off = 1
10-07 11:29:08.610  4269  4269 V DreamService[DozeService]: onCreate()
10-07 11:29:08.661  4269  4269 V DreamService[DozeService]: onBind() intent = Intent { act=android.service.dreams.DreamService flg=0x800000 cmp=com.android.systemui/.doze.DozeService }
10-07 11:29:08.666  4269  4269 V DreamService[DozeService]: Calling onDreamingStarted()
10-07 11:29:08.666  4269  4269 V DreamService[DozeService]: onDreamingStarted()
10-07 11:29:13.409  3635 22581 I chatty  : uid=1000 system_server expire 1 line
10-07 11:29:28.833  3635  3675 I chatty  : uid=1000(system) Binder:3635_1 expire 1 line
10-07 11:29:28.849  3158  3363 D QMI_FW  : chen-screen on: is_screen_off = 0
10-07 11:29:28.854  3381  3469 D QMI_FW  : chen-screen on: is_screen_off = 0
10-07 11:29:28.861  3635  3635 I chatty  : uid=1000 system_server expire 18 lines
10-07 11:29:28.881  3635  3683 I chatty  : uid=1000(system) android.ui expire 31 lines
10-07 11:29:28.903  3635  3707 I chatty  : uid=1000(system) PowerManagerSer expire 10 lines
10-07 11:29:28.915  3635  5022 I chatty  : uid=1000(system) Binder:3635_C expire 2 lines
10-07 11:29:28.922  4269  4269 V DreamService[DozeService]: wakeUp(): fromSystem=true, mWaking=false, mFinished=false
10-07 11:29:28.922  4269  4269 V DreamService[DozeService]: finish(): mFinished=false
10-07 11:29:28.922  3635  3676 I chatty  : uid=1000(system) Binder:3635_2 expire 1 line
10-07 11:29:28.929  5400 22576 W ContextImpl: Calling a method in the system process without a qualified user: android.app.ContextImpl.startService:1374 android.content.ContextWrapper.startService:614 com.oneplus.security.network.calibrate.AutoSaveNativeTrafficUsageService.getAndSaveCurrentNativeTrafficTotalUsage:37 com.oneplus.security.network.calibrate.AutoCalibrateUtil.setLastCalibrateTime:253 com.oneplus.security.network.calibrate.AutoCalibrateUtil.setLastCalibrateTime:225
10-07 11:29:28.949  4269  4269 V DreamService[DozeService]: detach(): Calling onDreamingStopped()
10-07 11:29:28.949  4269  4269 V DreamService[DozeService]: onDreamingStopped()
10-07 11:29:28.954  4269  4269 V DreamService[DozeService]: onDestroy()
10-07 11:29:29.000  5400 22576 W ContextImpl: Calling a method in the system process without a qualified user: android.app.ContextImpl.startService:1374 android.content.ContextWrapper.startService:614 com.oneplus.security.network.calibrate.AutoSaveNativeTrafficUsageService.getAndSaveCurrentNativeTrafficTotalUsage:37 com.oneplus.security.network.calibrate.AutoCalibrateUtil.setLastCalibrateTime:253 com.oneplus.security.network.calibrate.AutoCalibrateUtil.setLastCalibrateTime:225
10-07 11:29:29.788  3635  5023 I chatty  : uid=1000(system) Binder:3635_D expire 1 line
10-07 11:29:29.789  3635  4995 I chatty  : uid=1000(system) Binder:3635_B expire 2 lines
10-07 11:29:29.890  3635  4581 I chatty  : uid=1000(system) Binder:3635_6 expire 1 line
10-07 11:29:29.980  3635  5057 I chatty  : uid=1000(system) Binder:3635_10 expire 2 lines
10-07 11:29:30.456  3635 10885 I chatty  : uid=1000(system) Binder:3635_19 expire 1 line
10-07 11:29:30.485  3635 10891 I chatty  : uid=1000(system) Binder:3635_1E expire 1 line
10-07 11:29:30.485  3635  4641 I chatty  : uid=1000(system) Binder:3635_7 expire 1 line
10-07 11:29:30.498  3635 10882 I chatty  : uid=1000(system) Binder:3635_16 expire 1 line
10-07 11:29:31.170  3635 22638 I chatty  : uid=1000 system_server expire 1 line
10-07 11:29:38.799  3635  4099 I chatty  : uid=1000(system) AlarmManager expire 11 lines
10-07 11:30:24.026  3158  3363 D QMI_FW  : chen-screen off: is_screen_off = 1
10-07 11:30:24.026  3381  3469 D QMI_FW  : chen-screen off: is_screen_off = 1
10-07 11:30:24.036  3635  4964 I chatty  : uid=1000(system) Binder:3635_8 expire 1 line
10-07 11:30:24.268  3635  3707 I chatty  : uid=1000(system) PowerManagerSer expire 4 lines
10-07 11:30:24.292  4269  4269 V DreamService[DozeService]: onCreate()
10-07 11:30:24.329  4269  4269 V DreamService[DozeService]: onBind() intent = Intent { act=android.service.dreams.DreamService flg=0x800000 cmp=com.android.systemui/.doze.DozeService }
10-07 11:30:24.334  4269  4269 V DreamService[DozeService]: Calling onDreamingStarted()
10-07 11:30:24.335  4269  4269 V DreamService[DozeService]: onDreamingStarted()
10-07 11:30:24.348  3635  3635 I chatty  : uid=1000 system_server expire 2 lines
10-07 11:30:24.578  3635  4144 I chatty  : uid=1000(system) Binder:3635_3 expire 1 line
10-07 11:30:24.610  3635  3683 I chatty  : uid=1000(system) android.ui expire 10 lines
10-07 11:30:24.644  5400  5413 W ContextImpl: Calling a method in the system process without a qualified user: android.app.ContextImpl.startService:1374 android.content.ContextWrapper.startService:614 com.oneplus.security.network.calibrate.AutoSaveNativeTrafficUsageService.getAndSaveCurrentNativeTrafficTotalUsage:37 com.oneplus.security.network.calibrate.AutoCalibrateUtil.setLastCalibrateTime:253 com.oneplus.security.network.calibrate.AutoCalibrateUtil.setLastCalibrateTime:225
10-07 11:30:29.464  3635  4099 I chatty  : uid=1000(system) AlarmManager expire 22 lines
10-07 11:30:40.072  3635  3689 I chatty  : uid=1000(system) batterystats-sy expire 12 lines
10-07 11:30:59.456  3635 22690 I chatty  : uid=1000 system_server expire 1 line
10-07 11:31:55.887  3635 22697 I chatty  : uid=1000 system_server expire 1 line
10-07 11:32:29.897  3635  4104 I chatty  : uid=1000(system) InputReader expire 4 lines
10-07 11:32:29.897  3635  3635 I chatty  : uid=1000 system_server expire 23 lines
10-07 11:32:29.898  3635  3707 I chatty  : uid=1000(system) PowerManagerSer expire 24 lines
10-07 11:32:29.905  3635  4131 I chatty  : uid=1000(system) ColorBalanceThr expire 4 lines
10-07 11:32:29.912  3635  3704 I chatty  : uid=1000(system) android.display expire 6 lines
10-07 11:32:29.913  3635  3681 I chatty  : uid=1000(system) android.bg expire 2 lines
10-07 11:32:29.949  3635  5023 I chatty  : uid=1000(system) Binder:3635_D expire 2 lines
10-07 11:32:29.963  3381  3469 D QMI_FW  : chen-screen on: is_screen_off = 0
10-07 11:32:29.966  3635  3683 I chatty  : uid=1000(system) android.ui expire 13 lines
10-07 11:32:29.969  3158  3363 D QMI_FW  : chen-screen on: is_screen_off = 0
10-07 11:32:30.018  3635 10888 I chatty  : uid=1000(system) Binder:3635_1B expire 1 line
10-07 11:32:30.023  4269  4269 V DreamService[DozeService]: wakeUp(): fromSystem=true, mWaking=false, mFinished=false
10-07 11:32:30.023  4269  4269 V DreamService[DozeService]: finish(): mFinished=false
10-07 11:32:30.024  3635 10884 I chatty  : uid=1000(system) Binder:3635_18 expire 1 line
10-07 11:32:30.024  3635  3702 I chatty  : uid=1000(system) android.fg expire 4 lines
10-07 11:32:30.031  4269  4269 V DreamService[DozeService]: detach(): Calling onDreamingStopped()
10-07 11:32:30.031  4269  4269 V DreamService[DozeService]: onDreamingStopped()
10-07 11:32:30.037  4269  4269 V DreamService[DozeService]: onDestroy()
10-07 11:32:30.039  5400 22716 W ContextImpl: Calling a method in the system process without a qualified user: android.app.ContextImpl.startService:1374 android.content.ContextWrapper.startService:614 com.oneplus.security.network.calibrate.AutoSaveNativeTrafficUsageService.getAndSaveCurrentNativeTrafficTotalUsage:37 com.oneplus.security.network.calibrate.AutoCalibrateUtil.setLastCalibrateTime:253 com.oneplus.security.network.calibrate.AutoCalibrateUtil.setLastCalibrateTime:225
10-07 11:32:30.082  5400 22716 W ContextImpl: Calling a method in the system process without a qualified user: android.app.ContextImpl.startService:1374 android.content.ContextWrapper.startService:614 com.oneplus.security.network.calibrate.AutoSaveNativeTrafficUsageService.getAndSaveCurrentNativeTrafficTotalUsage:37 com.oneplus.security.network.calibrate.AutoCalibrateUtil.setLastCalibrateTime:253 com.oneplus.security.network.calibrate.AutoCalibrateUtil.setLastCalibrateTime:225
10-07 11:32:31.235  3158  3363 D QMI_FW  : chen-screen off: is_screen_off = 1
10-07 11:32:31.239  3381  3469 D QMI_FW  : chen-screen off: is_screen_off = 1
10-07 11:32:31.351  3635 22720 I chatty  : uid=1000 system_server expire 1 line
10-07 11:32:31.516  4269  4269 V DreamService[DozeService]: onCreate()
10-07 11:32:31.541  4269  4269 V DreamService[DozeService]: onBind() intent = Intent { act=android.service.dreams.DreamService flg=0x800000 cmp=com.android.systemui/.doze.DozeService }
10-07 11:32:31.544  4269  4269 V DreamService[DozeService]: Calling onDreamingStarted()
10-07 11:32:31.544  4269  4269 V DreamService[DozeService]: onDreamingStarted()
10-07 11:32:38.911  3635  4099 I chatty  : uid=1000(system) AlarmManager expire 19 lines
10-07 11:32:47.744  3635  4318 I chatty  : uid=1000(system) Binder:3635_5 expire 1 line
10-07 11:32:47.770  3158  3363 D QMI_FW  : chen-screen on: is_screen_off = 0
10-07 11:32:47.776  3381  3469 D QMI_FW  : chen-screen on: is_screen_off = 0
10-07 11:32:47.786  3635  3635 I chatty  : uid=1000 system_server expire 13 lines
10-07 11:32:47.800  3635  3683 I chatty  : uid=1000(system) android.ui expire 7 lines
10-07 11:32:47.835  5400 22716 W ContextImpl: Calling a method in the system process without a qualified user: android.app.ContextImpl.startService:1374 android.content.ContextWrapper.startService:614 com.oneplus.security.network.calibrate.AutoSaveNativeTrafficUsageService.getAndSaveCurrentNativeTrafficTotalUsage:37 com.oneplus.security.network.calibrate.AutoCalibrateUtil.setLastCalibrateTime:253 com.oneplus.security.network.calibrate.AutoCalibrateUtil.setLastCalibrateTime:225
10-07 11:32:47.845  3635  3707 I chatty  : uid=1000(system) PowerManagerSer expire 14 lines
10-07 11:32:47.848  4269  4269 V DreamService[DozeService]: wakeUp(): fromSystem=true, mWaking=false, mFinished=false
10-07 11:32:47.848  4269  4269 V DreamService[DozeService]: finish(): mFinished=false
10-07 11:32:47.848  3635  5059 I chatty  : uid=1000(system) Binder:3635_12 expire 2 lines
10-07 11:32:47.875  4269  4269 V DreamService[DozeService]: detach(): Calling onDreamingStopped()
10-07 11:32:47.875  4269  4269 V DreamService[DozeService]: onDreamingStopped()
10-07 11:32:47.884  4269  4269 V DreamService[DozeService]: onDestroy()
10-07 11:32:47.892  5400 22716 W ContextImpl: Calling a method in the system process without a qualified user: android.app.ContextImpl.startService:1374 android.content.ContextWrapper.startService:614 com.oneplus.security.network.calibrate.AutoSaveNativeTrafficUsageService.getAndSaveCurrentNativeTrafficTotalUsage:37 com.oneplus.security.network.calibrate.AutoCalibrateUtil.setLastCalibrateTime:253 com.oneplus.security.network.calibrate.AutoCalibrateUtil.setLastCalibrateTime:225
10-07 11:32:49.029  3158  3363 D QMI_FW  : chen-screen off: is_screen_off = 1
10-07 11:32:49.033  3381  3469 D QMI_FW  : chen-screen off: is_screen_off = 1
10-07 11:32:49.036  3635 10893 I chatty  : uid=1000(system) Binder:3635_20 expire 1 line
10-07 11:32:49.309  4269  4269 V DreamService[DozeService]: onCreate()
10-07 11:32:49.348  4269  4269 V DreamService[DozeService]: onBind() intent = Intent { act=android.service.dreams.DreamService flg=0x800000 cmp=com.android.systemui/.doze.DozeService }
10-07 11:32:49.352  4269  4269 V DreamService[DozeService]: Calling onDreamingStarted()
10-07 11:32:49.352  4269  4269 V DreamService[DozeService]: onDreamingStarted()
10-07 11:32:51.173  3635 22769 I chatty  : uid=1000 system_server expire 1 line
10-07 11:32:58.417  4895 21817 E ActivityThread: Failed to find provider info for com.google.android.wearable.settings
10-07 11:32:58.418  4895 21817 E ActivityThread: Failed to find provider info for com.google.android.wearable.settings
10-07 11:34:03.817  3635 22808 I chatty  : uid=1000 system_server expire 1 line
10-07 11:34:05.211  3635  3682 I chatty  : uid=1000(system) ActivityManager expire 3 lines
10-07 11:34:26.412  4895  1430 E ActivityThread: Failed to find provider info for com.google.android.wearable.settings
10-07 11:34:26.420  4895  1430 E ActivityThread: Failed to find provider info for com.google.android.wearable.settings
10-07 11:34:27.860  3635  4099 I chatty  : uid=1000(system) AlarmManager expire 7 lines
10-07 11:34:36.767  3635 22813 I chatty  : uid=1000 system_server expire 1 line
10-07 11:34:47.478  3635  3689 I chatty  : uid=1000(system) batterystats-sy expire 2 lines
10-07 11:34:58.523  4895  1430 E ActivityThread: Failed to find provider info for com.google.android.wearable.settings
10-07 11:34:58.526  3635  3676 I chatty  : uid=1000(system) Binder:3635_2 expire 1 line
10-07 11:34:58.531  3635  3635 I chatty  : uid=1000 system_server expire 8 lines
10-07 11:34:58.534  4895  1430 E ActivityThread: Failed to find provider info for com.google.android.wearable.settings
10-07 11:34:58.555  3635  4992 I chatty  : uid=1000(system) Binder:3635_9 expire 1 line
10-07 11:34:58.589  3635 10887 I chatty  : uid=1000(system) Binder:3635_1A expire 1 line
10-07 11:34:59.852  3635  3681 I chatty  : uid=1000(system) android.bg expire 4 lines
10-07 11:35:00.017  3635  4099 I chatty  : uid=1000(system) AlarmManager expire 5 lines
10-07 11:35:00.550  3635 22815 I chatty  : uid=1000 system_server expire 1 line
10-07 11:35:02.734  3635 10885 I chatty  : uid=1000(system) Binder:3635_19 expire 1 line
10-07 11:35:09.113  3635  4099 I chatty  : uid=1000(system) AlarmManager expire 3 lines
10-07 11:35:09.426  3635  4581 I chatty  : uid=1000(system) Binder:3635_6 expire 1 line
10-07 11:35:09.427  3635  5060 I chatty  : uid=1000(system) Binder:3635_13 expire 1 line
10-07 11:35:16.533  3635  3707 I chatty  : uid=1000(system) PowerManagerSer expire 12 lines
10-07 11:35:16.534  3635  3704 I chatty  : uid=1000(system) android.display expire 5 lines
10-07 11:35:16.534  3635  3635 I chatty  : uid=1000 system_server expire 11 lines
10-07 11:35:16.549  3635  5056 I chatty  : uid=1000(system) Binder:3635_F expire 1 line
10-07 11:35:16.569  3635  3683 I chatty  : uid=1000(system) android.ui expire 10 lines
10-07 11:35:16.630  3635  5061 I chatty  : uid=1000(system) Binder:3635_14 expire 3 lines
10-07 11:35:17.869  3635 22867 I chatty  : uid=1000 system_server expire 1 line
10-07 11:35:19.128  3635  4099 I chatty  : uid=1000(system) AlarmManager expire 47 lines
10-07 11:35:22.968  3635 10882 I chatty  : uid=1000(system) Binder:3635_16 expire 1 line
10-07 11:35:23.856  3635 22870 I chatty  : uid=1000 system_server expire 2 lines
10-07 11:35:30.383  3635  4994 I chatty  : uid=1000(system) Binder:3635_A expire 1 line
10-07 11:35:31.113  3635  5057 I chatty  : uid=1000(system) Binder:3635_10 expire 3 lines
10-07 11:35:40.986  3635  3689 I chatty  : uid=1000(system) batterystats-sy expire 10 lines
10-07 11:35:52.045  3635 22871 I chatty  : uid=1000 system_server expire 1 line
10-07 11:36:08.259  3635  3681 I chatty  : uid=1000(system) android.bg expire 10 lines
10-07 11:36:46.479  3635 22894 I chatty  : uid=1000 system_server expire 2 lines
10-07 11:37:17.094  3635 22915 I chatty  : uid=1000 system_server expire 1 line
10-07 11:37:17.379  3635  4210 I chatty  : uid=1000(system) Binder:3635_4 expire 2 lines
10-07 11:37:18.427  3635  3682 I chatty  : uid=1000(system) ActivityManager expire 4 lines
10-07 11:37:18.779  3635 10888 I chatty  : uid=1000(system) Binder:3635_1B expire 1 line
10-07 11:37:18.779  3635 10891 I chatty  : uid=1000(system) Binder:3635_1E expire 4 lines
10-07 11:37:18.780  3635  4118 I chatty  : uid=1000(system) ConnectivitySer expire 1 line
10-07 11:37:49.931  3635  4318 I chatty  : uid=1000(system) Binder:3635_5 expire 2 lines
10-07 11:37:49.934  3635 10892 I chatty  : uid=1000(system) Binder:3635_1F expire 1 line
10-07 11:38:11.479  3635 23051 I chatty  : uid=1000 system_server expire 2 lines
10-07 11:38:22.917  3635 23056 I chatty  : uid=1000 system_server expire 1 line
10-07 11:39:12.974  3635 23062 I chatty  : uid=1000 system_server expire 1 line
10-07 11:39:16.026  3635  4992 I chatty  : uid=1000(system) Binder:3635_9 expire 1 line
10-07 11:39:20.805  3635 23070 I chatty  : uid=1000 system_server expire 1 line
10-07 11:39:23.641  4895 13447 E ActivityThread: Failed to find provider info for com.google.android.wearable.settings
10-07 11:39:23.646  4895 13447 E ActivityThread: Failed to find provider info for com.google.android.wearable.settings
10-07 11:39:23.652  4895 13447 E ActivityThread: Failed to find provider info for com.google.android.wearable.settings
10-07 11:39:23.657  4895 13447 E ActivityThread: Failed to find provider info for com.google.android.wearable.settings
10-07 11:39:24.170  3635 10887 I chatty  : uid=1000(system) Binder:3635_1A expire 1 line
10-07 11:39:24.179  3635  3635 I chatty  : uid=1000 system_server expire 37 lines
10-07 11:39:25.132  3635  5060 I chatty  : uid=1000(system) Binder:3635_13 expire 2 lines
10-07 11:39:25.171  3635  4099 I chatty  : uid=1000(system) AlarmManager expire 3 lines
10-07 11:39:36.993  3635 10885 I chatty  : uid=1000(system) Binder:3635_19 expire 1 line
10-07 11:39:37.035  3635  3681 I chatty  : uid=1000(system) android.bg expire 6 lines
10-07 11:39:38.748  3635  3675 I chatty  : uid=1000(system) Binder:3635_1 expire 1 line
10-07 11:39:38.770  3635  5022 I chatty  : uid=1000(system) Binder:3635_C expire 1 line
10-07 11:39:39.395  3635 23075 I chatty  : uid=1000 system_server expire 1 line
10-07 11:39:39.477  3635  5058 I chatty  : uid=1000(system) Binder:3635_11 expire 1 line
10-07 11:39:42.462  3635  4641 I chatty  : uid=1000(system) Binder:3635_7 expire 1 line
10-07 11:39:49.190  3635  4104 I chatty  : uid=1000(system) InputReader expire 1 line
10-07 11:39:49.191  3635  3707 I chatty  : uid=1000(system) PowerManagerSer expire 9 lines
10-07 11:39:49.191  3635  4131 I chatty  : uid=1000(system) ColorBalanceThr expire 1 line
10-07 11:39:49.246  3158  3363 D QMI_FW  : chen-screen on: is_screen_off = 0
10-07 11:39:49.250  3635 10884 I chatty  : uid=1000(system) Binder:3635_18 expire 1 line
10-07 11:39:49.267  3381  3469 D QMI_FW  : chen-screen on: is_screen_off = 0
10-07 11:39:49.274  3635  3683 I chatty  : uid=1000(system) android.ui expire 10 lines
10-07 11:39:49.282  3635  3635 I chatty  : uid=1000 system_server expire 2 lines
10-07 11:39:49.324  3635  5059 I chatty  : uid=1000(system) Binder:3635_12 expire 1 line
10-07 11:39:49.339  4269  4269 V DreamService[DozeService]: wakeUp(): fromSystem=true, mWaking=false, mFinished=false
10-07 11:39:49.340  4269  4269 V DreamService[DozeService]: finish(): mFinished=false
10-07 11:39:49.340  3635  5058 I chatty  : uid=1000(system) Binder:3635_11 expire 1 line
10-07 11:39:49.340  3635  3702 I chatty  : uid=1000(system) android.fg expire 1 line
10-07 11:39:49.352  4269  4269 V DreamService[DozeService]: detach(): Calling onDreamingStopped()
10-07 11:39:49.352  4269  4269 V DreamService[DozeService]: onDreamingStopped()
10-07 11:39:49.358  4269  4269 V DreamService[DozeService]: onDestroy()
10-07 11:39:49.447  5400 23106 W ContextImpl: Calling a method in the system process without a qualified user: android.app.ContextImpl.startService:1374 android.content.ContextWrapper.startService:614 com.oneplus.security.network.calibrate.AutoSaveNativeTrafficUsageService.getAndSaveCurrentNativeTrafficTotalUsage:37 com.oneplus.security.network.calibrate.AutoCalibrateUtil.setLastCalibrateTime:253 com.oneplus.security.network.calibrate.AutoCalibrateUtil.setLastCalibrateTime:225
10-07 11:39:49.508  3635  3681 I chatty  : uid=1000(system) android.bg expire 3 lines
10-07 11:39:49.509  3635  3683 I chatty  : uid=1000(system) android.ui expire 1 line
10-07 11:39:49.519  3635  3707 I chatty  : uid=1000(system) PowerManagerSer expire 1 line
10-07 11:39:49.524  3635  4099 I chatty  : uid=1000(system) AlarmManager expire 1 line
10-07 11:39:49.554  5400 23106 W ContextImpl: Calling a method in the system process without a qualified user: android.app.ContextImpl.startService:1374 android.content.ContextWrapper.startService:614 com.oneplus.security.network.calibrate.AutoSaveNativeTrafficUsageService.getAndSaveCurrentNativeTrafficTotalUsage:37 com.oneplus.security.network.calibrate.AutoCalibrateUtil.setLastCalibrateTime:253 com.oneplus.security.network.calibrate.AutoCalibrateUtil.setLastCalibrateTime:225
10-07 11:39:49.597  3635 10893 I chatty  : uid=1000(system) Binder:3635_20 expire 2 lines
10-07 11:39:49.597  3635  4113 I chatty  : uid=1000(system) WifiService expire 1 line
10-07 11:39:49.686  3635  5057 I chatty  : uid=1000(system) Binder:3635_10 expire 1 line
10-07 11:39:51.214  3635  4104 I chatty  : uid=1000(system) InputReader expire 7 lines
10-07 11:39:51.214  3635  3707 I chatty  : uid=1000(system) PowerManagerSer expire 14 lines
10-07 11:39:51.214  3635  3635 I chatty  : uid=1000 system_server expire 35 lines
10-07 11:39:51.214  3635  4131 I chatty  : uid=1000(system) ColorBalanceThr expire 7 lines
10-07 11:39:51.456  3635  3704 I chatty  : uid=1000(system) android.display expire 9 lines
10-07 11:39:51.459  3635  3683 I chatty  : uid=1000(system) android.ui expire 11 lines
10-07 11:39:51.462  3635  5067 I chatty  : uid=1000(system) Binder:3635_15 expire 1 line
10-07 11:39:51.468  3158  3363 D QMI_FW  : chen-screen off: is_screen_off = 1
10-07 11:39:51.468  3381  3469 D QMI_FW  : chen-screen off: is_screen_off = 1
10-07 11:39:51.717  3635  3702 I chatty  : uid=1000(system) android.fg expire 4 lines
10-07 11:39:51.720  4269  4269 V DreamService[DozeService]: onCreate()
10-07 11:39:51.723  4269  4269 V DreamService[DozeService]: onBind() intent = Intent { act=android.service.dreams.DreamService flg=0x800000 cmp=com.android.systemui/.doze.DozeService }
10-07 11:39:51.724  4269  4269 V DreamService[DozeService]: Calling onDreamingStarted()
10-07 11:39:51.724  4269  4269 V DreamService[DozeService]: onDreamingStarted()
10-07 11:39:53.151  3635 23114 I chatty  : uid=1000 system_server expire 1 line
10-07 11:39:53.958  3635  4099 I chatty  : uid=1000(system) AlarmManager expire 9 lines
10-07 11:39:53.958  3635  3682 I chatty  : uid=1000(system) ActivityManager expire 5 lines
10-07 11:39:54.866  4895 22822 E ActivityThread: Failed to find provider info for com.google.android.wearable.settings
10-07 11:39:54.870  4895 22822 E ActivityThread: Failed to find provider info for com.google.android.wearable.settings
10-07 11:39:54.889  3635  4994 I chatty  : uid=1000(system) Binder:3635_A expire 1 line
10-07 11:39:54.927  3635  5058 I chatty  : uid=1000(system) Binder:3635_11 expire 1 line
10-07 11:39:55.089  3635  4318 I chatty  : uid=1000(system) Binder:3635_5 expire 1 line
10-07 11:39:55.370  3635  4210 I chatty  : uid=1000(system) Binder:3635_4 expire 2 lines
10-07 11:39:55.419  3635 10889 I chatty  : uid=1000(system) Binder:3635_1C expire 1 line
10-07 11:39:55.660  3635  3675 I chatty  : uid=1000(system) Binder:3635_1 expire 2 lines
10-07 11:39:57.469  4895 22822 E ActivityThread: Failed to find provider info for com.google.android.wearable.settings
10-07 11:39:57.470  4895 22822 E ActivityThread: Failed to find provider info for com.google.android.wearable.settings
10-07 11:39:59.065  3635 23121 I chatty  : uid=1000 system_server expire 1 line
10-07 11:40:01.260  3635  5056 I chatty  : uid=1000(system) Binder:3635_F expire 2 lines
10-07 11:40:01.284  3635  5022 I chatty  : uid=1000(system) Binder:3635_C expire 1 line
10-07 11:40:02.207  3635 10892 I chatty  : uid=1000(system) Binder:3635_1F expire 2 lines
10-07 11:40:02.556  4895 22822 E ActivityThread: Failed to find provider info for com.google.android.wearable.settings
10-07 11:40:02.557  4895 22822 E ActivityThread: Failed to find provider info for com.google.android.wearable.settings
10-07 11:40:04.001  3635  3681 I chatty  : uid=1000(system) android.bg expire 7 lines
10-07 11:40:05.999  3635 23123 I chatty  : uid=1000 system_server expire 1 line
10-07 11:40:06.188  4895 22822 E ActivityThread: Failed to find provider info for com.google.android.wearable.settings
10-07 11:40:06.194  4895 22822 E ActivityThread: Failed to find provider info for com.google.android.wearable.settings
10-07 11:40:12.220  3635  3635 I chatty  : uid=1000 system_server expire 52 lines
10-07 11:40:12.237  4895 13447 E ActivityThread: Failed to find provider info for com.google.android.wearable.settings
10-07 11:40:12.237  3635  3676 I chatty  : uid=1000(system) Binder:3635_2 expire 2 lines
10-07 11:40:12.238  4895 13447 E ActivityThread: Failed to find provider info for com.google.android.wearable.settings
10-07 11:40:12.419  3635  5061 I chatty  : uid=1000(system) Binder:3635_14 expire 1 line
10-07 11:40:12.699  3158  3363 D QMI_FW  : chen-screen on: is_screen_off = 0
10-07 11:40:12.700  3381  3469 D QMI_FW  : chen-screen on: is_screen_off = 0
10-07 11:40:12.761  3635  3707 I chatty  : uid=1000(system) PowerManagerSer expire 43 lines
10-07 11:40:12.769  3635  4641 I chatty  : uid=1000(system) Binder:3635_7 expire 1 line
10-07 11:40:12.776  4269  4269 V DreamService[DozeService]: wakeUp(): fromSystem=true, mWaking=false, mFinished=false
10-07 11:40:12.776  4269  4269 V DreamService[DozeService]: finish(): mFinished=false
10-07 11:40:12.788  4269  4269 V DreamService[DozeService]: detach(): Calling onDreamingStopped()
10-07 11:40:12.788  4269  4269 V DreamService[DozeService]: onDreamingStopped()
10-07 11:40:12.792  5400 23106 W ContextImpl: Calling a method in the system process without a qualified user: android.app.ContextImpl.startService:1374 android.content.ContextWrapper.startService:614 com.oneplus.security.network.calibrate.AutoSaveNativeTrafficUsageService.getAndSaveCurrentNativeTrafficTotalUsage:37 com.oneplus.security.network.calibrate.AutoCalibrateUtil.setLastCalibrateTime:253 com.oneplus.security.network.calibrate.AutoCalibrateUtil.setLastCalibrateTime:225
10-07 11:40:12.798  4269  4269 V DreamService[DozeService]: onDestroy()
10-07 11:40:12.856  3635  3683 I chatty  : uid=1000(system) android.ui expire 24 lines
10-07 11:40:12.857  5400 23106 W ContextImpl: Calling a method in the system process without a qualified user: android.app.ContextImpl.startService:1374 android.content.ContextWrapper.startService:614 com.oneplus.security.network.calibrate.AutoSaveNativeTrafficUsageService.getAndSaveCurrentNativeTrafficTotalUsage:37 com.oneplus.security.network.calibrate.AutoCalibrateUtil.setLastCalibrateTime:253 com.oneplus.security.network.calibrate.AutoCalibrateUtil.setLastCalibrateTime:225
10-07 11:40:13.249  3635 23147 I chatty  : uid=1000 system_server expire 1 line
10-07 11:40:14.681  3158  3363 D QMI_FW  : chen-screen off: is_screen_off = 1
10-07 11:40:14.683  3381  3469 D QMI_FW  : chen-screen off: is_screen_off = 1
10-07 11:40:14.700  3635 10893 I chatty  : uid=1000(system) Binder:3635_20 expire 1 line
10-07 11:40:14.713  3635 10890 I chatty  : uid=1000(system) Binder:3635_1D expire 1 line
10-07 11:40:14.957  3381  3469 D QMI_FW  : chen-screen on: is_screen_off = 0
10-07 11:40:14.959  3158  3363 D QMI_FW  : chen-screen on: is_screen_off = 0
10-07 11:40:15.005  3635  4144 I chatty  : uid=1000(system) Binder:3635_3 expire 2 lines
10-07 11:40:15.155  5400 23106 W ContextImpl: Calling a method in the system process without a qualified user: android.app.ContextImpl.startService:1374 android.content.ContextWrapper.startService:614 com.oneplus.security.network.calibrate.AutoSaveNativeTrafficUsageService.getAndSaveCurrentNativeTrafficTotalUsage:37 com.oneplus.security.network.calibrate.AutoCalibrateUtil.setLastCalibrateTime:253 com.oneplus.security.network.calibrate.AutoCalibrateUtil.setLastCalibrateTime:225
10-07 11:40:15.188  5400 23106 W ContextImpl: Calling a method in the system process without a qualified user: android.app.ContextImpl.startService:1374 android.content.ContextWrapper.startService:614 com.oneplus.security.network.calibrate.AutoSaveNativeTrafficUsageService.getAndSaveCurrentNativeTrafficTotalUsage:37 com.oneplus.security.network.calibrate.AutoCalibrateUtil.setLastCalibrateTime:253 com.oneplus.security.network.calibrate.AutoCalibrateUtil.setLastCalibrateTime:225
10-07 11:40:15.400  3635  4995 I chatty  : uid=1000(system) Binder:3635_B expire 1 line
10-07 11:40:15.412  3158  3363 D QMI_FW  : chen-screen off: is_screen_off = 1
10-07 11:40:15.413  3381  3469 D QMI_FW  : chen-screen off: is_screen_off = 1
10-07 11:40:15.716  4269  4269 V DreamService[DozeService]: onCreate()
10-07 11:40:15.732  4269  4269 V DreamService[DozeService]: onBind() intent = Intent { act=android.service.dreams.DreamService flg=0x800000 cmp=com.android.systemui/.doze.DozeService }
10-07 11:40:15.735  4269  4269 V DreamService[DozeService]: Calling onDreamingStarted()
10-07 11:40:15.735  4269  4269 V DreamService[DozeService]: onDreamingStarted()
10-07 11:40:15.835  3158  3363 D QMI_FW  : chen-screen on: is_screen_off = 0
10-07 11:40:15.844  3381  3469 D QMI_FW  : chen-screen on: is_screen_off = 0
10-07 11:40:15.898  3635 10888 I chatty  : uid=1000(system) Binder:3635_1B expire 1 line
10-07 11:40:15.900  4269  4269 V DreamService[DozeService]: wakeUp(): fromSystem=true, mWaking=false, mFinished=false
10-07 11:40:15.900  4269  4269 V DreamService[DozeService]: finish(): mFinished=false
10-07 11:40:15.921  4269  4269 V DreamService[DozeService]: detach(): Calling onDreamingStopped()
10-07 11:40:15.921  4269  4269 V DreamService[DozeService]: onDreamingStopped()
10-07 11:40:15.926  4269  4269 V DreamService[DozeService]: onDestroy()
10-07 11:40:16.115  5400 23106 W ContextImpl: Calling a method in the system process without a qualified user: android.app.ContextImpl.startService:1374 android.content.ContextWrapper.startService:614 com.oneplus.security.network.calibrate.AutoSaveNativeTrafficUsageService.getAndSaveCurrentNativeTrafficTotalUsage:37 com.oneplus.security.network.calibrate.AutoCalibrateUtil.setLastCalibrateTime:253 com.oneplus.security.network.calibrate.AutoCalibrateUtil.setLastCalibrateTime:225
10-07 11:40:16.174  5400 23106 W ContextImpl: Calling a method in the system process without a qualified user: android.app.ContextImpl.startService:1374 android.content.ContextWrapper.startService:614 com.oneplus.security.network.calibrate.AutoSaveNativeTrafficUsageService.getAndSaveCurrentNativeTrafficTotalUsage:37 com.oneplus.security.network.calibrate.AutoCalibrateUtil.setLastCalibrateTime:253 com.oneplus.security.network.calibrate.AutoCalibrateUtil.setLastCalibrateTime:225
10-07 11:40:17.599  3635  3704 I chatty  : uid=1000(system) android.display expire 4 lines
10-07 11:40:17.600  3635  3635 I chatty  : uid=1000 system_server expire 15 lines
10-07 11:40:17.603  3635  5059 I chatty  : uid=1000(system) Binder:3635_12 expire 1 line
10-07 11:40:17.605  3635  3683 I chatty  : uid=1000(system) android.ui expire 11 lines
10-07 11:40:17.610  3158  3363 D QMI_FW  : chen-screen off: is_screen_off = 1
10-07 11:40:17.611  3381  3469 D QMI_FW  : chen-screen off: is_screen_off = 1
10-07 11:40:17.859  3635  3707 I chatty  : uid=1000(system) PowerManagerSer expire 13 lines
10-07 11:40:17.860  3635  3702 I chatty  : uid=1000(system) android.fg expire 3 lines
10-07 11:40:17.863  4269  4269 V DreamService[DozeService]: onCreate()
10-07 11:40:17.866  4269  4269 V DreamService[DozeService]: onBind() intent = Intent { act=android.service.dreams.DreamService flg=0x800000 cmp=com.android.systemui/.doze.DozeService }
10-07 11:40:17.867  4269  4269 V DreamService[DozeService]: Calling onDreamingStarted()
10-07 11:40:17.867  4269  4269 V DreamService[DozeService]: onDreamingStarted()
10-07 11:40:18.964  3635 23184 I chatty  : uid=1000 system_server expire 2 lines
10-07 11:40:23.075  3635  4099 I chatty  : uid=1000(system) AlarmManager expire 27 lines
10-07 11:40:57.692  3635  3689 I chatty  : uid=1000(system) batterystats-sy expire 8 lines
10-07 11:41:28.765  3635 23219 I chatty  : uid=1000 system_server expire 1 line
10-07 11:42:18.976  3635 23222 I chatty  : uid=1000 system_server expire 1 line
10-07 11:42:30.896  3635  3682 I chatty  : uid=1000(system) ActivityManager expire 6 lines
10-07 11:42:32.936  3635 23232 I chatty  : uid=1000 system_server expire 2 lines
10-07 11:42:59.019  3635  4104 I chatty  : uid=1000(system) InputReader expire 3 lines
10-07 11:42:59.020  3635  4131 I chatty  : uid=1000(system) ColorBalanceThr expire 3 lines
10-07 11:42:59.061  3635  3681 I chatty  : uid=1000(system) android.bg expire 10 lines
10-07 11:42:59.073  3381  3469 D QMI_FW  : chen-screen on: is_screen_off = 0
10-07 11:42:59.073  3158  3363 D QMI_FW  : chen-screen on: is_screen_off = 0
10-07 11:42:59.076  3635  4994 I chatty  : uid=1000(system) Binder:3635_A expire 1 line
10-07 11:42:59.126  3635  4099 I chatty  : uid=1000(system) AlarmManager expire 28 lines
10-07 11:42:59.250  3635  3635 I chatty  : uid=1000 system_server expire 30 lines
10-07 11:42:59.256  3635  4995 I chatty  : uid=1000(system) Binder:3635_B expire 1 line
10-07 11:42:59.261  4269  4269 V DreamService[DozeService]: wakeUp(): fromSystem=true, mWaking=false, mFinished=false
10-07 11:42:59.261  4269  4269 V DreamService[DozeService]: finish(): mFinished=false
10-07 11:42:59.261  3635  3675 I chatty  : uid=1000(system) Binder:3635_1 expire 2 lines
10-07 11:42:59.275  4269  4269 V DreamService[DozeService]: detach(): Calling onDreamingStopped()
10-07 11:42:59.275  4269  4269 V DreamService[DozeService]: onDreamingStopped()
10-07 11:42:59.280  4269  4269 V DreamService[DozeService]: onDestroy()
10-07 11:42:59.329  5400 23106 W ContextImpl: Calling a method in the system process without a qualified user: android.app.ContextImpl.startService:1374 android.content.ContextWrapper.startService:614 com.oneplus.security.network.calibrate.AutoSaveNativeTrafficUsageService.getAndSaveCurrentNativeTrafficTotalUsage:37 com.oneplus.security.network.calibrate.AutoCalibrateUtil.setLastCalibrateTime:253 com.oneplus.security.network.calibrate.AutoCalibrateUtil.setLastCalibrateTime:225
10-07 11:42:59.351  3635  3707 I chatty  : uid=1000(system) PowerManagerSer expire 12 lines
10-07 11:42:59.384  5400 23106 W ContextImpl: Calling a method in the system process without a qualified user: android.app.ContextImpl.startService:1374 android.content.ContextWrapper.startService:614 com.oneplus.security.network.calibrate.AutoSaveNativeTrafficUsageService.getAndSaveCurrentNativeTrafficTotalUsage:37 com.oneplus.security.network.calibrate.AutoCalibrateUtil.setLastCalibrateTime:253 com.oneplus.security.network.calibrate.AutoCalibrateUtil.setLastCalibrateTime:225
10-07 11:42:59.920  3635  3683 I chatty  : uid=1000(system) android.ui expire 1 line
10-07 11:42:59.929  3158  3363 D QMI_FW  : chen-screen off: is_screen_off = 1
10-07 11:42:59.929  3381  3469 D QMI_FW  : chen-screen off: is_screen_off = 1
10-07 11:42:59.931  3635 10890 I chatty  : uid=1000(system) Binder:3635_1D expire 2 lines
10-07 11:43:00.181  4269  4269 V DreamService[DozeService]: onCreate()
10-07 11:43:00.185  4269  4269 V DreamService[DozeService]: onBind() intent = Intent { act=android.service.dreams.DreamService flg=0x800000 cmp=com.android.systemui/.doze.DozeService }
10-07 11:43:00.186  4269  4269 V DreamService[DozeService]: Calling onDreamingStarted()
10-07 11:43:00.186  4269  4269 V DreamService[DozeService]: onDreamingStarted()
10-07 11:43:00.570  3635 10882 I chatty  : uid=1000(system) Binder:3635_16 expire 1 line
10-07 11:43:00.588  3635  5061 I chatty  : uid=1000(system) Binder:3635_14 expire 2 lines
10-07 11:43:02.066  3635 23257 I chatty  : uid=1000 system_server expire 1 line
10-07 11:43:16.900  3635 23289 I chatty  : uid=1000 system_server expire 1 line
10-07 11:43:34.657  3635 23297 I chatty  : uid=1000 system_server expire 1 line
10-07 11:43:57.236  3635 23304 I chatty  : uid=1000 system_server expire 1 line
10-07 11:44:18.330  3635 23311 I chatty  : uid=1000 system_server expire 1 line
10-07 11:44:31.077  3635  4641 I chatty  : uid=1000(system) Binder:3635_7 expire 1 line
10-07 11:44:32.147  3635 23316 I chatty  : uid=1000 system_server expire 1 line
10-07 11:44:33.895  3635  3707 I chatty  : uid=1000(system) PowerManagerSer expire 22 lines
10-07 11:44:33.898  3635  4099 I chatty  : uid=1000(system) AlarmManager expire 44 lines
10-07 11:44:33.899  3635  3704 I chatty  : uid=1000(system) android.display expire 6 lines
10-07 11:44:33.899  3635  3635 I chatty  : uid=1000 system_server expire 46 lines
10-07 11:44:33.900  3635  3681 I chatty  : uid=1000(system) android.bg expire 2 lines
10-07 11:44:33.916  3635  3676 I chatty  : uid=1000(system) Binder:3635_2 expire 2 lines
10-07 11:44:33.959  3635  3683 I chatty  : uid=1000(system) android.ui expire 11 lines
10-07 11:44:33.960  3158  3363 D QMI_FW  : chen-screen on: is_screen_off = 0
10-07 11:44:33.962  3381  3469 D QMI_FW  : chen-screen on: is_screen_off = 0
10-07 11:44:34.074  3635 10882 I chatty  : uid=1000(system) Binder:3635_16 expire 1 line
10-07 11:44:34.078  4269  4269 V DreamService[DozeService]: wakeUp(): fromSystem=true, mWaking=false, mFinished=false
10-07 11:44:34.078  4269  4269 V DreamService[DozeService]: finish(): mFinished=false
10-07 11:44:34.079  3635  4641 I chatty  : uid=1000(system) Binder:3635_7 expire 2 lines
10-07 11:44:34.079  3635  3702 I chatty  : uid=1000(system) android.fg expire 4 lines
10-07 11:44:34.087  4269  4269 V DreamService[DozeService]: detach(): Calling onDreamingStopped()
10-07 11:44:34.088  4269  4269 V DreamService[DozeService]: onDreamingStopped()
10-07 11:44:34.097  4269  4269 V DreamService[DozeService]: onDestroy()
10-07 11:44:34.137  5400 23106 W ContextImpl: Calling a method in the system process without a qualified user: android.app.ContextImpl.startService:1374 android.content.ContextWrapper.startService:614 com.oneplus.security.network.calibrate.AutoSaveNativeTrafficUsageService.getAndSaveCurrentNativeTrafficTotalUsage:37 com.oneplus.security.network.calibrate.AutoCalibrateUtil.setLastCalibrateTime:253 com.oneplus.security.network.calibrate.AutoCalibrateUtil.setLastCalibrateTime:225
10-07 11:44:34.205  5400 23106 W ContextImpl: Calling a method in the system process without a qualified user: android.app.ContextImpl.startService:1374 android.content.ContextWrapper.startService:614 com.oneplus.security.network.calibrate.AutoSaveNativeTrafficUsageService.getAndSaveCurrentNativeTrafficTotalUsage:37 com.oneplus.security.network.calibrate.AutoCalibrateUtil.setLastCalibrateTime:253 com.oneplus.security.network.calibrate.AutoCalibrateUtil.setLastCalibrateTime:225
10-07 11:44:34.674  3635  4104 I chatty  : uid=1000(system) InputReader expire 3 lines
10-07 11:44:34.674  3635  4131 I chatty  : uid=1000(system) ColorBalanceThr expire 3 lines
10-07 11:44:34.941  3158  3363 D QMI_FW  : chen-screen off: is_screen_off = 1
10-07 11:44:34.942  3381  3469 D QMI_FW  : chen-screen off: is_screen_off = 1
10-07 11:44:34.950  3635  4318 I chatty  : uid=1000(system) Binder:3635_5 expire 2 lines
10-07 11:44:35.222  4269  4269 V DreamService[DozeService]: onCreate()
10-07 11:44:35.262  4269  4269 V DreamService[DozeService]: onBind() intent = Intent { act=android.service.dreams.DreamService flg=0x800000 cmp=com.android.systemui/.doze.DozeService }
10-07 11:44:35.265  4269  4269 V DreamService[DozeService]: Calling onDreamingStarted()
10-07 11:44:35.265  4269  4269 V DreamService[DozeService]: onDreamingStarted()
10-07 11:44:38.951  3635 23339 I chatty  : uid=1000 system_server expire 1 line
10-07 11:44:47.955  3635  5056 I chatty  : uid=1000(system) Binder:3635_F expire 3 lines
10-07 11:44:52.908  3635 23374 I chatty  : uid=1000 system_server expire 1 line
10-07 11:45:08.432  3635 23384 I chatty  : uid=1000 system_server expire 2 lines
10-07 11:45:41.473  3635 23391 I chatty  : uid=1000 system_server expire 1 line
10-07 11:45:53.859  3635 23396 I chatty  : uid=1000 system_server expire 1 line
10-07 11:46:13.940  3635  3689 I chatty  : uid=1000(system) batterystats-sy expire 2 lines
10-07 11:46:32.644  3635 23407 I chatty  : uid=1000 system_server expire 1 line
10-07 11:46:40.184  3635  3675 I chatty  : uid=1000(system) Binder:3635_1 expire 1 line
10-07 11:46:40.638  3635  5049 I chatty  : uid=1000(system) Binder:3635_E expire 2 lines
10-07 11:46:40.669  3635  4995 I chatty  : uid=1000(system) Binder:3635_B expire 1 line
10-07 11:46:47.030  3381  3469 D QMI_FW  : chen-screen on: is_screen_off = 0
10-07 11:46:47.037  3158  3363 D QMI_FW  : chen-screen on: is_screen_off = 0
10-07 11:46:47.044  3635  3683 I chatty  : uid=1000(system) android.ui expire 11 lines
10-07 11:46:47.067  3635  3635 I chatty  : uid=1000 system_server expire 13 lines
10-07 11:46:47.099  3635  3707 I chatty  : uid=1000(system) PowerManagerSer expire 14 lines
10-07 11:46:47.108  3635  4210 I chatty  : uid=1000(system) Binder:3635_4 expire 1 line
10-07 11:46:47.116  4269  4269 V DreamService[DozeService]: wakeUp(): fromSystem=true, mWaking=false, mFinished=false
10-07 11:46:47.116  4269  4269 V DreamService[DozeService]: finish(): mFinished=false
10-07 11:46:47.116  3635  5058 I chatty  : uid=1000(system) Binder:3635_11 expire 1 line
10-07 11:46:47.127  4269  4269 V DreamService[DozeService]: detach(): Calling onDreamingStopped()
10-07 11:46:47.127  4269  4269 V DreamService[DozeService]: onDreamingStopped()
10-07 11:46:47.131  5400 23106 W ContextImpl: Calling a method in the system process without a qualified user: android.app.ContextImpl.startService:1374 android.content.ContextWrapper.startService:614 com.oneplus.security.network.calibrate.AutoSaveNativeTrafficUsageService.getAndSaveCurrentNativeTrafficTotalUsage:37 com.oneplus.security.network.calibrate.AutoCalibrateUtil.setLastCalibrateTime:253 com.oneplus.security.network.calibrate.AutoCalibrateUtil.setLastCalibrateTime:225
10-07 11:46:47.136  4269  4269 V DreamService[DozeService]: onDestroy()
10-07 11:46:47.189  5400 23106 W ContextImpl: Calling a method in the system process without a qualified user: android.app.ContextImpl.startService:1374 android.content.ContextWrapper.startService:614 com.oneplus.security.network.calibrate.AutoSaveNativeTrafficUsageService.getAndSaveCurrentNativeTrafficTotalUsage:37 com.oneplus.security.network.calibrate.AutoCalibrateUtil.setLastCalibrateTime:253 com.oneplus.security.network.calibrate.AutoCalibrateUtil.setLastCalibrateTime:225
10-07 11:46:47.257  3635  4099 I chatty  : uid=1000(system) AlarmManager expire 6 lines
10-07 11:46:47.975  3158  3363 D QMI_FW  : chen-screen off: is_screen_off = 1
10-07 11:46:47.976  3381  3469 D QMI_FW  : chen-screen off: is_screen_off = 1
10-07 11:46:47.979  3635 10884 I chatty  : uid=1000(system) Binder:3635_18 expire 1 line
10-07 11:46:48.257  4269  4269 V DreamService[DozeService]: onCreate()
10-07 11:46:48.291  4269  4269 V DreamService[DozeService]: onBind() intent = Intent { act=android.service.dreams.DreamService flg=0x800000 cmp=com.android.systemui/.doze.DozeService }
10-07 11:46:48.294  4269  4269 V DreamService[DozeService]: Calling onDreamingStarted()
10-07 11:46:48.294  4269  4269 V DreamService[DozeService]: onDreamingStarted()
10-07 11:46:48.416  3635 23432 I chatty  : uid=1000 system_server expire 2 lines
10-07 11:47:05.791  3635 23467 I chatty  : uid=1000 system_server expire 1 line
10-07 11:47:10.337  3635  4099 I chatty  : uid=1000(system) AlarmManager expire 7 lines
10-07 11:47:18.727  3635  5061 I chatty  : uid=1000(system) Binder:3635_14 expire 1 line
10-07 11:47:18.731  3635  4992 I chatty  : uid=1000(system) Binder:3635_9 expire 1 line
10-07 11:47:18.772  3635  3675 I chatty  : uid=1000(system) Binder:3635_1 expire 1 line
10-07 11:47:18.863  3635  3635 I chatty  : uid=1000 system_server expire 15 lines
10-07 11:47:18.872  3635 10884 I chatty  : uid=1000(system) Binder:3635_18 expire 1 line
10-07 11:47:18.872  3635  3683 I chatty  : uid=1000(system) android.ui expire 84 lines
10-07 11:47:18.873  3635 10892 I chatty  : uid=1000(system) Binder:3635_1F expire 1 line
10-07 11:47:18.874  3635  3707 I chatty  : uid=1000(system) PowerManagerSer expire 16 lines
10-07 11:47:18.875  3635  4131 I chatty  : uid=1000(system) ColorBalanceThr expire 2 lines
10-07 11:47:18.898  3635  3704 I chatty  : uid=1000(system) android.display expire 4 lines
10-07 11:47:18.924  3635 10883 I chatty  : uid=1000(system) Binder:3635_17 expire 2 lines
10-07 11:47:18.931  3635  3681 I chatty  : uid=1000(system) android.bg expire 2 lines
10-07 11:47:18.966  3158  3363 D QMI_FW  : chen-screen on: is_screen_off = 0
10-07 11:47:18.970  3381  3469 D QMI_FW  : chen-screen on: is_screen_off = 0
10-07 11:47:19.006  3635  4994 I chatty  : uid=1000(system) Binder:3635_A expire 1 line
10-07 11:47:19.008  3635  5059 I chatty  : uid=1000(system) Binder:3635_12 expire 1 line
10-07 11:47:19.015  3635 10890 I chatty  : uid=1000(system) Binder:3635_1D expire 3 lines
10-07 11:47:19.134  3635  5056 I chatty  : uid=1000(system) Binder:3635_F expire 1 line
10-07 11:47:19.142  4269  4269 V DreamService[DozeService]: wakeUp(): fromSystem=true, mWaking=false, mFinished=false
10-07 11:47:19.142  4269  4269 V DreamService[DozeService]: finish(): mFinished=false
10-07 11:47:19.142  3635  5067 I chatty  : uid=1000(system) Binder:3635_15 expire 1 line
10-07 11:47:19.143  3635  3702 I chatty  : uid=1000(system) android.fg expire 1 line
