10-05 13:11:30.783  4812  4812 F DEBUG   :     sp   0000007fe18815e0  pc   0000007f97540088  pstate 0000000060000000
10-05 13:11:30.795  4812  4812 F DEBUG   :
10-05 13:11:30.795  4812  4812 F DEBUG   : backtrace:
10-05 13:11:30.796  4812  4812 F DEBUG   :     #00 pc 0000000000075088  /system/bin/linker64 (__dl_tgkill+8)
10-05 13:11:30.796  4812  4812 F DEBUG   :     #01 pc 000000000007450c  /system/bin/linker64 (__dl_pthread_kill+64)
10-05 13:11:30.796  4812  4812 F DEBUG   :     #02 pc 0000000000067f8c  /system/bin/linker64 (__dl_raise+24)
10-05 13:11:30.796  4812  4812 F DEBUG   :     #03 pc 0000000000065948  /system/bin/linker64 (__dl_abort+52)
10-05 13:11:30.796  4812  4812 F DEBUG   :     #04 pc 0000000000067b14  /system/bin/linker64 (__dl___libc_fatal+104)
10-05 13:11:30.796  4812  4812 F DEBUG   :     #05 pc 0000000000010458  /system/bin/linker64 (__dl__ZL29__linker_init_post_relocationR19KernelArgumentBlocky+3876)
10-05 13:11:30.796  4812  4812 F DEBUG   :     #06 pc 000000000000f494  /system/bin/linker64 (__dl___linker_init+528)
10-05 13:11:30.796  4812  4812 F DEBUG   :     #07 pc 0000000000006d54  /system/bin/linker64 (_start+4)
10-05 13:11:31.019  4813  4813 F libc    : unable to stat "/proc/self/exe": Permission denied
10-05 13:11:31.019  4813  4813 F libc    : Fatal signal 6 (SIGABRT), code -6 in tid 4813 (sh)
10-05 13:11:31.075  4814  4814 F DEBUG   : *** *** *** *** *** *** *** *** *** *** *** *** *** *** *** ***
10-05 13:11:31.076  4814  4814 F DEBUG   : Build fingerprint: 'OnePlus/OnePlus3/OnePlus3T:7.1.1/NMF26F/08242152:user/release-keys'
10-05 13:11:31.076  4814  4814 F DEBUG   : Revision: '0'
10-05 13:11:31.076  4814  4814 F DEBUG   : ABI: 'arm64'
10-05 13:11:31.076  4814  4814 F DEBUG   : pid: 4813, tid: 4813, name: sh  >>> /system/bin/sh <<<
10-05 13:11:31.076  4814  4814 F DEBUG   : signal 6 (SIGABRT), code -6 (SI_TKILL), fault addr --------
10-05 13:11:31.077  4814  4814 F DEBUG   :     x0   0000000000000000  x1   00000000000012cd  x2   0000000000000006  x3   0000000000000008
10-05 13:11:31.077  4814  4814 F DEBUG   :     x4   ffffffffffffffff  x5   0000000000000000  x6   0000808080808080  x7   686d64631f6d6e68
10-05 13:11:31.077  4814  4814 F DEBUG   :     x8   0000000000000083  x9   ffffffffffffffdf  x10  0000000000000000  x11  0000000000000001
10-05 13:11:31.077  4814  4814 F DEBUG   :     x12  ffffffffffffffff  x13  0000000000000000  x14  0000000000000000  x15  000127a2fb7622a1
10-05 13:11:31.077  4814  4814 F DEBUG   :     x16  0000007fe3bda380  x17  0000007fe3bda24f  x18  00000000ffffffff  x19  0000007f8ed59b40
10-05 13:11:31.077  4814  4814 F DEBUG   :     x20  0000000000000006  x21  0000007f8ed59a98  x22  000000000000000d  x23  0000000000000000
10-05 13:11:31.077  4814  4814 F DEBUG   :     x24  0000000000000000  x25  0000007f8eca7000  x26  0000000000000000  x27  0000000000000000
10-05 13:11:31.077  4814  4814 F DEBUG   :     x28  0000000000000000  x29  0000007fe3bdae50  x30  0000007f8ed1b510
10-05 13:11:31.077  4814  4814 F DEBUG   :     sp   0000007fe3bdae30  pc   0000007f8ed1c088  pstate 0000000060000000
10-05 13:11:31.090  4814  4814 F DEBUG   :
10-05 13:11:31.090  4814  4814 F DEBUG   : backtrace:
10-05 13:11:31.090  4814  4814 F DEBUG   :     #00 pc 0000000000075088  /system/bin/linker64 (__dl_tgkill+8)
10-05 13:11:31.090  4814  4814 F DEBUG   :     #01 pc 000000000007450c  /system/bin/linker64 (__dl_pthread_kill+64)
10-05 13:11:31.090  4814  4814 F DEBUG   :     #02 pc 0000000000067f8c  /system/bin/linker64 (__dl_raise+24)
10-05 13:11:31.090  4814  4814 F DEBUG   :     #03 pc 0000000000065948  /system/bin/linker64 (__dl_abort+52)
10-05 13:11:31.091  4814  4814 F DEBUG   :     #04 pc 0000000000067b14  /system/bin/linker64 (__dl___libc_fatal+104)
10-05 13:11:31.091  4814  4814 F DEBUG   :     #05 pc 0000000000010458  /system/bin/linker64 (__dl__ZL29__linker_init_post_relocationR19KernelArgumentBlocky+3876)
10-05 13:11:31.091  4814  4814 F DEBUG   :     #06 pc 000000000000f494  /system/bin/linker64 (__dl___linker_init+528)
10-05 13:11:31.091  4814  4814 F DEBUG   :     #07 pc 0000000000006d54  /system/bin/linker64 (_start+4)
10-05 13:11:32.280  4826  4826 F libc    : unable to stat "/proc/self/exe": Permission denied
10-05 13:11:32.280  4826  4826 F libc    : Fatal signal 6 (SIGABRT), code -6 in tid 4826 (sh)
10-05 13:11:32.335  4828  4828 F DEBUG   : *** *** *** *** *** *** *** *** *** *** *** *** *** *** *** ***
10-05 13:11:32.335  4828  4828 F DEBUG   : Build fingerprint: 'OnePlus/OnePlus3/OnePlus3T:7.1.1/NMF26F/08242152:user/release-keys'
10-05 13:11:32.335  4828  4828 F DEBUG   : Revision: '0'
10-05 13:11:32.335  4828  4828 F DEBUG   : ABI: 'arm64'
10-05 13:11:32.335  4828  4828 F DEBUG   : pid: 4826, tid: 4826, name: sh  >>> /system/bin/sh <<<
10-05 13:11:32.335  4828  4828 F DEBUG   : signal 6 (SIGABRT), code -6 (SI_TKILL), fault addr --------
10-05 13:11:32.335  4828  4828 F DEBUG   :     x0   0000000000000000  x1   00000000000012da  x2   0000000000000006  x3   0000000000000008
10-05 13:11:32.335  4828  4828 F DEBUG   :     x4   ffffffffffffffff  x5   0000000000000000  x6   0000808080808080  x7   686d64631f6d6e68
10-05 13:11:32.335  4828  4828 F DEBUG   :     x8   0000000000000083  x9   ffffffffffffffdf  x10  0000000000000000  x11  0000000000000001
10-05 13:11:32.335  4828  4828 F DEBUG   :     x12  ffffffffffffffff  x13  0000000000000000  x14  0000000000000000  x15  0010b444ba7b00c3
10-05 13:11:32.336  4828  4828 F DEBUG   :     x16  0000007fc0c25650  x17  0000007fc0c2551f  x18  00000000ffffffff  x19  0000007f7dc0ab40
10-05 13:11:32.336  4828  4828 F DEBUG   :     x20  0000000000000006  x21  0000007f7dc0aa98  x22  000000000000000d  x23  0000000000000000
10-05 13:11:32.336  4828  4828 F DEBUG   :     x24  0000000000000000  x25  0000007f7db58000  x26  0000000000000000  x27  0000000000000000
10-05 13:11:32.336  4828  4828 F DEBUG   :     x28  0000000000000000  x29  0000007fc0c26120  x30  0000007f7dbcc510
10-05 13:11:32.336  4828  4828 F DEBUG   :     sp   0000007fc0c26100  pc   0000007f7dbcd088  pstate 0000000060000000
10-05 13:11:32.344  4828  4828 F DEBUG   :
10-05 13:11:32.344  4828  4828 F DEBUG   : backtrace:
10-05 13:11:32.345  4828  4828 F DEBUG   :     #00 pc 0000000000075088  /system/bin/linker64 (__dl_tgkill+8)
10-05 13:11:32.345  4828  4828 F DEBUG   :     #01 pc 000000000007450c  /system/bin/linker64 (__dl_pthread_kill+64)
10-05 13:11:32.345  4828  4828 F DEBUG   :     #02 pc 0000000000067f8c  /system/bin/linker64 (__dl_raise+24)
10-05 13:11:32.345  4828  4828 F DEBUG   :     #03 pc 0000000000065948  /system/bin/linker64 (__dl_abort+52)
10-05 13:11:32.345  4828  4828 F DEBUG   :     #04 pc 0000000000067b14  /system/bin/linker64 (__dl___libc_fatal+104)
10-05 13:11:32.345  4828  4828 F DEBUG   :     #05 pc 0000000000010458  /system/bin/linker64 (__dl__ZL29__linker_init_post_relocationR19KernelArgumentBlocky+3876)
10-05 13:11:32.345  4828  4828 F DEBUG   :     #06 pc 000000000000f494  /system/bin/linker64 (__dl___linker_init+528)
10-05 13:11:32.345  4828  4828 F DEBUG   :     #07 pc 0000000000006d54  /system/bin/linker64 (_start+4)
10-06 11:24:55.003 30870 30870 E AndroidRuntime: FATAL EXCEPTION: main
10-06 11:24:55.003 30870 30870 E AndroidRuntime: Process: com.oneplus.camera, PID: 30870
10-06 11:24:55.003 30870 30870 E AndroidRuntime: android.os.FileUriExposedException: file:///storage/emulated/0/DCIM/Camera/VID_20171003_150209.mp4 exposed beyond app through Intent.getData()
10-06 11:24:55.003 30870 30870 E AndroidRuntime: 	at android.os.StrictMode.onFileUriExposed(StrictMode.java:1799)
10-06 11:24:55.003 30870 30870 E AndroidRuntime: 	at android.net.Uri.checkFileUriExposed(Uri.java:2346)
10-06 11:24:55.003 30870 30870 E AndroidRuntime: 	at android.content.Intent.prepareToLeaveProcess(Intent.java:8965)
10-06 11:24:55.003 30870 30870 E AndroidRuntime: 	at android.content.Intent.prepareToLeaveProcess(Intent.java:8926)
10-06 11:24:55.003 30870 30870 E AndroidRuntime: 	at android.app.Activity.finish(Activity.java:5286)
10-06 11:24:55.003 30870 30870 E AndroidRuntime: 	at android.app.Activity.finish(Activity.java:5306)
10-06 11:24:55.003 30870 30870 E AndroidRuntime: 	at com.oneplus.camera.AgentActivity$1.run(AgentActivity.java:69)
10-06 11:24:55.003 30870 30870 E AndroidRuntime: 	at android.os.Handler.handleCallback(Handler.java:751)
10-06 11:24:55.003 30870 30870 E AndroidRuntime: 	at android.os.Handler.dispatchMessage(Handler.java:95)
10-06 11:24:55.003 30870 30870 E AndroidRuntime: 	at android.os.Looper.loop(Looper.java:154)
10-06 11:24:55.003 30870 30870 E AndroidRuntime: 	at android.app.ActivityThread.main(ActivityThread.java:6321)
10-06 11:24:55.003 30870 30870 E AndroidRuntime: 	at java.lang.reflect.Method.invoke(Native Method)
10-06 11:24:55.003 30870 30870 E AndroidRuntime: 	at com.android.internal.os.ZygoteInit$MethodAndArgsCaller.run(ZygoteInit.java:886)
10-06 11:24:55.003 30870 30870 E AndroidRuntime: 	at com.android.internal.os.ZygoteInit.main(ZygoteInit.java:776)
10-07 08:43:57.269  3960  4151 F libc    : Fatal signal 6 (SIGABRT), code -6 in tid 4151 (Thread-2)
10-07 08:43:57.346  5606  5606 F DEBUG   : *** *** *** *** *** *** *** *** *** *** *** *** *** *** *** ***
10-07 08:43:57.347  5606  5606 F DEBUG   : Build fingerprint: 'OnePlus/OnePlus3/OnePlus3T:7.1.1/NMF26F/08242152:user/release-keys'
10-07 08:43:57.347  5606  5606 F DEBUG   : Revision: '0'
10-07 08:43:57.347  5606  5606 F DEBUG   : ABI: 'arm'
10-07 08:43:57.348  5606  5606 F DEBUG   : pid: 3960, tid: 4151, name: Thread-2  >>> com.yourcompany.yourapp <<<
10-07 08:43:57.348  5606  5606 F DEBUG   : signal 6 (SIGABRT), code -6 (SI_TKILL), fault addr --------
10-07 08:43:57.367  5606  5606 F DEBUG   : Abort message: 'art/runtime/indirect_reference_table.cc:80] JNI ERROR (app bug): attempt to use stale Local 0x21 (should be 0x100021)'
10-07 08:43:57.368  5606  5606 F DEBUG   :     r0 00000000  r1 00001037  r2 00000006  r3 00000008
10-07 08:43:57.368  5606  5606 F DEBUG   :     r4 e9b7f978  r5 00000006  r6 e9b7f920  r7 0000010c
10-07 08:43:57.368  5606  5606 F DEBUG   :     r8 00000043  r9 00000000  sl 0000000a  fp d93e3500
10-07 08:43:57.368  5606  5606 F DEBUG   :     ip 0000000d  sp e9b7d880  lr ecaa7517  pc ecaa9d98  cpsr 200f0010
10-07 08:43:57.380  5606  5606 F DEBUG   :
10-07 08:43:57.380  5606  5606 F DEBUG   : backtrace:
10-07 08:43:57.380  5606  5606 F DEBUG   :     #00 pc 00049d98  /system/lib/libc.so (tgkill+12)
10-07 08:43:57.380  5606  5606 F DEBUG   :     #01 pc 00047513  /system/lib/libc.so (pthread_kill+34)
10-07 08:43:57.380  5606  5606 F DEBUG   :     #02 pc 0001d765  /system/lib/libc.so (raise+10)
10-07 08:43:57.380  5606  5606 F DEBUG   :     #03 pc 000192a1  /system/lib/libc.so (__libc_android_abort+34)
10-07 08:43:57.380  5606  5606 F DEBUG   :     #04 pc 00017308  /system/lib/libc.so (abort+4)
10-07 08:43:57.380  5606  5606 F DEBUG   :     #05 pc 0031ca89  /system/lib/libart.so (_ZN3art7Runtime5AbortEPKc+328)
10-07 08:43:57.380  5606  5606 F DEBUG   :     #06 pc 000b5285  /system/lib/libart.so (_ZN3art10LogMessageD2Ev+1132)
10-07 08:43:57.380  5606  5606 F DEBUG   :     #07 pc 001bdbef  /system/lib/libart.so (_ZN3art22IndirectReferenceTable17AbortIfNoCheckJNIERKNSt3__112basic_stringIcNS1_11char_traitsIcEENS1_9allocatorIcEEEE+134)
10-07 08:43:57.380  5606  5606 F DEBUG   :     #08 pc 0023f3fb  /system/lib/libart.so (_ZNK3art22IndirectReferenceTable10GetCheckedEPv+298)
10-07 08:43:57.380  5606  5606 F DEBUG   :     #09 pc 003366bd  /system/lib/libart.so (_ZNK3art6Thread13DecodeJObjectEP8_jobject+44)
10-07 08:43:57.380  5606  5606 F DEBUG   :     #10 pc 00266909  /system/lib/libart.so (_ZN3art3JNI10NewObjectAEP7_JNIEnvP7_jclassP10_jmethodIDP6jvalue+440)
10-07 08:43:57.380  5606  5606 F DEBUG   :     #11 pc 0038c27c  /data/app/com.yourcompany.yourapp-2/lib/arm/librevandroid.so
10-07 08:44:06.808  5624  5624 F libc    : Fatal signal 11 (SIGSEGV), code 1, fault addr 0x0 in tid 5624 (company.yourapp)
10-07 08:44:06.891  5648  5648 F DEBUG   : *** *** *** *** *** *** *** *** *** *** *** *** *** *** *** ***
10-07 08:44:06.891  5648  5648 F DEBUG   : Build fingerprint: 'OnePlus/OnePlus3/OnePlus3T:7.1.1/NMF26F/08242152:user/release-keys'
10-07 08:44:06.891  5648  5648 F DEBUG   : Revision: '0'
10-07 08:44:06.891  5648  5648 F DEBUG   : ABI: 'arm'
10-07 08:44:06.891  5648  5648 F DEBUG   : pid: 5624, tid: 5624, name: company.yourapp  >>> com.yourcompany.yourapp <<<
10-07 08:44:06.891  5648  5648 F DEBUG   : signal 11 (SIGSEGV), code 1 (SEGV_MAPERR), fault addr 0x0
10-07 08:44:06.892  5648  5648 F DEBUG   :     r0 ffa58b48  r1 00000000  r2 00000000  r3 ffa58aa0
10-07 08:44:06.892  5648  5648 F DEBUG   :     r4 ffa58aa0  r5 e362199c  r6 00000000  r7 ffa58aa0
10-07 08:44:06.892  5648  5648 F DEBUG   :     r8 ffa58ad0  r9 00000c01  sl 00000000  fp ffa58a40
10-07 08:44:06.892  5648  5648 F DEBUG   :     ip cbe8afb0  sp ffa58a28  lr cb67cd00  pc cb627460  cpsr a00b0010
10-07 08:44:06.893  5648  5648 F DEBUG   :
10-07 08:44:06.893  5648  5648 F DEBUG   : backtrace:
10-07 08:44:06.893  5648  5648 F DEBUG   :     #00 pc 000e2460  /data/app/com.yourcompany.yourapp-2/lib/arm/librevandroid.so
--------- beginning of system
10-07 11:14:01.342  3635 21655 I chatty  : uid=1000 system_server expire 1 line
10-07 11:14:01.586  4895 13447 E ActivityThread: Failed to find provider info for com.google.android.wearable.settings
10-07 11:14:01.590  4895 13447 E ActivityThread: Failed to find provider info for com.google.android.wearable.settings
10-07 11:14:01.594  4895 13447 E ActivityThread: Failed to find provider info for com.google.android.wearable.settings
10-07 11:14:01.597  4895 13447 E ActivityThread: Failed to find provider info for com.google.android.wearable.settings
10-07 11:14:33.245  3635  4099 I chatty  : uid=1000(system) AlarmManager expire 4 lines
10-07 11:14:33.258  3635  3689 I chatty  : uid=1000(system) batterystats-sy expire 2 lines
10-07 11:14:49.808  3635 21657 I chatty  : uid=1000 system_server expire 1 line
10-07 11:14:51.027  3635  4118 I chatty  : uid=1000(system) ConnectivitySer expire 32 lines
10-07 11:14:51.309  4895 14480 E ActivityThread: Failed to find provider info for com.google.android.wearable.settings
10-07 11:14:51.311  4895 14480 E ActivityThread: Failed to find provider info for com.google.android.wearable.settings
10-07 11:14:52.110  5400  5523 W ContextImpl: Calling a method in the system process without a qualified user: android.app.ContextImpl.startService:1374 android.content.ContextWrapper.startService:614 com.oneplus.security.firewall.NetworkRestrictService.applyRules:154 com.oneplus.security.receiver.NetworkStateUtils.onReceiveNetWorkStateChanged:127 com.oneplus.security.SecureService$AsynHandler.handleMessage:64
10-07 11:14:53.007  3635  4114 I chatty  : uid=1000(system) WifiStateMachin expire 2 lines
10-07 11:14:53.029  3635  4115 I chatty  : uid=1000(system) IpManager.wlan0 expire 4 lines
10-07 11:14:53.940  3635  4318 I chatty  : uid=1000(system) Binder:3635_5 expire 1 line
10-07 11:14:53.942  3635 10884 I chatty  : uid=1000(system) Binder:3635_18 expire 2 lines
10-07 11:14:54.203  3635  4099 I chatty  : uid=1000(system) AlarmManager expire 11 lines
10-07 11:14:54.527  5400  5523 W ContextImpl: Calling a method in the system process without a qualified user: android.app.ContextImpl.startService:1374 android.content.ContextWrapper.startService:614 com.oneplus.security.firewall.NetworkRestrictService.applyRules:154 com.oneplus.security.receiver.NetworkStateUtils.onReceiveNetWorkStateChanged:127 com.oneplus.security.SecureService$AsynHandler.handleMessage:64
10-07 11:14:54.986  3635 21763 I chatty  : uid=1000 system_server expire 1 line
10-07 11:15:01.117  3635  3682 I chatty  : uid=1000(system) ActivityManager expire 3 lines
10-07 11:15:04.561  3635 21786 I chatty  : uid=1000 system_server expire 1 line
10-07 11:15:36.710  4895  1430 E ActivityThread: Failed to find provider info for com.google.android.wearable.settings
10-07 11:15:36.713  4895  1430 E ActivityThread: Failed to find provider info for com.google.android.wearable.settings
10-07 11:15:46.951  3635  4099 I chatty  : uid=1000(system) AlarmManager expire 15 lines
10-07 11:15:50.833  3635  3681 I chatty  : uid=1000(system) android.bg expire 7 lines
10-07 11:15:50.873  3635 21789 I chatty  : uid=1000 system_server expire 1 line
10-07 11:15:50.984  1730  1763 W FileUtils: Failed to chmod(/data/user/0/com.facebook.katana/shared_prefs/rti.mqtt.mqtt_config.xml): android.system.ErrnoException: chmod failed: ENOENT (No such file or directory)
10-07 11:15:50.988  2019  2087 W FileUtils: Failed to chmod(/data/user/0/com.facebook.katana/shared_prefs/rti.mqtt.mqtt_config.xml): android.system.ErrnoException: chmod failed: ENOENT (No such file or directory)
10-07 11:15:51.296  3635  3676 I chatty  : uid=1000(system) Binder:3635_2 expire 1 line
10-07 11:16:17.080  3635 21805 I chatty  : uid=1000 system_server expire 1 line
10-07 11:16:20.305  4895 14480 E ActivityThread: Failed to find provider info for com.google.android.wearable.settings
10-07 11:16:20.309  4895 14480 E ActivityThread: Failed to find provider info for com.google.android.wearable.settings
10-07 11:16:23.787  3635 21807 I chatty  : uid=1000 system_server expire 1 line
10-07 11:16:26.206  4895 14480 E ActivityThread: Failed to find provider info for com.google.android.wearable.settings
10-07 11:16:26.210  4895 14480 E ActivityThread: Failed to find provider info for com.google.android.wearable.settings
10-07 11:16:50.637  3635  3689 I chatty  : uid=1000(system) batterystats-sy expire 8 lines
10-07 11:16:51.108  4895 14480 E ActivityThread: Failed to find provider info for com.google.android.wearable.settings
10-07 11:16:51.112  4895 14480 E ActivityThread: Failed to find provider info for com.google.android.wearable.settings
10-07 11:17:01.870  3635  4099 I chatty  : uid=1000(system) AlarmManager expire 19 lines
10-07 11:17:12.642  3635 21820 I chatty  : uid=1000 system_server expire 1 line
10-07 11:18:27.577  3635 21824 I chatty  : uid=1000 system_server expire 1 line
10-07 11:19:07.663  3635 10882 I chatty  : uid=1000(system) Binder:3635_16 expire 2 lines
10-07 11:19:07.665  4895 18012 E ActivityThread: Failed to find provider info for com.google.android.wearable.settings
10-07 11:19:07.668  4895 18012 E ActivityThread: Failed to find provider info for com.google.android.wearable.settings
10-07 11:19:07.671  4895 18012 E ActivityThread: Failed to find provider info for com.google.android.wearable.settings
10-07 11:19:07.680  4895 18012 E ActivityThread: Failed to find provider info for com.google.android.wearable.settings
10-07 11:19:07.687  3635  3635 I chatty  : uid=1000 system_server expire 30 lines
10-07 11:19:07.797  3635  4104 I chatty  : uid=1000(system) InputReader expire 2 lines
10-07 11:19:07.798  3635  3707 I chatty  : uid=1000(system) PowerManagerSer expire 19 lines
10-07 11:19:07.798  3635  4131 I chatty  : uid=1000(system) ColorBalanceThr expire 2 lines
10-07 11:19:07.821  3635  3704 I chatty  : uid=1000(system) android.display expire 3 lines
10-07 11:19:07.847  3635  5023 I chatty  : uid=1000(system) Binder:3635_D expire 2 lines
10-07 11:19:07.881  3635  3683 I chatty  : uid=1000(system) android.ui expire 50 lines
10-07 11:19:07.889  3381  3469 D QMI_FW  : chen-screen on: is_screen_off = 0
10-07 11:19:07.905  3158  3363 D QMI_FW  : chen-screen on: is_screen_off = 0
10-07 11:19:07.967  3635  4995 I chatty  : uid=1000(system) Binder:3635_B expire 1 line
10-07 11:19:07.972  4269  4269 V DreamService[DozeService]: wakeUp(): fromSystem=true, mWaking=false, mFinished=false
10-07 11:19:07.972  4269  4269 V DreamService[DozeService]: finish(): mFinished=false
10-07 11:19:07.973  3635 10892 I chatty  : uid=1000(system) Binder:3635_1F expire 1 line
10-07 11:19:07.973  3635  3702 I chatty  : uid=1000(system) android.fg expire 2 lines
10-07 11:19:07.981  4269  4269 V DreamService[DozeService]: detach(): Calling onDreamingStopped()
10-07 11:19:07.981  4269  4269 V DreamService[DozeService]: onDreamingStopped()
10-07 11:19:07.983  4269  4269 V DreamService[DozeService]: onDestroy()
10-07 11:19:08.045  5400 21851 W ContextImpl: Calling a method in the system process without a qualified user: android.app.ContextImpl.startService:1374 android.content.ContextWrapper.startService:614 com.oneplus.security.network.calibrate.AutoSaveNativeTrafficUsageService.getAndSaveCurrentNativeTrafficTotalUsage:37 com.oneplus.security.network.calibrate.AutoCalibrateUtil.setLastCalibrateTime:253 com.oneplus.security.network.calibrate.AutoCalibrateUtil.setLastCalibrateTime:225
10-07 11:19:08.104  5400 21851 W ContextImpl: Calling a method in the system process without a qualified user: android.app.ContextImpl.startService:1374 android.content.ContextWrapper.startService:614 com.oneplus.security.network.calibrate.AutoSaveNativeTrafficUsageService.getAndSaveCurrentNativeTrafficTotalUsage:37 com.oneplus.security.network.calibrate.AutoCalibrateUtil.setLastCalibrateTime:253 com.oneplus.security.network.calibrate.AutoCalibrateUtil.setLastCalibrateTime:225
10-07 11:19:08.137  3635 10890 I chatty  : uid=1000(system) Binder:3635_1D expire 1 line
10-07 11:19:08.644  3635 21857 I chatty  : uid=1000 system_server expire 1 line
10-07 11:19:09.087  3635 10888 I chatty  : uid=1000(system) Binder:3635_1B expire 1 line
10-07 11:19:09.092  3635  3675 I chatty  : uid=1000(system) Binder:3635_1 expire 2 lines
10-07 11:19:09.196  3635  4964 I chatty  : uid=1000(system) Binder:3635_8 expire 2 lines
10-07 11:19:09.262  3635  4581 I chatty  : uid=1000(system) Binder:3635_6 expire 1 line
10-07 11:19:09.505  3635  4210 I chatty  : uid=1000(system) Binder:3635_4 expire 1 line
10-07 11:19:09.587  3635  4144 I chatty  : uid=1000(system) Binder:3635_3 expire 1 line
10-07 11:19:09.589  3635  5022 I chatty  : uid=1000(system) Binder:3635_C expire 2 lines
10-07 11:19:09.608  3635  5049 I chatty  : uid=1000(system) Binder:3635_E expire 1 line
10-07 11:19:10.313  3635  4099 I chatty  : uid=1000(system) AlarmManager expire 1 line
10-07 11:19:12.718  3158  3363 D QMI_FW  : chen-screen off: is_screen_off = 1
10-07 11:19:12.718  3381  3469 D QMI_FW  : chen-screen off: is_screen_off = 1
10-07 11:19:12.734  3635  5067 I chatty  : uid=1000(system) Binder:3635_15 expire 1 line
10-07 11:19:13.011  4269  4269 V DreamService[DozeService]: onCreate()
10-07 11:19:13.031  4269  4269 V DreamService[DozeService]: onBind() intent = Intent { act=android.service.dreams.DreamService flg=0x800000 cmp=com.android.systemui/.doze.DozeService }
10-07 11:19:13.035  4269  4269 V DreamService[DozeService]: Calling onDreamingStarted()
10-07 11:19:13.035  4269  4269 V DreamService[DozeService]: onDreamingStarted()
10-07 11:19:13.058  3635  5059 I chatty  : uid=1000(system) Binder:3635_12 expire 1 line
10-07 11:19:13.072  3635  5061 I chatty  : uid=1000(system) Binder:3635_14 expire 1 line
10-07 11:19:13.304  3635  5057 I chatty  : uid=1000(system) Binder:3635_10 expire 1 line
10-07 11:19:13.313  3635  4994 I chatty  : uid=1000(system) Binder:3635_A expire 1 line
10-07 11:19:13.328  3635  3635 I chatty  : uid=1000 system_server expire 11 lines
10-07 11:19:13.329  3635  4964 I chatty  : uid=1000(system) Binder:3635_8 expire 1 line
10-07 11:19:13.331  3635  3683 I chatty  : uid=1000(system) android.ui expire 11 lines
10-07 11:19:13.387  5400  5413 W ContextImpl: Calling a method in the system process without a qualified user: android.app.ContextImpl.startService:1374 android.content.ContextWrapper.startService:614 com.oneplus.security.network.calibrate.AutoSaveNativeTrafficUsageService.getAndSaveCurrentNativeTrafficTotalUsage:37 com.oneplus.security.network.calibrate.AutoCalibrateUtil.setLastCalibrateTime:253 com.oneplus.security.network.calibrate.AutoCalibrateUtil.setLastCalibrateTime:225
10-07 11:19:13.399  3635  5056 I chatty  : uid=1000(system) Binder:3635_F expire 2 lines
10-07 11:19:13.506  3635 10887 I chatty  : uid=1000(system) Binder:3635_1A expire 3 lines
10-07 11:19:13.711  3635  4992 I chatty  : uid=1000(system) Binder:3635_9 expire 1 line
10-07 11:19:13.742  3635  4318 I chatty  : uid=1000(system) Binder:3635_5 expire 1 line
10-07 11:19:21.383  3635  4099 I chatty  : uid=1000(system) AlarmManager expire 10 lines
10-07 11:19:42.612  3635  3689 I chatty  : uid=1000(system) batterystats-sy expire 4 lines
10-07 11:19:53.606  3635  3681 I chatty  : uid=1000(system) android.bg expire 3 lines
10-07 11:19:53.800  4895  1430 E ActivityThread: Failed to find provider info for com.google.android.wearable.settings
10-07 11:19:53.801  4895  1430 E ActivityThread: Failed to find provider info for com.google.android.wearable.settings
10-07 11:19:54.338  3635 21886 I chatty  : uid=1000 system_server expire 3 lines
10-07 11:20:12.934  4895 13447 E ActivityThread: Failed to find provider info for com.google.android.wearable.settings
10-07 11:20:12.938  4895 13447 E ActivityThread: Failed to find provider info for com.google.android.wearable.settings
10-07 11:20:14.332  3635  4099 I chatty  : uid=1000(system) AlarmManager expire 4 lines
10-07 11:20:25.301  3635 21889 I chatty  : uid=1000 system_server expire 2 lines
10-07 11:20:36.792  4895 13447 E ActivityThread: Failed to find provider info for com.google.android.wearable.settings
10-07 11:20:36.799  4895 13447 E ActivityThread: Failed to find provider info for com.google.android.wearable.settings
10-07 11:20:36.807  3635  3635 I chatty  : uid=1000 system_server expire 13 lines
10-07 11:20:37.015  3635  3707 I chatty  : uid=1000(system) PowerManagerSer expire 10 lines
10-07 11:20:37.015  3635  4131 I chatty  : uid=1000(system) ColorBalanceThr expire 1 line
10-07 11:20:37.046  3635  3704 I chatty  : uid=1000(system) android.display expire 2 lines
10-07 11:20:37.071  3635 10893 I chatty  : uid=1000(system) Binder:3635_20 expire 1 line
10-07 11:20:37.094  3158  3363 D QMI_FW  : chen-screen on: is_screen_off = 0
10-07 11:20:37.094  3381  3469 D QMI_FW  : chen-screen on: is_screen_off = 0
10-07 11:20:37.094  3635  3683 I chatty  : uid=1000(system) android.ui expire 70 lines
10-07 11:20:37.152  3635 10892 I chatty  : uid=1000(system) Binder:3635_1F expire 1 line
10-07 11:20:37.157  4269  4269 V DreamService[DozeService]: wakeUp(): fromSystem=true, mWaking=false, mFinished=false
10-07 11:20:37.157  4269  4269 V DreamService[DozeService]: finish(): mFinished=false
10-07 11:20:37.157  3635 10891 I chatty  : uid=1000(system) Binder:3635_1E expire 1 line
10-07 11:20:37.157  3635  3702 I chatty  : uid=1000(system) android.fg expire 1 line
10-07 11:20:37.168  4269  4269 V DreamService[DozeService]: detach(): Calling onDreamingStopped()
10-07 11:20:37.168  4269  4269 V DreamService[DozeService]: onDreamingStopped()
10-07 11:20:37.175  4269  4269 V DreamService[DozeService]: onDestroy()
10-07 11:20:37.200  5400 21851 W ContextImpl: Calling a method in the system process without a qualified user: android.app.ContextImpl.startService:1374 android.content.ContextWrapper.startService:614 com.oneplus.security.network.calibrate.AutoSaveNativeTrafficUsageService.getAndSaveCurrentNativeTrafficTotalUsage:37 com.oneplus.security.network.calibrate.AutoCalibrateUtil.setLastCalibrateTime:253 com.oneplus.security.network.calibrate.AutoCalibrateUtil.setLastCalibrateTime:225
10-07 11:20:37.272  5400 21851 W ContextImpl: Calling a method in the system process without a qualified user: android.app.ContextImpl.startService:1374 android.content.ContextWrapper.startService:614 com.oneplus.security.network.calibrate.AutoSaveNativeTrafficUsageService.getAndSaveCurrentNativeTrafficTotalUsage:37 com.oneplus.security.network.calibrate.AutoCalibrateUtil.setLastCalibrateTime:253 com.oneplus.security.network.calibrate.AutoCalibrateUtil.setLastCalibrateTime:225
10-07 11:20:37.346  3635 10883 I chatty  : uid=1000(system) Binder:3635_17 expire 2 lines
10-07 11:20:37.356  3635  4144 I chatty  : uid=1000(system) Binder:3635_3 expire 3 lines
10-07 11:20:37.454  3635 10890 I chatty  : uid=1000(system) Binder:3635_1D expire 3 lines
10-07 11:20:37.792  3635  4581 I chatty  : uid=1000(system) Binder:3635_6 expire 1 line
10-07 11:20:37.862  3635 10885 I chatty  : uid=1000(system) Binder:3635_19 expire 2 lines
10-07 11:20:37.869  3635  3675 I chatty  : uid=1000(system) Binder:3635_1 expire 3 lines
10-07 11:20:38.308  3635  3676 I chatty  : uid=1000(system) Binder:3635_2 expire 1 line
10-07 11:20:39.371  3635  5060 I chatty  : uid=1000(system) Binder:3635_13 expire 1 line
10-07 11:20:41.262  3635 21918 I chatty  : uid=1000 system_server expire 4 lines
10-07 11:20:43.454  3635  4995 I chatty  : uid=1000(system) Binder:3635_B expire 1 line
10-07 11:20:43.520  3635  5061 I chatty  : uid=1000(system) Binder:3635_14 expire 1 line
10-07 11:20:46.070  3635  3683 I chatty  : uid=1000(system) android.ui expire 71 lines
10-07 11:20:47.965  3635 10889 I chatty  : uid=1000(system) Binder:3635_1C expire 1 line
10-07 11:20:49.864  3635  5023 I chatty  : uid=1000(system) Binder:3635_D expire 1 line
10-07 11:20:53.586  3635 10892 I chatty  : uid=1000(system) Binder:3635_1F expire 1 line
10-07 11:20:54.050  3635  3682 I chatty  : uid=1000(system) ActivityManager expire 1 line
10-07 11:20:54.068  3635  5067 I chatty  : uid=1000(system) Binder:3635_15 expire 1 line
10-07 11:20:55.944  3635  4175 I chatty  : uid=1000(system) SuspenPorcessTh expire 1 line
10-07 11:20:56.001  3635  4099 I chatty  : uid=1000(system) AlarmManager expire 10 lines
10-07 11:21:06.381  3635  4103 I chatty  : uid=1000(system) InputDispatcher expire 1 line
10-07 11:21:07.009  3635  4964 I chatty  : uid=1000(system) Binder:3635_8 expire 1 line
10-07 11:21:08.199  3635 10893 I chatty  : uid=1000(system) Binder:3635_20 expire 1 line
10-07 11:21:08.200  3635  3675 I chatty  : uid=1000(system) Binder:3635_1 expire 1 line
10-07 11:21:08.236  3635 10884 I chatty  : uid=1000(system) Binder:3635_18 expire 1 line
10-07 11:21:36.688  4895 18012 E ActivityThread: Failed to find provider info for com.google.android.wearable.settings
10-07 11:21:36.691  4895 18012 E ActivityThread: Failed to find provider info for com.google.android.wearable.settings
10-07 11:21:36.778  3635  3689 I chatty  : uid=1000(system) batterystats-sy expire 3 lines
10-07 11:21:36.797  3635  3635 I chatty  : uid=1000 system_server expire 18 lines
10-07 11:21:36.844  3635 22071 I chatty  : uid=1000 system_server expire 1 line
10-07 11:21:43.087  3635  3683 I chatty  : uid=1000(system) android.ui expire 11 lines
10-07 11:21:43.198  3635  4104 I chatty  : uid=1000(system) InputReader expire 1 line
10-07 11:21:43.200  3635  3707 I chatty  : uid=1000(system) PowerManagerSer expire 9 lines
10-07 11:21:43.201  3635  4131 I chatty  : uid=1000(system) ColorBalanceThr expire 1 line
10-07 11:21:43.572  3635  3704 I chatty  : uid=1000(system) android.display expire 1 line
10-07 11:21:43.590  3158  3363 D QMI_FW  : chen-screen off: is_screen_off = 1
10-07 11:21:43.599  3381  3469 D QMI_FW  : chen-screen off: is_screen_off = 1
10-07 11:21:43.602  3635  4995 I chatty  : uid=1000(system) Binder:3635_B expire 2 lines
10-07 11:21:43.844  3635  3702 I chatty  : uid=1000(system) android.fg expire 1 line
10-07 11:21:43.852  4269  4269 V DreamService[DozeService]: onCreate()
10-07 11:21:43.868  4269  4269 V DreamService[DozeService]: onBind() intent = Intent { act=android.service.dreams.DreamService flg=0x800000 cmp=com.android.systemui/.doze.DozeService }
10-07 11:21:43.873  4269  4269 V DreamService[DozeService]: Calling onDreamingStarted()
10-07 11:21:43.873  4269  4269 V DreamService[DozeService]: onDreamingStarted()
10-07 11:21:43.930  3635  4641 I chatty  : uid=1000(system) Binder:3635_7 expire 1 line
10-07 11:21:44.084  3635  3676 I chatty  : uid=1000(system) Binder:3635_2 expire 1 line
10-07 11:21:44.085  3635  5060 I chatty  : uid=1000(system) Binder:3635_13 expire 1 line
10-07 11:21:44.165  5400  5411 W ContextImpl: Calling a method in the system process without a qualified user: android.app.ContextImpl.startService:1374 android.content.ContextWrapper.startService:614 com.oneplus.security.network.calibrate.AutoSaveNativeTrafficUsageService.getAndSaveCurrentNativeTrafficTotalUsage:37 com.oneplus.security.network.calibrate.AutoCalibrateUtil.setLastCalibrateTime:253 com.oneplus.security.network.calibrate.AutoCalibrateUtil.setLastCalibrateTime:225
10-07 11:21:46.088  3635  4099 I chatty  : uid=1000(system) AlarmManager expire 1 line
10-07 11:21:53.878  3635  4104 I chatty  : uid=1000(system) InputReader expire 1 line
10-07 11:21:53.878  3635  3635 I chatty  : uid=1000 system_server expire 5 lines
10-07 11:21:53.878  3635  3707 I chatty  : uid=1000(system) PowerManagerSer expire 4 lines
10-07 11:21:53.878  3635  4131 I chatty  : uid=1000(system) ColorBalanceThr expire 1 line
10-07 11:21:53.896  3635  3704 I chatty  : uid=1000(system) android.display expire 1 line
10-07 11:21:53.902  3635  3681 I chatty  : uid=1000(system) android.bg expire 1 line
10-07 11:21:53.904  3635  3683 I chatty  : uid=1000(system) android.ui expire 1 line
10-07 11:21:53.926  3635 10888 I chatty  : uid=1000(system) Binder:3635_1B expire 1 line
10-07 11:21:53.930  3635  3707 I chatty  : uid=1000(system) PowerManagerSer expire 1 line
10-07 11:21:53.932  3635  3683 I chatty  : uid=1000(system) android.ui expire 8 lines
10-07 11:21:53.950  3635  3635 I chatty  : uid=1000 system_server expire 1 line
10-07 11:21:53.950  3158  3363 D QMI_FW  : chen-screen on: is_screen_off = 0
10-07 11:21:53.955  4895 18012 E ActivityThread: Failed to find provider info for com.google.android.wearable.settings
10-07 11:21:53.958  4895 18012 E ActivityThread: Failed to find provider info for com.google.android.wearable.settings
10-07 11:21:53.960  3381  3469 D QMI_FW  : chen-screen on: is_screen_off = 0
10-07 11:21:53.994  3635  3704 I chatty  : uid=1000(system) android.display expire 1 line
10-07 11:21:54.003  3635  3707 I chatty  : uid=1000(system) PowerManagerSer expire 5 lines
10-07 11:21:54.006  3635  3635 I chatty  : uid=1000 system_server expire 1 line
10-07 11:21:54.007  3635  3683 I chatty  : uid=1000(system) android.ui expire 2 lines
10-07 11:21:54.012  3635  4994 I chatty  : uid=1000(system) Binder:3635_A expire 1 line
10-07 11:21:54.020  4269  4269 V DreamService[DozeService]: wakeUp(): fromSystem=true, mWaking=false, mFinished=false
10-07 11:21:54.020  4269  4269 V DreamService[DozeService]: finish(): mFinished=false
10-07 11:21:54.020  3635  5060 I chatty  : uid=1000(system) Binder:3635_13 expire 1 line
10-07 11:21:54.020  3635  3702 I chatty  : uid=1000(system) android.fg expire 6 lines
10-07 11:21:54.034  5400 22121 W ContextImpl: Calling a method in the system process without a qualified user: android.app.ContextImpl.startService:1374 android.content.ContextWrapper.startService:614 com.oneplus.security.network.calibrate.AutoSaveNativeTrafficUsageService.getAndSaveCurrentNativeTrafficTotalUsage:37 com.oneplus.security.network.calibrate.AutoCalibrateUtil.setLastCalibrateTime:253 com.oneplus.security.network.calibrate.AutoCalibrateUtil.setLastCalibrateTime:225
10-07 11:21:54.039  4269  4269 V DreamService[DozeService]: onDestroy()
10-07 11:21:54.039  4269  4269 V DreamService[DozeService]: detach(): Calling onDreamingStopped()
10-07 11:21:54.039  4269  4269 V DreamService[DozeService]: onDreamingStopped()
10-07 11:21:54.086  5400 22121 W ContextImpl: Calling a method in the system process without a qualified user: android.app.ContextImpl.startService:1374 android.content.ContextWrapper.startService:614 com.oneplus.security.network.calibrate.AutoSaveNativeTrafficUsageService.getAndSaveCurrentNativeTrafficTotalUsage:37 com.oneplus.security.network.calibrate.AutoCalibrateUtil.setLastCalibrateTime:253 com.oneplus.security.network.calibrate.AutoCalibrateUtil.setLastCalibrateTime:225
10-07 11:21:54.608  3635  4104 I chatty  : uid=1000(system) InputReader expire 4 lines
10-07 11:21:54.608  3635  3707 I chatty  : uid=1000(system) PowerManagerSer expire 28 lines
10-07 11:21:54.608  3635  3635 I chatty  : uid=1000 system_server expire 36 lines
10-07 11:21:54.609  3635  4131 I chatty  : uid=1000(system) ColorBalanceThr expire 5 lines
10-07 11:21:54.887  3635  3704 I chatty  : uid=1000(system) android.display expire 7 lines
10-07 11:21:54.903  3635 10885 I chatty  : uid=1000(system) Binder:3635_19 expire 1 line
10-07 11:21:54.905  3635  3683 I chatty  : uid=1000(system) android.ui expire 34 lines
10-07 11:21:54.918  3158  3363 D QMI_FW  : chen-screen off: is_screen_off = 1
10-07 11:21:54.918  3381  3469 D QMI_FW  : chen-screen off: is_screen_off = 1
10-07 11:21:55.072  3635 22129 I chatty  : uid=1000 system_server expire 2 lines
10-07 11:21:55.145  4269  4269 V DreamService[DozeService]: onCreate()
10-07 11:21:55.155  4269  4269 V DreamService[DozeService]: onBind() intent = Intent { act=android.service.dreams.DreamService flg=0x800000 cmp=com.android.systemui/.doze.DozeService }
10-07 11:21:55.157  4269  4269 V DreamService[DozeService]: Calling onDreamingStarted()
10-07 11:21:55.157  4269  4269 V DreamService[DozeService]: onDreamingStarted()
10-07 11:21:56.094  3635  4099 I chatty  : uid=1000(system) AlarmManager expire 10 lines
10-07 11:22:00.217  3635 22137 I chatty  : uid=1000 system_server expire 1 line
10-07 11:22:01.985  3635  4318 I chatty  : uid=1000(system) Binder:3635_5 expire 1 line
10-07 11:22:01.988  3635  4994 I chatty  : uid=1000(system) Binder:3635_A expire 3 lines
10-07 11:22:02.095  3635  4210 I chatty  : uid=1000(system) Binder:3635_4 expire 1 line
10-07 11:22:02.205  3635  4144 I chatty  : uid=1000(system) Binder:3635_3 expire 2 lines
10-07 11:22:02.205  3635  4964 I chatty  : uid=1000(system) Binder:3635_8 expire 1 line
10-07 11:22:02.238  3635  3681 I chatty  : uid=1000(system) android.bg expire 3 lines
10-07 11:22:02.258  3635  5060 I chatty  : uid=1000(system) Binder:3635_13 expire 1 line
10-07 11:22:02.271  3158  3363 D QMI_FW  : chen-screen on: is_screen_off = 0
10-07 11:22:02.281  3381  3469 D QMI_FW  : chen-screen on: is_screen_off = 0
10-07 11:22:02.311  3635 10884 I chatty  : uid=1000(system) Binder:3635_18 expire 1 line
10-07 11:22:02.313  3635 10891 I chatty  : uid=1000(system) Binder:3635_1E expire 1 line
10-07 11:22:02.325  3635 10888 I chatty  : uid=1000(system) Binder:3635_1B expire 1 line
10-07 11:22:02.504  3635  4581 I chatty  : uid=1000(system) Binder:3635_6 expire 1 line
10-07 11:22:02.505  3635  3675 I chatty  : uid=1000(system) Binder:3635_1 expire 3 lines
10-07 11:22:02.508  3635 10890 I chatty  : uid=1000(system) Binder:3635_1D expire 2 lines
10-07 11:22:02.534  3635  5061 I chatty  : uid=1000(system) Binder:3635_14 expire 1 line
10-07 11:22:02.553  3635 10883 I chatty  : uid=1000(system) Binder:3635_17 expire 2 lines
10-07 11:22:02.558  4269  4269 V DreamService[DozeService]: wakeUp(): fromSystem=true, mWaking=false, mFinished=false
10-07 11:22:02.558  4269  4269 V DreamService[DozeService]: finish(): mFinished=false
10-07 11:22:02.559  3635  5049 I chatty  : uid=1000(system) Binder:3635_E expire 4 lines
10-07 11:22:02.577  5400 22121 W ContextImpl: Calling a method in the system process without a qualified user: android.app.ContextImpl.startService:1374 android.content.ContextWrapper.startService:614 com.oneplus.security.network.calibrate.AutoSaveNativeTrafficUsageService.getAndSaveCurrentNativeTrafficTotalUsage:37 com.oneplus.security.network.calibrate.AutoCalibrateUtil.setLastCalibrateTime:253 com.oneplus.security.network.calibrate.AutoCalibrateUtil.setLastCalibrateTime:225
10-07 11:22:02.581  4269  4269 V DreamService[DozeService]: detach(): Calling onDreamingStopped()
10-07 11:22:02.581  4269  4269 V DreamService[DozeService]: onDreamingStopped()
10-07 11:22:02.586  4269  4269 V DreamService[DozeService]: onDestroy()
10-07 11:22:02.662  5400 22121 W ContextImpl: Calling a method in the system process without a qualified user: android.app.ContextImpl.startService:1374 android.content.ContextWrapper.startService:614 com.oneplus.security.network.calibrate.AutoSaveNativeTrafficUsageService.getAndSaveCurrentNativeTrafficTotalUsage:37 com.oneplus.security.network.calibrate.AutoCalibrateUtil.setLastCalibrateTime:253 com.oneplus.security.network.calibrate.AutoCalibrateUtil.setLastCalibrateTime:225
10-07 11:22:03.459  3381  3469 D QMI_FW  : chen-screen off: is_screen_off = 1
10-07 11:22:03.459  3158  3363 D QMI_FW  : chen-screen off: is_screen_off = 1
10-07 11:22:03.473  3635 10882 I chatty  : uid=1000(system) Binder:3635_16 expire 2 lines
10-07 11:22:03.742  4269  4269 V DreamService[DozeService]: onCreate()
10-07 11:22:03.773  4269  4269 V DreamService[DozeService]: onBind() intent = Intent { act=android.service.dreams.DreamService flg=0x800000 cmp=com.android.systemui/.doze.DozeService }
10-07 11:22:03.776  4269  4269 V DreamService[DozeService]: Calling onDreamingStarted()
10-07 11:22:03.777  4269  4269 V DreamService[DozeService]: onDreamingStarted()
10-07 11:22:07.258  3635 22174 I chatty  : uid=1000 system_server expire 2 lines
10-07 11:22:15.048  4895 13447 E ActivityThread: Failed to find provider info for com.google.android.wearable.settings
10-07 11:22:15.052  4895 13447 E ActivityThread: Failed to find provider info for com.google.android.wearable.settings
10-07 11:22:25.109  3635 22202 I chatty  : uid=1000 system_server expire 1 line
10-07 11:22:34.863  3635  5023 I chatty  : uid=1000(system) Binder:3635_D expire 2 lines
10-07 11:22:43.105  3635  3635 I chatty  : uid=1000 system_server expire 18 lines
10-07 11:22:43.107  3635  3707 I chatty  : uid=1000(system) PowerManagerSer expire 19 lines
10-07 11:22:43.149  3635  3683 I chatty  : uid=1000(system) android.ui expire 12 lines
10-07 11:22:43.182  3158  3363 D QMI_FW  : chen-screen on: is_screen_off = 0
10-07 11:22:43.195  3381  3469 D QMI_FW  : chen-screen on: is_screen_off = 0
10-07 11:22:43.238  4269  4269 V DreamService[DozeService]: wakeUp(): fromSystem=true, mWaking=false, mFinished=false
10-07 11:22:43.238  4269  4269 V DreamService[DozeService]: finish(): mFinished=false
10-07 11:22:43.257  4269  4269 V DreamService[DozeService]: detach(): Calling onDreamingStopped()
10-07 11:22:43.257  4269  4269 V DreamService[DozeService]: onDreamingStopped()
10-07 11:22:43.264  4269  4269 V DreamService[DozeService]: onDestroy()
10-07 11:22:43.267  5400 22121 W ContextImpl: Calling a method in the system process without a qualified user: android.app.ContextImpl.startService:1374 android.content.ContextWrapper.startService:614 com.oneplus.security.network.calibrate.AutoSaveNativeTrafficUsageService.getAndSaveCurrentNativeTrafficTotalUsage:37 com.oneplus.security.network.calibrate.AutoCalibrateUtil.setLastCalibrateTime:253 com.oneplus.security.network.calibrate.AutoCalibrateUtil.setLastCalibrateTime:225
10-07 11:22:43.335  5400 22121 W ContextImpl: Calling a method in the system process without a qualified user: android.app.ContextImpl.startService:1374 android.content.ContextWrapper.startService:614 com.oneplus.security.network.calibrate.AutoSaveNativeTrafficUsageService.getAndSaveCurrentNativeTrafficTotalUsage:37 com.oneplus.security.network.calibrate.AutoCalibrateUtil.setLastCalibrateTime:253 com.oneplus.security.network.calibrate.AutoCalibrateUtil.setLastCalibrateTime:225
10-07 11:22:44.101  3381  3469 D QMI_FW  : chen-screen off: is_screen_off = 1
10-07 11:22:44.101  3158  3363 D QMI_FW  : chen-screen off: is_screen_off = 1
10-07 11:22:44.163  3635 22232 I chatty  : uid=1000 system_server expire 1 line
10-07 11:22:44.385  4269  4269 V DreamService[DozeService]: onCreate()
10-07 11:22:44.389  4269  4269 V DreamService[DozeService]: onBind() intent = Intent { act=android.service.dreams.DreamService flg=0x800000 cmp=com.android.systemui/.doze.DozeService }
10-07 11:22:44.389  4269  4269 V DreamService[DozeService]: Calling onDreamingStarted()
10-07 11:22:44.389  4269  4269 V DreamService[DozeService]: onDreamingStarted()
10-07 11:22:57.308  4895 13447 E ActivityThread: Failed to find provider info for com.google.android.wearable.settings
10-07 11:22:57.309  4895 13447 E ActivityThread: Failed to find provider info for com.google.android.wearable.settings
10-07 11:22:57.374  3635  4099 I chatty  : uid=1000(system) AlarmManager expire 21 lines
10-07 11:23:14.120  3635 22266 I chatty  : uid=1000 system_server expire 1 line
10-07 11:23:58.850  3635  3689 I chatty  : uid=1000(system) batterystats-sy expire 4 lines
10-07 11:24:00.554  3635 22274 I chatty  : uid=1000 system_server expire 1 line
10-07 11:24:44.689  3635 22285 I chatty  : uid=1000 system_server expire 1 line
10-07 11:24:55.246  3635  3682 I chatty  : uid=1000(system) ActivityManager expire 1 line
10-07 11:24:55.618  3635  3707 I chatty  : uid=1000(system) PowerManagerSer expire 3 lines
10-07 11:24:55.622  3635  3704 I chatty  : uid=1000(system) android.display expire 1 line
10-07 11:24:55.623  3635  3635 I chatty  : uid=1000 system_server expire 1 line
10-07 11:24:55.628  3635  4994 I chatty  : uid=1000(system) Binder:3635_A expire 2 lines
10-07 11:24:55.658  3635  3683 I chatty  : uid=1000(system) android.ui expire 72 lines
10-07 11:24:55.695  3635  3704 I chatty  : uid=1000(system) android.display expire 4 lines
10-07 11:24:55.696  3635  3707 I chatty  : uid=1000(system) PowerManagerSer expire 19 lines
10-07 11:24:55.704  3635  4995 I chatty  : uid=1000(system) Binder:3635_B expire 1 line
10-07 11:24:56.479  3635  3681 I chatty  : uid=1000(system) android.bg expire 6 lines
10-07 11:24:57.685  3635 10891 I chatty  : uid=1000(system) Binder:3635_1E expire 1 line
10-07 11:24:57.716  3635  4641 I chatty  : uid=1000(system) Binder:3635_7 expire 2 lines
10-07 11:24:58.853  4895 18012 E ActivityThread: Failed to find provider info for com.google.android.wearable.settings
10-07 11:24:58.861  4895 18012 E ActivityThread: Failed to find provider info for com.google.android.wearable.settings
10-07 11:24:58.976  3635  4099 I chatty  : uid=1000(system) AlarmManager expire 6 lines
10-07 11:24:59.055  4895 18012 E ActivityThread: Failed to find provider info for com.google.android.wearable.settings
10-07 11:24:59.056  4895 18012 E ActivityThread: Failed to find provider info for com.google.android.wearable.settings
10-07 11:24:59.725  3635 22341 I chatty  : uid=1000 system_server expire 1 line
10-07 11:25:02.042  3635  3635 I chatty  : uid=1000 system_server expire 10 lines
10-07 11:25:02.065  3635  5067 I chatty  : uid=1000(system) Binder:3635_15 expire 3 lines
10-07 11:25:02.245  3635 10882 I chatty  : uid=1000(system) Binder:3635_16 expire 2 lines
10-07 11:25:02.349  3635  5059 I chatty  : uid=1000(system) Binder:3635_12 expire 2 lines
10-07 11:25:02.458  3635  4131 I chatty  : uid=1000(system) ColorBalanceThr expire 1 line
10-07 11:25:02.503  3635  5049 I chatty  : uid=1000(system) Binder:3635_E expire 1 line
10-07 11:25:02.508  3158  3363 D QMI_FW  : chen-screen on: is_screen_off = 0
10-07 11:25:02.516  3381  3469 D QMI_FW  : chen-screen on: is_screen_off = 0
10-07 11:25:02.573  3635 10887 I chatty  : uid=1000(system) Binder:3635_1A expire 1 line
10-07 11:25:02.573  3635 10888 I chatty  : uid=1000(system) Binder:3635_1B expire 2 lines
10-07 11:25:02.586  3635  5022 I chatty  : uid=1000(system) Binder:3635_C expire 1 line
10-07 11:25:02.711  3635  5061 I chatty  : uid=1000(system) Binder:3635_14 expire 1 line
10-07 11:25:02.785  3635  3676 I chatty  : uid=1000(system) Binder:3635_2 expire 3 lines
10-07 11:25:02.820  3635 10885 I chatty  : uid=1000(system) Binder:3635_19 expire 2 lines
10-07 11:25:02.843  4269  4269 V DreamService[DozeService]: wakeUp(): fromSystem=true, mWaking=false, mFinished=false
10-07 11:25:02.843  4269  4269 V DreamService[DozeService]: finish(): mFinished=false
10-07 11:25:02.843  3635 10892 I chatty  : uid=1000(system) Binder:3635_1F expire 2 lines
10-07 11:25:02.843  3635  3702 I chatty  : uid=1000(system) android.fg expire 1 line
10-07 11:25:02.857  3635  5023 I chatty  : uid=1000(system) Binder:3635_D expire 1 line
10-07 11:25:02.875  5400 22121 W ContextImpl: Calling a method in the system process without a qualified user: android.app.ContextImpl.startService:1374 android.content.ContextWrapper.startService:614 com.oneplus.security.network.calibrate.AutoSaveNativeTrafficUsageService.getAndSaveCurrentNativeTrafficTotalUsage:37 com.oneplus.security.network.calibrate.AutoCalibrateUtil.setLastCalibrateTime:253 com.oneplus.security.network.calibrate.AutoCalibrateUtil.setLastCalibrateTime:225
10-07 11:25:02.901  4269  4269 V DreamService[DozeService]: detach(): Calling onDreamingStopped()
10-07 11:25:02.901  4269  4269 V DreamService[DozeService]: onDreamingStopped()
10-07 11:25:02.911  4269  4269 V DreamService[DozeService]: onDestroy()
10-07 11:25:02.973  5400 22121 W ContextImpl: Calling a method in the system process without a qualified user: android.app.ContextImpl.startService:1374 android.content.ContextWrapper.startService:614 com.oneplus.security.network.calibrate.AutoSaveNativeTrafficUsageService.getAndSaveCurrentNativeTrafficTotalUsage:37 com.oneplus.security.network.calibrate.AutoCalibrateUtil.setLastCalibrateTime:253 com.oneplus.security.network.calibrate.AutoCalibrateUtil.setLastCalibrateTime:225
10-07 11:25:03.747  3635  4103 I chatty  : uid=1000(system) InputDispatcher expire 1 line
10-07 11:25:05.101  3635 22388 I chatty  : uid=1000 system_server expire 3 lines
10-07 11:25:24.662  3635  4099 I chatty  : uid=1000(system) AlarmManager expire 4 lines
10-07 11:25:34.391  3635  3683 I chatty  : uid=1000(system) android.ui expire 1 line
10-07 11:25:44.688  3635  4099 I chatty  : uid=1000(system) AlarmManager expire 5 lines
10-07 11:26:02.067  3635  3682 I chatty  : uid=1000(system) ActivityManager expire 1 line
10-07 11:26:04.723  3635  4099 I chatty  : uid=1000(system) AlarmManager expire 11 lines
10-07 11:26:46.293  3635  3682 I chatty  : uid=1000(system) ActivityManager expire 2 lines
10-07 11:27:08.791  3635  4099 I chatty  : uid=1000(system) AlarmManager expire 11 lines
