10-07 13:42:41.768  4269  4269 V DreamService[DozeService]: wakeUp(): fromSystem=true, mWaking=false, mFinished=false
10-07 13:42:41.768  4269  4269 V DreamService[DozeService]: finish(): mFinished=false
10-07 13:42:41.786  4269  4269 V DreamService[DozeService]: detach(): Calling onDreamingStopped()
10-07 13:42:41.786  4269  4269 V DreamService[DozeService]: onDreamingStopped()
10-07 13:42:41.787  5400 28158 W ContextImpl: Calling a method in the system process without a qualified user: android.app.ContextImpl.startService:1374 android.content.ContextWrapper.startService:614 com.oneplus.security.network.calibrate.AutoSaveNativeTrafficUsageService.getAndSaveCurrentNativeTrafficTotalUsage:37 com.oneplus.security.network.calibrate.AutoCalibrateUtil.setLastCalibrateTime:253 com.oneplus.security.network.calibrate.AutoCalibrateUtil.setLastCalibrateTime:225
10-07 13:42:41.803  4269  4269 V DreamService[DozeService]: onDestroy()
10-07 13:42:41.819  3635 28236 I chatty  : uid=1000 system_server expire 1 line
10-07 13:42:41.846  5400 28158 I chatty  : uid=1000(system) com.oneplus.security expire 1 line
10-07 13:42:48.189  3635  4992 I chatty  : uid=1000(system) Binder:3635_9 expire 1 line
10-07 13:42:48.192  3635 10884 I chatty  : uid=1000(system) Binder:3635_18 expire 1 line
10-07 13:42:48.291  3635  5049 I chatty  : uid=1000(system) Binder:3635_E expire 2 lines
10-07 13:42:48.370  3635  3635 I chatty  : uid=1000 system_server expire 25 lines
10-07 13:42:48.390  3635  3676 I chatty  : uid=1000(system) Binder:3635_2 expire 1 line
10-07 13:42:48.390  3635  3683 I chatty  : uid=1000(system) android.ui expire 75 lines
10-07 13:42:48.652  3635 10893 I chatty  : uid=1000(system) Binder:3635_20 expire 1 line
10-07 13:42:48.752  3635  4995 I chatty  : uid=1000(system) Binder:3635_B expire 2 lines
10-07 13:42:48.754  3635 10882 I chatty  : uid=1000(system) Binder:3635_16 expire 1 line
10-07 13:42:48.794  3635 10892 I chatty  : uid=1000(system) Binder:3635_1F expire 2 lines
10-07 13:42:49.059  3635 10885 I chatty  : uid=1000(system) Binder:3635_19 expire 3 lines
10-07 13:42:50.427  3635  4103 I chatty  : uid=1000(system) InputDispatcher expire 2 lines
10-07 13:42:51.120  3635 10890 I chatty  : uid=1000(system) Binder:3635_1D expire 2 lines
10-07 13:42:51.245  3635  5058 I chatty  : uid=1000(system) Binder:3635_11 expire 1 line
10-07 13:42:51.275  3635 10891 I chatty  : uid=1000(system) Binder:3635_1E expire 1 line
10-07 13:42:55.672  3635  4099 I chatty  : uid=1000(system) AlarmManager expire 7 lines
10-07 13:42:56.146  3635  4104 I chatty  : uid=1000(system) InputReader expire 1 line
10-07 13:42:56.147  3635  3707 I chatty  : uid=1000(system) PowerManagerSer expire 16 lines
10-07 13:42:56.149  3635  4131 I chatty  : uid=1000(system) ColorBalanceThr expire 2 lines
10-07 13:42:56.512  3635  3704 I chatty  : uid=1000(system) android.display expire 2 lines
10-07 13:42:56.534  3158  3363 D QMI_FW  : chen-screen off: is_screen_off = 1
10-07 13:42:56.538  3381  3469 D QMI_FW  : chen-screen off: is_screen_off = 1
10-07 13:42:56.546  3635  5056 I chatty  : uid=1000(system) Binder:3635_F expire 2 lines
10-07 13:42:56.781  3635  3702 I chatty  : uid=1000(system) android.fg expire 1 line
10-07 13:42:56.793  4269  4269 V DreamService[DozeService]: onCreate()
10-07 13:42:56.807  4269  4269 V DreamService[DozeService]: onBind() intent = Intent { act=android.service.dreams.DreamService flg=0x800000 cmp=com.android.systemui/.doze.DozeService }
10-07 13:42:56.810  4269  4269 V DreamService[DozeService]: Calling onDreamingStarted()
10-07 13:42:56.810  4269  4269 V DreamService[DozeService]: onDreamingStarted()
10-07 13:42:57.029  3635  4210 I chatty  : uid=1000(system) Binder:3635_4 expire 2 lines
10-07 13:42:57.032  3635 10889 I chatty  : uid=1000(system) Binder:3635_1C expire 2 lines
10-07 13:42:57.105  5400  5413 I chatty  : uid=1000(system) Binder:5400_2 expire 1 line
10-07 13:43:09.678  3635 28336 I chatty  : uid=1000 system_server expire 2 lines
10-07 13:43:27.790  3635 28339 I chatty  : uid=1000 system_server expire 1 line
10-07 13:43:33.065  3635  4994 I chatty  : uid=1000(system) Binder:3635_A expire 2 lines
10-07 13:43:33.067  3635  5060 I chatty  : uid=1000(system) Binder:3635_13 expire 1 line
10-07 13:43:33.242  3635  4318 I chatty  : uid=1000(system) Binder:3635_5 expire 1 line
10-07 13:43:33.949  3635  5057 I chatty  : uid=1000(system) Binder:3635_10 expire 1 line
10-07 13:43:33.950  3635  5059 I chatty  : uid=1000(system) Binder:3635_12 expire 1 line
10-07 13:43:33.979  3635  5022 I chatty  : uid=1000(system) Binder:3635_C expire 2 lines
10-07 13:43:34.031  3635  3681 I chatty  : uid=1000(system) android.bg expire 1 line
10-07 13:43:34.062  3158  3363 D QMI_FW  : chen-screen on: is_screen_off = 0
10-07 13:43:34.067  3381  3469 D QMI_FW  : chen-screen on: is_screen_off = 0
10-07 13:43:34.102  3635  3683 I chatty  : uid=1000(system) android.ui expire 81 lines
10-07 13:43:34.160  3635  5022 I chatty  : uid=1000(system) Binder:3635_C expire 1 line
10-07 13:43:34.171  3635  3635 I chatty  : uid=1000 system_server expire 4 lines
10-07 13:43:34.216  3635  3704 I chatty  : uid=1000(system) android.display expire 1 line
10-07 13:43:34.225  3635  3707 I chatty  : uid=1000(system) PowerManagerSer expire 5 lines
10-07 13:43:34.228  3635 10884 I chatty  : uid=1000(system) Binder:3635_18 expire 1 line
10-07 13:43:34.233  3635 10890 I chatty  : uid=1000(system) Binder:3635_1D expire 1 line
10-07 13:43:34.238  4269  4269 V DreamService[DozeService]: wakeUp(): fromSystem=true, mWaking=false, mFinished=false
10-07 13:43:34.238  4269  4269 V DreamService[DozeService]: finish(): mFinished=false
10-07 13:43:34.239  3635 10891 I chatty  : uid=1000(system) Binder:3635_1E expire 1 line
10-07 13:43:34.239  3635  3702 I chatty  : uid=1000(system) android.fg expire 1 line
10-07 13:43:34.260  5400 28158 W ContextImpl: Calling a method in the system process without a qualified user: android.app.ContextImpl.startService:1374 android.content.ContextWrapper.startService:614 com.oneplus.security.network.calibrate.AutoSaveNativeTrafficUsageService.getAndSaveCurrentNativeTrafficTotalUsage:37 com.oneplus.security.network.calibrate.AutoCalibrateUtil.setLastCalibrateTime:253 com.oneplus.security.network.calibrate.AutoCalibrateUtil.setLastCalibrateTime:225
10-07 13:43:34.272  4269  4269 V DreamService[DozeService]: detach(): Calling onDreamingStopped()
10-07 13:43:34.272  4269  4269 V DreamService[DozeService]: onDreamingStopped()
10-07 13:43:34.276  4269  4269 V DreamService[DozeService]: onDestroy()
10-07 13:43:34.323  5400 28158 W ContextImpl: Calling a method in the system process without a qualified user: android.app.ContextImpl.startService:1374 android.content.ContextWrapper.startService:614 com.oneplus.security.network.calibrate.AutoSaveNativeTrafficUsageService.getAndSaveCurrentNativeTrafficTotalUsage:37 com.oneplus.security.network.calibrate.AutoCalibrateUtil.setLastCalibrateTime:253 com.oneplus.security.network.calibrate.AutoCalibrateUtil.setLastCalibrateTime:225
10-07 13:43:34.374  3635 28373 I chatty  : uid=1000 system_server expire 2 lines
10-07 13:43:35.209  3635  3675 I chatty  : uid=1000(system) Binder:3635_1 expire 1 line
10-07 13:43:35.303  3635  5057 I chatty  : uid=1000(system) Binder:3635_10 expire 1 line
10-07 13:43:35.304  3635  4210 I chatty  : uid=1000(system) Binder:3635_4 expire 1 line
10-07 13:43:35.322  3635  3676 I chatty  : uid=1000(system) Binder:3635_2 expire 1 line
10-07 13:43:36.338  3635  4099 I chatty  : uid=1000(system) AlarmManager expire 10 lines
10-07 13:43:40.501  3635 10883 I chatty  : uid=1000(system) Binder:3635_17 expire 1 line
10-07 13:43:41.323  3635 10887 I chatty  : uid=1000(system) Binder:3635_1A expire 1 line
10-07 13:43:48.944  3635  3681 I chatty  : uid=1000(system) android.bg expire 2 lines
10-07 13:44:33.056  3635  3689 I chatty  : uid=1000(system) batterystats-sy expire 2 lines
10-07 13:44:33.106  3635 28417 I chatty  : uid=1000 system_server expire 3 lines
10-07 13:44:33.125  3635  3689 I chatty  : uid=1000(system) batterystats-sy expire 1 line
10-07 13:44:34.141  3635  4099 I chatty  : uid=1000(system) AlarmManager expire 10 lines
10-07 13:45:05.892  3635  3707 I chatty  : uid=1000(system) PowerManagerSer expire 20 lines
10-07 13:45:08.184  3635  4104 I chatty  : uid=1000(system) InputReader expire 2 lines
10-07 13:45:08.185  3635  4131 I chatty  : uid=1000(system) ColorBalanceThr expire 3 lines
10-07 13:45:08.185  3635  3635 I chatty  : uid=1000 system_server expire 40 lines
10-07 13:45:08.652  3635  3683 I chatty  : uid=1000(system) android.ui expire 53 lines
10-07 13:45:08.663  3635  3704 I chatty  : uid=1000(system) android.display expire 4 lines
10-07 13:45:08.693  3158  3363 D QMI_FW  : chen-screen off: is_screen_off = 1
10-07 13:45:08.706  3381  3469 D QMI_FW  : chen-screen off: is_screen_off = 1
10-07 13:45:08.726  3635 10892 I chatty  : uid=1000(system) Binder:3635_1F expire 2 lines
10-07 13:45:08.938  3635  3702 I chatty  : uid=1000(system) android.fg expire 3 lines
10-07 13:45:08.954  4269  4269 V DreamService[DozeService]: onCreate()
10-07 13:45:08.969  4269  4269 V DreamService[DozeService]: onBind() intent = Intent { act=android.service.dreams.DreamService flg=0x800000 cmp=com.android.systemui/.doze.DozeService }
10-07 13:45:08.972  4269  4269 V DreamService[DozeService]: Calling onDreamingStarted()
10-07 13:45:08.972  4269  4269 V DreamService[DozeService]: onDreamingStarted()
10-07 13:45:09.012  3635 10888 I chatty  : uid=1000(system) Binder:3635_1B expire 1 line
10-07 13:45:09.030  3635 10882 I chatty  : uid=1000(system) Binder:3635_16 expire 3 lines
10-07 13:45:09.193  3635  4581 I chatty  : uid=1000(system) Binder:3635_6 expire 1 line
10-07 13:45:09.197  3635  5067 I chatty  : uid=1000(system) Binder:3635_15 expire 2 lines
10-07 13:45:15.366  3635 28460 I chatty  : uid=1000 system_server expire 1 line
10-07 13:45:16.790  3635  5060 I chatty  : uid=1000(system) Binder:3635_13 expire 3 lines
10-07 13:45:16.795  3635  3675 I chatty  : uid=1000(system) Binder:3635_1 expire 4 lines
10-07 13:45:16.901  3635  5061 I chatty  : uid=1000(system) Binder:3635_14 expire 1 line
10-07 13:45:16.984  3635 10884 I chatty  : uid=1000(system) Binder:3635_18 expire 3 lines
10-07 13:45:17.025  3635  5022 I chatty  : uid=1000(system) Binder:3635_C expire 2 lines
10-07 13:45:17.029  3635  3681 I chatty  : uid=1000(system) android.bg expire 1 line
10-07 13:45:17.051  3381  3469 D QMI_FW  : chen-screen on: is_screen_off = 0
10-07 13:45:17.053  3158  3363 D QMI_FW  : chen-screen on: is_screen_off = 0
10-07 13:45:17.071  3635  3707 I chatty  : uid=1000(system) PowerManagerSer expire 17 lines
10-07 13:45:17.122  3635  5057 I chatty  : uid=1000(system) Binder:3635_10 expire 1 line
10-07 13:45:17.129  3635  5056 I chatty  : uid=1000(system) Binder:3635_F expire 1 line
10-07 13:45:17.222  3635  4992 I chatty  : uid=1000(system) Binder:3635_9 expire 2 lines
10-07 13:45:17.355  3635  3676 I chatty  : uid=1000(system) Binder:3635_2 expire 3 lines
10-07 13:45:17.392  3635  5023 I chatty  : uid=1000(system) Binder:3635_D expire 1 line
10-07 13:45:17.413  5400 28494 W ContextImpl: Calling a method in the system process without a qualified user: android.app.ContextImpl.startService:1374 android.content.ContextWrapper.startService:614 com.oneplus.security.network.calibrate.AutoSaveNativeTrafficUsageService.getAndSaveCurrentNativeTrafficTotalUsage:37 com.oneplus.security.network.calibrate.AutoCalibrateUtil.setLastCalibrateTime:253 com.oneplus.security.network.calibrate.AutoCalibrateUtil.setLastCalibrateTime:225
10-07 13:45:17.451  4269  4269 V DreamService[DozeService]: wakeUp(): fromSystem=true, mWaking=false, mFinished=false
10-07 13:45:17.451  4269  4269 V DreamService[DozeService]: finish(): mFinished=false
10-07 13:45:17.451  3635  4318 I chatty  : uid=1000(system) Binder:3635_5 expire 1 line
10-07 13:45:17.486  4269  4269 V DreamService[DozeService]: detach(): Calling onDreamingStopped()
10-07 13:45:17.486  4269  4269 V DreamService[DozeService]: onDreamingStopped()
10-07 13:45:17.492  4269  4269 V DreamService[DozeService]: onDestroy()
10-07 13:45:17.619  5400 28494 W ContextImpl: Calling a method in the system process without a qualified user: android.app.ContextImpl.startService:1374 android.content.ContextWrapper.startService:614 com.oneplus.security.network.calibrate.AutoSaveNativeTrafficUsageService.getAndSaveCurrentNativeTrafficTotalUsage:37 com.oneplus.security.network.calibrate.AutoCalibrateUtil.setLastCalibrateTime:253 com.oneplus.security.network.calibrate.AutoCalibrateUtil.setLastCalibrateTime:225
10-07 13:45:21.541  3635 28515 I chatty  : uid=1000 system_server expire 5 lines
10-07 13:45:26.480  3635  4099 I chatty  : uid=1000(system) AlarmManager expire 3 lines
10-07 13:45:28.290  3635  4103 I chatty  : uid=1000(system) InputDispatcher expire 1 line
10-07 13:45:28.336  3635  3682 I chatty  : uid=1000(system) ActivityManager expire 2 lines
10-07 13:45:29.516  3158  3363 D QMI_FW  : chen-screen off: is_screen_off = 1
10-07 13:45:29.516  3381  3469 D QMI_FW  : chen-screen off: is_screen_off = 1
10-07 13:45:29.517  3635  4994 I chatty  : uid=1000(system) Binder:3635_A expire 1 line
10-07 13:45:29.731  3635  3707 I chatty  : uid=1000(system) PowerManagerSer expire 4 lines
10-07 13:45:29.752  4269  4269 V DreamService[DozeService]: onCreate()
10-07 13:45:29.783  4269  4269 V DreamService[DozeService]: onBind() intent = Intent { act=android.service.dreams.DreamService flg=0x800000 cmp=com.android.systemui/.doze.DozeService }
10-07 13:45:29.788  4269  4269 V DreamService[DozeService]: Calling onDreamingStarted()
10-07 13:45:29.788  4269  4269 V DreamService[DozeService]: onDreamingStarted()
10-07 13:45:29.806  3635  3635 I chatty  : uid=1000 system_server expire 31 lines
10-07 13:45:29.821  3635  5049 I chatty  : uid=1000(system) Binder:3635_E expire 1 line
10-07 13:45:30.046  3635  4210 I chatty  : uid=1000(system) Binder:3635_4 expire 1 line
10-07 13:45:30.076  3635  3683 I chatty  : uid=1000(system) android.ui expire 9 lines
10-07 13:45:31.418  3635 10891 I chatty  : uid=1000(system) Binder:3635_1E expire 2 lines
10-07 13:45:32.390  4895 25148 E ActivityThread: Failed to find provider info for com.google.android.wearable.settings
10-07 13:45:32.394  4895 25148 E ActivityThread: Failed to find provider info for com.google.android.wearable.settings
10-07 13:45:34.381  3635 28552 I chatty  : uid=1000 system_server expire 3 lines
10-07 13:45:34.790  3635 10893 I chatty  : uid=1000(system) Binder:3635_20 expire 1 line
10-07 13:45:35.455  3635  4964 I chatty  : uid=1000(system) Binder:3635_8 expire 2 lines
10-07 13:45:35.465  3635  3635 I chatty  : uid=1000 system_server expire 32 lines
10-07 13:45:35.844  3635  5022 I chatty  : uid=1000(system) Binder:3635_C expire 1 line
10-07 13:45:35.875  3635  3676 I chatty  : uid=1000(system) Binder:3635_2 expire 2 lines
10-07 13:45:36.134  3635 10884 I chatty  : uid=1000(system) Binder:3635_18 expire 1 line
10-07 13:45:36.332  3635  5061 I chatty  : uid=1000(system) Binder:3635_14 expire 3 lines
10-07 13:45:36.346  3635  5049 I chatty  : uid=1000(system) Binder:3635_E expire 2 lines
10-07 13:45:36.488  3635  4099 I chatty  : uid=1000(system) AlarmManager expire 28 lines
10-07 13:45:36.711  3635  4992 I chatty  : uid=1000(system) Binder:3635_9 expire 2 lines
10-07 13:45:38.560  3635 10887 I chatty  : uid=1000(system) Binder:3635_1A expire 2 lines
10-07 13:45:41.978  3635 28554 I chatty  : uid=1000 system_server expire 1 line
10-07 13:45:50.566  3635  4994 I chatty  : uid=1000(system) Binder:3635_A expire 1 line
10-07 13:45:51.393  3635  4104 I chatty  : uid=1000(system) InputReader expire 4 lines
10-07 13:45:51.394  3635  3707 I chatty  : uid=1000(system) PowerManagerSer expire 24 lines
10-07 13:45:51.394  3635  4131 I chatty  : uid=1000(system) ColorBalanceThr expire 4 lines
10-07 13:45:51.418  3635  3704 I chatty  : uid=1000(system) android.display expire 6 lines
10-07 13:45:51.437  3635 10888 I chatty  : uid=1000(system) Binder:3635_1B expire 2 lines
10-07 13:45:51.443  3635  3683 I chatty  : uid=1000(system) android.ui expire 17 lines
10-07 13:45:51.476  3158  3363 D QMI_FW  : chen-screen on: is_screen_off = 0
10-07 13:45:51.489  3381  3469 D QMI_FW  : chen-screen on: is_screen_off = 0
10-07 13:45:51.497  3635  3635 I chatty  : uid=1000 system_server expire 34 lines
10-07 13:45:51.536  3635 28572 I chatty  : uid=1000 system_server expire 1 line
10-07 13:45:51.540  3635 10885 I chatty  : uid=1000(system) Binder:3635_19 expire 1 line
10-07 13:45:51.548  4269  4269 V DreamService[DozeService]: wakeUp(): fromSystem=true, mWaking=false, mFinished=false
10-07 13:45:51.548  4269  4269 V DreamService[DozeService]: finish(): mFinished=false
10-07 13:45:51.548  3635 10883 I chatty  : uid=1000(system) Binder:3635_17 expire 1 line
10-07 13:45:51.549  3635  3702 I chatty  : uid=1000(system) android.fg expire 4 lines
10-07 13:45:51.557  3635  3681 I chatty  : uid=1000(system) android.bg expire 3 lines
10-07 13:45:51.561  4269  4269 V DreamService[DozeService]: detach(): Calling onDreamingStopped()
10-07 13:45:51.561  4269  4269 V DreamService[DozeService]: onDreamingStopped()
10-07 13:45:51.571  4269  4269 V DreamService[DozeService]: onDestroy()
10-07 13:45:51.598  5400 28494 W ContextImpl: Calling a method in the system process without a qualified user: android.app.ContextImpl.startService:1374 android.content.ContextWrapper.startService:614 com.oneplus.security.network.calibrate.AutoSaveNativeTrafficUsageService.getAndSaveCurrentNativeTrafficTotalUsage:37 com.oneplus.security.network.calibrate.AutoCalibrateUtil.setLastCalibrateTime:253 com.oneplus.security.network.calibrate.AutoCalibrateUtil.setLastCalibrateTime:225
10-07 13:45:51.666  5400 28494 W ContextImpl: Calling a method in the system process without a qualified user: android.app.ContextImpl.startService:1374 android.content.ContextWrapper.startService:614 com.oneplus.security.network.calibrate.AutoSaveNativeTrafficUsageService.getAndSaveCurrentNativeTrafficTotalUsage:37 com.oneplus.security.network.calibrate.AutoCalibrateUtil.setLastCalibrateTime:253 com.oneplus.security.network.calibrate.AutoCalibrateUtil.setLastCalibrateTime:225
10-07 13:45:52.617  3635 10890 I chatty  : uid=1000(system) Binder:3635_1D expire 1 line
10-07 13:45:52.624  3158  3363 D QMI_FW  : chen-screen off: is_screen_off = 1
10-07 13:45:52.625  3381  3469 D QMI_FW  : chen-screen off: is_screen_off = 1
10-07 13:45:52.881  4269  4269 V DreamService[DozeService]: onCreate()
10-07 13:45:52.894  4269  4269 V DreamService[DozeService]: onBind() intent = Intent { act=android.service.dreams.DreamService flg=0x800000 cmp=com.android.systemui/.doze.DozeService }
10-07 13:45:52.897  4269  4269 V DreamService[DozeService]: Calling onDreamingStarted()
10-07 13:45:52.897  4269  4269 V DreamService[DozeService]: onDreamingStarted()
10-07 13:45:53.549  3635 10893 I chatty  : uid=1000(system) Binder:3635_20 expire 4 lines
10-07 13:45:54.800  3635  5057 I chatty  : uid=1000(system) Binder:3635_10 expire 1 line
10-07 13:45:54.998  3635  5059 I chatty  : uid=1000(system) Binder:3635_12 expire 1 line
10-07 13:45:57.697  3635 28577 I chatty  : uid=1000 system_server expire 2 lines
10-07 13:46:03.838  3381  3469 D QMI_FW  : chen-screen on: is_screen_off = 0
10-07 13:46:03.838  3158  3363 D QMI_FW  : chen-screen on: is_screen_off = 0
10-07 13:46:03.865  3635  3683 I chatty  : uid=1000(system) android.ui expire 8 lines
10-07 13:46:03.998  3635  3707 I chatty  : uid=1000(system) PowerManagerSer expire 14 lines
10-07 13:46:04.000  3635  3635 I chatty  : uid=1000 system_server expire 25 lines
10-07 13:46:04.012  4269  4269 V DreamService[DozeService]: wakeUp(): fromSystem=true, mWaking=false, mFinished=false
10-07 13:46:04.012  4269  4269 V DreamService[DozeService]: finish(): mFinished=false
10-07 13:46:04.021  4269  4269 V DreamService[DozeService]: detach(): Calling onDreamingStopped()
10-07 13:46:04.021  4269  4269 V DreamService[DozeService]: onDreamingStopped()
10-07 13:46:04.026  4269  4269 V DreamService[DozeService]: onDestroy()
10-07 13:46:04.074  5400 28494 W ContextImpl: Calling a method in the system process without a qualified user: android.app.ContextImpl.startService:1374 android.content.ContextWrapper.startService:614 com.oneplus.security.network.calibrate.AutoSaveNativeTrafficUsageService.getAndSaveCurrentNativeTrafficTotalUsage:37 com.oneplus.security.network.calibrate.AutoCalibrateUtil.setLastCalibrateTime:253 com.oneplus.security.network.calibrate.AutoCalibrateUtil.setLastCalibrateTime:225
10-07 13:46:04.130  5400 28494 W ContextImpl: Calling a method in the system process without a qualified user: android.app.ContextImpl.startService:1374 android.content.ContextWrapper.startService:614 com.oneplus.security.network.calibrate.AutoSaveNativeTrafficUsageService.getAndSaveCurrentNativeTrafficTotalUsage:37 com.oneplus.security.network.calibrate.AutoCalibrateUtil.setLastCalibrateTime:253 com.oneplus.security.network.calibrate.AutoCalibrateUtil.setLastCalibrateTime:225
10-07 13:46:04.822  3158  3363 D QMI_FW  : chen-screen off: is_screen_off = 1
10-07 13:46:04.823  3381  3469 D QMI_FW  : chen-screen off: is_screen_off = 1
10-07 13:46:05.081  4269  4269 V DreamService[DozeService]: onCreate()
10-07 13:46:05.108  4269  4269 V DreamService[DozeService]: onBind() intent = Intent { act=android.service.dreams.DreamService flg=0x800000 cmp=com.android.systemui/.doze.DozeService }
10-07 13:46:05.113  4269  4269 V DreamService[DozeService]: Calling onDreamingStarted()
10-07 13:46:05.113  4269  4269 V DreamService[DozeService]: onDreamingStarted()
10-07 13:46:05.215  3635  3675 I chatty  : uid=1000(system) Binder:3635_1 expire 1 line
10-07 13:46:05.867  3635  4144 I chatty  : uid=1000(system) Binder:3635_3 expire 1 line
10-07 13:46:07.478  3635 28624 I chatty  : uid=1000 system_server expire 1 line
10-07 13:46:15.988  4895 25148 E ActivityThread: Failed to find provider info for com.google.android.wearable.settings
10-07 13:46:15.989  4895 25148 E ActivityThread: Failed to find provider info for com.google.android.wearable.settings
10-07 13:46:22.562  3635 28653 I chatty  : uid=1000 system_server expire 1 line
10-07 13:46:33.912  3635  3682 I chatty  : uid=1000(system) ActivityManager expire 4 lines
10-07 13:46:39.834  3635 28661 I chatty  : uid=1000 system_server expire 1 line
10-07 13:46:56.687  3635 28663 I chatty  : uid=1000 system_server expire 1 line
10-07 13:47:03.858  3635 28665 I chatty  : uid=1000 system_server expire 1 line
10-07 13:47:13.175  3635 28667 I chatty  : uid=1000 system_server expire 1 line
10-07 13:47:23.963  3635 28668 I chatty  : uid=1000 system_server expire 1 line
10-07 13:47:32.559  3635 28670 I chatty  : uid=1000 system_server expire 1 line
10-07 13:47:40.063  3635 28676 I chatty  : uid=1000 system_server expire 1 line
10-07 13:47:51.917  3635 28678 I chatty  : uid=1000 system_server expire 1 line
10-07 13:48:04.152  3635 28680 I chatty  : uid=1000 system_server expire 1 line
10-07 13:48:10.235  3635 28682 I chatty  : uid=1000 system_server expire 1 line
10-07 13:48:16.831  3635  4099 I chatty  : uid=1000(system) AlarmManager expire 53 lines
10-07 13:48:24.235  3635 28685 I chatty  : uid=1000 system_server expire 1 line
10-07 13:48:32.585  3635 28687 I chatty  : uid=1000 system_server expire 1 line
10-07 13:48:40.096  3635 28694 I chatty  : uid=1000 system_server expire 1 line
10-07 13:48:53.764  3635 28696 I chatty  : uid=1000 system_server expire 1 line
10-07 13:49:03.781  3635 28698 I chatty  : uid=1000 system_server expire 1 line
10-07 13:49:13.743  3635 28700 I chatty  : uid=1000 system_server expire 1 line
10-07 13:49:25.005  3635 28701 I chatty  : uid=1000 system_server expire 1 line
10-07 13:49:33.919  3635 28703 I chatty  : uid=1000 system_server expire 1 line
10-07 13:49:40.842  3635 28709 I chatty  : uid=1000 system_server expire 1 line
10-07 13:49:41.325  3635  3682 I chatty  : uid=1000(system) ActivityManager expire 8 lines
10-07 13:49:46.790  3635 28712 I chatty  : uid=1000 system_server expire 1 line
10-07 13:49:51.825  3635  3681 I chatty  : uid=1000(system) android.bg expire 12 lines
10-07 13:49:52.260  3635 28714 I chatty  : uid=1000 system_server expire 1 line
10-07 13:50:02.381  3635 28716 I chatty  : uid=1000 system_server expire 1 line
10-07 13:50:14.345  3635 28718 I chatty  : uid=1000 system_server expire 1 line
10-07 13:50:21.119  3635 28719 I chatty  : uid=1000 system_server expire 1 line
10-07 13:50:33.676  3635 28721 I chatty  : uid=1000 system_server expire 1 line
10-07 13:50:40.541  3635 28727 I chatty  : uid=1000 system_server expire 1 line
10-07 13:50:52.464  3635 28731 I chatty  : uid=1000 system_server expire 1 line
10-07 13:51:03.937  3635 28733 I chatty  : uid=1000 system_server expire 1 line
10-07 13:51:12.416  3635  3635 I chatty  : uid=1000 system_server expire 12 lines
10-07 13:51:13.356  3635 28735 I chatty  : uid=1000 system_server expire 1 line
10-07 13:51:23.926  3635 28738 I chatty  : uid=1000 system_server expire 1 line
10-07 13:51:32.862  3635 28740 I chatty  : uid=1000 system_server expire 1 line
10-07 13:51:41.866  3635 28745 I chatty  : uid=1000 system_server expire 1 line
10-07 13:51:54.198  3635 28747 I chatty  : uid=1000 system_server expire 1 line
10-07 13:52:04.564  3635 28749 I chatty  : uid=1000 system_server expire 1 line
10-07 13:52:14.393  3635 28751 I chatty  : uid=1000 system_server expire 1 line
10-07 13:52:21.745  3635 28752 I chatty  : uid=1000 system_server expire 1 line
10-07 13:52:42.840  3635 28777 I chatty  : uid=1000 system_server expire 1 line
10-07 13:52:53.545  3635 28779 I chatty  : uid=1000 system_server expire 1 line
10-07 13:53:01.578  3635  3675 I chatty  : uid=1000(system) Binder:3635_1 expire 2 lines
10-07 13:53:02.263  3635  5023 I chatty  : uid=1000(system) Binder:3635_D expire 4 lines
10-07 13:53:02.267  3635  4964 I chatty  : uid=1000(system) Binder:3635_8 expire 2 lines
10-07 13:53:02.373  3635  4641 I chatty  : uid=1000(system) Binder:3635_7 expire 1 line
10-07 13:53:02.473  3635  3683 I chatty  : uid=1000(system) android.ui expire 39 lines
10-07 13:53:02.474  3635  5057 I chatty  : uid=1000(system) Binder:3635_10 expire 1 line
10-07 13:53:02.476  3635  3707 I chatty  : uid=1000(system) PowerManagerSer expire 25 lines
10-07 13:53:02.476  3635  4131 I chatty  : uid=1000(system) ColorBalanceThr expire 3 lines
10-07 13:53:02.499  3635  3704 I chatty  : uid=1000(system) android.display expire 4 lines
10-07 13:53:02.527  3635  5061 I chatty  : uid=1000(system) Binder:3635_14 expire 2 lines
10-07 13:53:02.542  3635 10893 I chatty  : uid=1000(system) Binder:3635_20 expire 1 line
10-07 13:53:02.577  3158  3363 D QMI_FW  : chen-screen on: is_screen_off = 0
10-07 13:53:02.582  3381  3469 D QMI_FW  : chen-screen on: is_screen_off = 0
10-07 13:53:02.646  3635 10891 I chatty  : uid=1000(system) Binder:3635_1E expire 1 line
10-07 13:53:02.668  3635 10882 I chatty  : uid=1000(system) Binder:3635_16 expire 2 lines
10-07 13:53:02.700  3635  3635 I chatty  : uid=1000 system_server expire 23 lines
10-07 13:53:02.728  3635 28805 I chatty  : uid=1000 system_server expire 1 line
10-07 13:53:02.875  5400 28819 W ContextImpl: Calling a method in the system process without a qualified user: android.app.ContextImpl.startService:1374 android.content.ContextWrapper.startService:614 com.oneplus.security.network.calibrate.AutoSaveNativeTrafficUsageService.getAndSaveCurrentNativeTrafficTotalUsage:37 com.oneplus.security.network.calibrate.AutoCalibrateUtil.setLastCalibrateTime:253 com.oneplus.security.network.calibrate.AutoCalibrateUtil.setLastCalibrateTime:225
10-07 13:53:02.920  5400 28819 W ContextImpl: Calling a method in the system process without a qualified user: android.app.ContextImpl.startService:1374 android.content.ContextWrapper.startService:614 com.oneplus.security.network.calibrate.AutoSaveNativeTrafficUsageService.getAndSaveCurrentNativeTrafficTotalUsage:37 com.oneplus.security.network.calibrate.AutoCalibrateUtil.setLastCalibrateTime:253 com.oneplus.security.network.calibrate.AutoCalibrateUtil.setLastCalibrateTime:225
10-07 13:53:02.969  3635  3681 I chatty  : uid=1000(system) android.bg expire 4 lines
10-07 13:53:03.033  4269  4269 V DreamService[DozeService]: wakeUp(): fromSystem=true, mWaking=false, mFinished=false
10-07 13:53:03.033  4269  4269 V DreamService[DozeService]: finish(): mFinished=false
10-07 13:53:03.033  3635  5022 I chatty  : uid=1000(system) Binder:3635_C expire 1 line
10-07 13:53:03.033  3635  3702 I chatty  : uid=1000(system) android.fg expire 2 lines
10-07 13:53:03.065  4269  4269 V DreamService[DozeService]: detach(): Calling onDreamingStopped()
10-07 13:53:03.065  4269  4269 V DreamService[DozeService]: onDreamingStopped()
10-07 13:53:03.069  4269  4269 V DreamService[DozeService]: onDestroy()
10-07 13:53:03.878  3635 10887 I chatty  : uid=1000(system) Binder:3635_1A expire 1 line
10-07 13:53:03.899  3635  5060 I chatty  : uid=1000(system) Binder:3635_13 expire 1 line
10-07 13:53:04.013  3635  4104 I chatty  : uid=1000(system) InputReader expire 2 lines
10-07 13:53:04.408  3158  3363 D QMI_FW  : chen-screen off: is_screen_off = 1
10-07 13:53:04.411  3381  3469 D QMI_FW  : chen-screen off: is_screen_off = 1
10-07 13:53:04.415  3635 10883 I chatty  : uid=1000(system) Binder:3635_17 expire 1 line
10-07 13:53:04.683  4269  4269 V DreamService[DozeService]: onCreate()
10-07 13:53:04.714  4269  4269 V DreamService[DozeService]: onBind() intent = Intent { act=android.service.dreams.DreamService flg=0x800000 cmp=com.android.systemui/.doze.DozeService }
10-07 13:53:04.718  4269  4269 V DreamService[DozeService]: Calling onDreamingStarted()
10-07 13:53:04.718  4269  4269 V DreamService[DozeService]: onDreamingStarted()
10-07 13:53:04.746  3635  3676 I chatty  : uid=1000(system) Binder:3635_2 expire 1 line
10-07 13:53:04.768  3635 10892 I chatty  : uid=1000(system) Binder:3635_1F expire 1 line
10-07 13:53:05.036  3635 10890 I chatty  : uid=1000(system) Binder:3635_1D expire 1 line
10-07 13:53:05.037  3635  4318 I chatty  : uid=1000(system) Binder:3635_5 expire 1 line
10-07 13:53:07.314  4895 25148 E ActivityThread: Failed to find provider info for com.google.android.wearable.settings
10-07 13:53:07.316  4895 25148 E ActivityThread: Failed to find provider info for com.google.android.wearable.settings
10-07 13:53:07.568  3635  4099 I chatty  : uid=1000(system) AlarmManager expire 3 lines
10-07 13:53:08.409  3635  4964 I chatty  : uid=1000(system) Binder:3635_8 expire 3 lines
10-07 13:53:08.435  3635  3707 I chatty  : uid=1000(system) PowerManagerSer expire 39 lines
10-07 13:53:08.435  3635  3683 I chatty  : uid=1000(system) android.ui expire 23 lines
10-07 13:53:08.442  3381  3469 D QMI_FW  : chen-screen on: is_screen_off = 0
10-07 13:53:08.443  3158  3363 D QMI_FW  : chen-screen on: is_screen_off = 0
10-07 13:53:08.448  3635  5023 I chatty  : uid=1000(system) Binder:3635_D expire 1 line
10-07 13:53:08.457  3635  3635 I chatty  : uid=1000 system_server expire 36 lines
10-07 13:53:08.502  3635  3704 I chatty  : uid=1000(system) android.display expire 8 lines
10-07 13:53:08.519  3635  3675 I chatty  : uid=1000(system) Binder:3635_1 expire 2 lines
10-07 13:53:08.523  4269  4269 V DreamService[DozeService]: wakeUp(): fromSystem=true, mWaking=false, mFinished=false
10-07 13:53:08.524  4269  4269 V DreamService[DozeService]: finish(): mFinished=false
10-07 13:53:08.524  3635 10889 I chatty  : uid=1000(system) Binder:3635_1C expire 1 line
10-07 13:53:08.524  3635  3702 I chatty  : uid=1000(system) android.fg expire 6 lines
10-07 13:53:08.536  4269  4269 V DreamService[DozeService]: detach(): Calling onDreamingStopped()
10-07 13:53:08.536  4269  4269 V DreamService[DozeService]: onDreamingStopped()
10-07 13:53:08.541  5400 28819 W ContextImpl: Calling a method in the system process without a qualified user: android.app.ContextImpl.startService:1374 android.content.ContextWrapper.startService:614 com.oneplus.security.network.calibrate.AutoSaveNativeTrafficUsageService.getAndSaveCurrentNativeTrafficTotalUsage:37 com.oneplus.security.network.calibrate.AutoCalibrateUtil.setLastCalibrateTime:253 com.oneplus.security.network.calibrate.AutoCalibrateUtil.setLastCalibrateTime:225
10-07 13:53:08.549  4269  4269 V DreamService[DozeService]: onDestroy()
10-07 13:53:08.598  5400 28819 W ContextImpl: Calling a method in the system process without a qualified user: android.app.ContextImpl.startService:1374 android.content.ContextWrapper.startService:614 com.oneplus.security.network.calibrate.AutoSaveNativeTrafficUsageService.getAndSaveCurrentNativeTrafficTotalUsage:37 com.oneplus.security.network.calibrate.AutoCalibrateUtil.setLastCalibrateTime:253 com.oneplus.security.network.calibrate.AutoCalibrateUtil.setLastCalibrateTime:225
10-07 13:53:09.368  3635 28901 I chatty  : uid=1000 system_server expire 2 lines
10-07 13:53:09.402  3635  4104 I chatty  : uid=1000(system) InputReader expire 5 lines
10-07 13:53:09.404  3635  4131 I chatty  : uid=1000(system) ColorBalanceThr expire 5 lines
10-07 13:53:09.718  3635  3676 I chatty  : uid=1000(system) Binder:3635_2 expire 2 lines
10-07 13:53:09.725  3158  3363 D QMI_FW  : chen-screen off: is_screen_off = 1
10-07 13:53:09.725  3381  3469 D QMI_FW  : chen-screen off: is_screen_off = 1
10-07 13:53:09.996  4269  4269 V DreamService[DozeService]: onCreate()
10-07 13:53:10.022  4269  4269 V DreamService[DozeService]: onBind() intent = Intent { act=android.service.dreams.DreamService flg=0x800000 cmp=com.android.systemui/.doze.DozeService }
10-07 13:53:10.025  4269  4269 V DreamService[DozeService]: Calling onDreamingStarted()
10-07 13:53:10.025  4269  4269 V DreamService[DozeService]: onDreamingStarted()
10-07 13:53:14.790  3635 28902 I chatty  : uid=1000 system_server expire 1 line
10-07 13:53:16.563  3635  3681 I chatty  : uid=1000(system) android.bg expire 2 lines
10-07 13:53:16.577  3635  4995 I chatty  : uid=1000(system) Binder:3635_B expire 1 line
10-07 13:53:16.582  3381  3469 D QMI_FW  : chen-screen on: is_screen_off = 0
10-07 13:53:16.587  3158  3363 D QMI_FW  : chen-screen on: is_screen_off = 0
10-07 13:53:16.663  3635 10882 I chatty  : uid=1000(system) Binder:3635_16 expire 3 lines
10-07 13:53:16.668  4269  4269 V DreamService[DozeService]: wakeUp(): fromSystem=true, mWaking=false, mFinished=false
10-07 13:53:16.668  4269  4269 V DreamService[DozeService]: finish(): mFinished=false
10-07 13:53:16.668  3635 10890 I chatty  : uid=1000(system) Binder:3635_1D expire 1 line
10-07 13:53:16.676  4269  4269 V DreamService[DozeService]: detach(): Calling onDreamingStopped()
10-07 13:53:16.676  4269  4269 V DreamService[DozeService]: onDreamingStopped()
10-07 13:53:16.685  4269  4269 V DreamService[DozeService]: onDestroy()
10-07 13:53:16.710  5400 28819 W ContextImpl: Calling a method in the system process without a qualified user: android.app.ContextImpl.startService:1374 android.content.ContextWrapper.startService:614 com.oneplus.security.network.calibrate.AutoSaveNativeTrafficUsageService.getAndSaveCurrentNativeTrafficTotalUsage:37 com.oneplus.security.network.calibrate.AutoCalibrateUtil.setLastCalibrateTime:253 com.oneplus.security.network.calibrate.AutoCalibrateUtil.setLastCalibrateTime:225
10-07 13:53:16.798  5400 28819 W ContextImpl: Calling a method in the system process without a qualified user: android.app.ContextImpl.startService:1374 android.content.ContextWrapper.startService:614 com.oneplus.security.network.calibrate.AutoSaveNativeTrafficUsageService.getAndSaveCurrentNativeTrafficTotalUsage:37 com.oneplus.security.network.calibrate.AutoCalibrateUtil.setLastCalibrateTime:253 com.oneplus.security.network.calibrate.AutoCalibrateUtil.setLastCalibrateTime:225
10-07 13:53:17.754  3381  3469 D QMI_FW  : chen-screen off: is_screen_off = 1
10-07 13:53:17.754  3158  3363 D QMI_FW  : chen-screen off: is_screen_off = 1
10-07 13:53:17.997  4269  4269 V DreamService[DozeService]: onCreate()
10-07 13:53:18.014  4269  4269 V DreamService[DozeService]: onBind() intent = Intent { act=android.service.dreams.DreamService flg=0x800000 cmp=com.android.systemui/.doze.DozeService }
10-07 13:53:18.017  4269  4269 V DreamService[DozeService]: Calling onDreamingStarted()
10-07 13:53:18.018  4269  4269 V DreamService[DozeService]: onDreamingStarted()
10-07 13:53:20.416  3635  4210 I chatty  : uid=1000(system) Binder:3635_4 expire 2 lines
10-07 13:53:20.431  3158  3363 D QMI_FW  : chen-screen on: is_screen_off = 0
10-07 13:53:20.433  3635  3683 I chatty  : uid=1000(system) android.ui expire 10 lines
10-07 13:53:20.433  3381  3469 D QMI_FW  : chen-screen on: is_screen_off = 0
10-07 13:53:20.478  3635  3707 I chatty  : uid=1000(system) PowerManagerSer expire 14 lines
10-07 13:53:20.485  3635  3635 I chatty  : uid=1000 system_server expire 25 lines
10-07 13:53:20.490  4269  4269 V DreamService[DozeService]: wakeUp(): fromSystem=true, mWaking=false, mFinished=false
10-07 13:53:20.490  4269  4269 V DreamService[DozeService]: finish(): mFinished=false
10-07 13:53:20.492  3635 10892 I chatty  : uid=1000(system) Binder:3635_1F expire 2 lines
10-07 13:53:20.503  4269  4269 V DreamService[DozeService]: detach(): Calling onDreamingStopped()
10-07 13:53:20.503  4269  4269 V DreamService[DozeService]: onDreamingStopped()
10-07 13:53:20.512  4269  4269 V DreamService[DozeService]: onDestroy()
10-07 13:53:20.587  5400 28819 W ContextImpl: Calling a method in the system process without a qualified user: android.app.ContextImpl.startService:1374 android.content.ContextWrapper.startService:614 com.oneplus.security.network.calibrate.AutoSaveNativeTrafficUsageService.getAndSaveCurrentNativeTrafficTotalUsage:37 com.oneplus.security.network.calibrate.AutoCalibrateUtil.setLastCalibrateTime:253 com.oneplus.security.network.calibrate.AutoCalibrateUtil.setLastCalibrateTime:225
10-07 13:53:20.645  5400 28819 W ContextImpl: Calling a method in the system process without a qualified user: android.app.ContextImpl.startService:1374 android.content.ContextWrapper.startService:614 com.oneplus.security.network.calibrate.AutoSaveNativeTrafficUsageService.getAndSaveCurrentNativeTrafficTotalUsage:37 com.oneplus.security.network.calibrate.AutoCalibrateUtil.setLastCalibrateTime:253 com.oneplus.security.network.calibrate.AutoCalibrateUtil.setLastCalibrateTime:225
10-07 13:53:21.588  3635 28936 I chatty  : uid=1000 system_server expire 3 lines
10-07 13:53:21.697  3158  3363 D QMI_FW  : chen-screen off: is_screen_off = 1
10-07 13:53:21.699  3381  3469 D QMI_FW  : chen-screen off: is_screen_off = 1
10-07 13:53:21.901  3635  5057 I chatty  : uid=1000(system) Binder:3635_10 expire 1 line
10-07 13:53:21.944  4269  4269 V DreamService[DozeService]: onCreate()
10-07 13:53:21.957  4269  4269 V DreamService[DozeService]: onBind() intent = Intent { act=android.service.dreams.DreamService flg=0x800000 cmp=com.android.systemui/.doze.DozeService }
10-07 13:53:21.961  4269  4269 V DreamService[DozeService]: Calling onDreamingStarted()
10-07 13:53:21.961  4269  4269 V DreamService[DozeService]: onDreamingStarted()
10-07 13:53:22.432  3635  4581 I chatty  : uid=1000(system) Binder:3635_6 expire 1 line
10-07 13:53:26.766  3635 28938 I chatty  : uid=1000 system_server expire 1 line
10-07 13:53:32.668  3635  4118 I chatty  : uid=1000(system) ConnectivitySer expire 30 lines
10-07 13:53:32.676  3635 28972 I chatty  : uid=1000 system_server expire 1 line
10-07 13:53:32.872  4895 13447 E ActivityThread: Failed to find provider info for com.google.android.wearable.settings
10-07 13:53:32.878  4895 13447 E ActivityThread: Failed to find provider info for com.google.android.wearable.settings
10-07 13:53:33.721  5400  5523 W ContextImpl: Calling a method in the system process without a qualified user: android.app.ContextImpl.startService:1374 android.content.ContextWrapper.startService:614 com.oneplus.security.firewall.NetworkRestrictService.applyRules:154 com.oneplus.security.receiver.NetworkStateUtils.onReceiveNetWorkStateChanged:127 com.oneplus.security.SecureService$AsynHandler.handleMessage:64
10-07 13:53:34.646  3635  4114 I chatty  : uid=1000(system) WifiStateMachin expire 2 lines
10-07 13:53:34.659  3635  4115 I chatty  : uid=1000(system) IpManager.wlan0 expire 5 lines
10-07 13:53:35.516  3635  4318 I chatty  : uid=1000(system) Binder:3635_5 expire 1 line
10-07 13:53:35.763  3635  4144 I chatty  : uid=1000(system) Binder:3635_3 expire 1 line
10-07 13:53:35.848  3635  4118 I chatty  : uid=1000(system) ConnectivitySer expire 2 lines
10-07 13:53:36.055  5400  5523 W ContextImpl: Calling a method in the system process without a qualified user: android.app.ContextImpl.startService:1374 android.content.ContextWrapper.startService:614 com.oneplus.security.firewall.NetworkRestrictService.applyRules:154 com.oneplus.security.receiver.NetworkStateUtils.onReceiveNetWorkStateChanged:127 com.oneplus.security.SecureService$AsynHandler.handleMessage:64
10-07 13:53:36.787  3635  4099 I chatty  : uid=1000(system) AlarmManager expire 14 lines
10-07 13:53:37.788  3635 29084 I chatty  : uid=1000 system_server expire 1 line
10-07 13:53:59.899  3635 29115 I chatty  : uid=1000 system_server expire 1 line
10-07 13:54:21.283  3635  3689 I chatty  : uid=1000(system) batterystats-sy expire 28 lines
10-07 13:54:41.593  4895 27871 E ActivityThread: Failed to find provider info for com.google.android.wearable.settings
10-07 13:54:41.597  4895 27871 E ActivityThread: Failed to find provider info for com.google.android.wearable.settings
10-07 13:54:41.973  3635  4099 I chatty  : uid=1000(system) AlarmManager expire 14 lines
10-07 13:55:03.610  3635 29124 I chatty  : uid=1000 system_server expire 1 line
10-07 13:55:23.273  4895 27871 E ActivityThread: Failed to find provider info for com.google.android.wearable.settings
10-07 13:55:23.277  4895 27871 E ActivityThread: Failed to find provider info for com.google.android.wearable.settings
10-07 13:55:35.691  3635 29126 I chatty  : uid=1000 system_server expire 1 line
10-07 13:55:57.796  4895 27871 E ActivityThread: Failed to find provider info for com.google.android.wearable.settings
10-07 13:55:57.800  4895 27871 E ActivityThread: Failed to find provider info for com.google.android.wearable.settings
10-07 13:56:06.032  3635  4099 I chatty  : uid=1000(system) AlarmManager expire 97 lines
10-07 13:56:06.755  4895 27871 E ActivityThread: Failed to find provider info for com.google.android.wearable.settings
10-07 13:56:06.759  4895 27871 E ActivityThread: Failed to find provider info for com.google.android.wearable.settings
10-07 13:56:07.658  3635 29132 I chatty  : uid=1000 system_server expire 1 line
10-07 13:56:41.418  3635  3681 I chatty  : uid=1000(system) android.bg expire 23 lines
10-07 13:56:51.632  3635 29143 I chatty  : uid=1000 system_server expire 1 line
10-07 13:57:01.077  3635 29162 I chatty  : uid=1000 system_server expire 3 lines
10-07 13:57:22.771  3635 29167 I chatty  : uid=1000 system_server expire 1 line
10-07 13:57:44.699  3635 29174 I chatty  : uid=1000 system_server expire 1 line
10-07 13:58:39.100  3635 29176 I chatty  : uid=1000 system_server expire 1 line
10-07 13:59:44.214  3635 29185 I chatty  : uid=1000 system_server expire 1 line
10-07 14:00:43.310  3635 29190 I chatty  : uid=1000 system_server expire 1 line
10-07 14:00:49.095  3635  4995 I chatty  : uid=1000(system) Binder:3635_B expire 1 line
10-07 14:00:49.509  3635 29213 I chatty  : uid=1000 system_server expire 1 line
10-07 14:01:38.820  3635 29218 I chatty  : uid=1000 system_server expire 1 line
10-07 14:02:21.949  3635 29224 I chatty  : uid=1000 system_server expire 1 line
10-07 14:02:27.972  3635  4318 I chatty  : uid=1000(system) Binder:3635_5 expire 1 line
10-07 14:03:27.157  3635 29228 I chatty  : uid=1000 system_server expire 1 line
10-07 14:04:09.885  3635 29232 I chatty  : uid=1000 system_server expire 1 line
10-07 14:04:54.961  3635  4099 I chatty  : uid=1000(system) AlarmManager expire 38 lines
10-07 14:05:04.465  3635 29237 I chatty  : uid=1000 system_server expire 1 line
10-07 14:05:14.993  3635  3689 I chatty  : uid=1000(system) batterystats-sy expire 10 lines
10-07 14:05:37.626  3635  3682 I chatty  : uid=1000(system) ActivityManager expire 12 lines
10-07 14:05:38.781  3635  5049 I chatty  : uid=1000(system) Binder:3635_E expire 1 line
10-07 14:05:45.484  3635 29243 I chatty  : uid=1000 system_server expire 1 line
10-07 14:06:40.254  3635 29250 I chatty  : uid=1000 system_server expire 1 line
10-07 14:07:02.176  3635  3681 I chatty  : uid=1000(system) android.bg expire 16 lines
10-07 14:07:23.646  3635  4964 I chatty  : uid=1000(system) Binder:3635_8 expire 1 line
10-07 14:08:17.495  3635 29255 I chatty  : uid=1000 system_server expire 1 line
10-07 14:08:35.238  3635 10882 I chatty  : uid=1000(system) Binder:3635_16 expire 4 lines
10-07 14:08:35.277  4895 27871 E ActivityThread: Failed to find provider info for com.google.android.wearable.settings
10-07 14:08:35.284  4895 27871 E ActivityThread: Failed to find provider info for com.google.android.wearable.settings
10-07 14:08:35.645  3635 10890 I chatty  : uid=1000(system) Binder:3635_1D expire 1 line
10-07 14:08:35.658  3635  4992 I chatty  : uid=1000(system) Binder:3635_9 expire 1 line
10-07 14:08:35.692  3635  5059 I chatty  : uid=1000(system) Binder:3635_12 expire 1 line
10-07 14:08:36.109  3635  4144 I chatty  : uid=1000(system) Binder:3635_3 expire 1 line
10-07 14:08:36.227  4895 13447 E ActivityThread: Failed to find provider info for com.google.android.wearable.settings
10-07 14:08:36.230  4895 13447 E ActivityThread: Failed to find provider info for com.google.android.wearable.settings
10-07 14:08:38.414  3635  4099 I chatty  : uid=1000(system) AlarmManager expire 61 lines
10-07 14:08:39.445  3635 29342 I chatty  : uid=1000 system_server expire 2 lines
10-07 14:08:42.229  3635  3635 I chatty  : uid=1000 system_server expire 5 lines
10-07 14:08:43.707  3635  4995 I chatty  : uid=1000(system) Binder:3635_B expire 2 lines
10-07 14:08:45.465  3635 29351 I chatty  : uid=1000 system_server expire 1 line
10-07 14:08:49.441  4895 13447 E ActivityThread: Failed to find provider info for com.google.android.wearable.settings
10-07 14:08:49.447  4895 13447 E ActivityThread: Failed to find provider info for com.google.android.wearable.settings
10-07 14:08:53.614  3635 29384 I chatty  : uid=1000 system_server expire 1 line
10-07 14:09:04.017  3635 29389 I chatty  : uid=1000 system_server expire 1 line
10-07 14:09:22.188  3635  3689 I chatty  : uid=1000(system) batterystats-sy expire 24 lines
10-07 14:10:06.356  3635 29394 I chatty  : uid=1000 system_server expire 1 line
10-07 14:10:37.770  3635 29401 I chatty  : uid=1000 system_server expire 2 lines
10-07 14:11:07.503  3635  3681 I chatty  : uid=1000(system) android.bg expire 8 lines
10-07 14:11:07.857  3635 29408 I chatty  : uid=1000 system_server expire 1 line
10-07 14:11:42.633  3635 29410 I chatty  : uid=1000 system_server expire 1 line
10-07 14:12:24.677  3635 29418 I chatty  : uid=1000 system_server expire 1 line
10-07 14:13:51.149  3635 29424 I chatty  : uid=1000 system_server expire 1 line
10-07 14:14:30.464  3635 29430 I chatty  : uid=1000 system_server expire 1 line
10-07 14:15:07.351  3635  4099 I chatty  : uid=1000(system) AlarmManager expire 115 lines
10-07 14:15:07.453  3635  3689 I chatty  : uid=1000(system) batterystats-sy expire 27 lines
10-07 14:15:18.810  3635 29436 I chatty  : uid=1000 system_server expire 1 line
10-07 14:16:12.048  3635 29439 I chatty  : uid=1000 system_server expire 1 line
10-07 14:17:00.066  3635  5049 I chatty  : uid=1000(system) Binder:3635_E expire 3 lines
10-07 14:17:00.200  3635  3682 I chatty  : uid=1000(system) ActivityManager expire 3 lines
10-07 14:17:00.613  3635  4992 I chatty  : uid=1000(system) Binder:3635_9 expire 1 line
10-07 14:17:00.833  3635 10888 I chatty  : uid=1000(system) Binder:3635_1B expire 1 line
10-07 14:17:00.901  3635 10885 I chatty  : uid=1000(system) Binder:3635_19 expire 1 line
10-07 14:17:00.933  3635 10889 I chatty  : uid=1000(system) Binder:3635_1C expire 1 line
10-07 14:17:02.076  3635 29546 I chatty  : uid=1000 system_server expire 1 line
10-07 14:18:10.042  3635 29552 I chatty  : uid=1000 system_server expire 1 line
10-07 14:18:11.129  3635  3681 I chatty  : uid=1000(system) android.bg expire 22 lines
10-07 14:18:20.905  3635 10893 I chatty  : uid=1000(system) Binder:3635_20 expire 1 line
10-07 14:18:54.268  3635 29559 I chatty  : uid=1000 system_server expire 1 line
10-07 14:20:20.995  3635 29563 I chatty  : uid=1000 system_server expire 1 line
10-07 14:21:25.075  3635 29567 I chatty  : uid=1000 system_server expire 1 line
10-07 14:22:52.763  3635 29571 I chatty  : uid=1000 system_server expire 1 line
10-07 14:23:25.843  3635 29578 I chatty  : uid=1000 system_server expire 1 line
10-07 14:23:58.878  3635 29580 I chatty  : uid=1000 system_server expire 1 line
10-07 14:24:39.933  3635 29589 I chatty  : uid=1000 system_server expire 1 line
10-07 14:25:01.737  3635 29597 I chatty  : uid=1000 system_server expire 1 line
10-07 14:26:06.622  3635  4318 I chatty  : uid=1000(system) Binder:3635_5 expire 1 line
10-07 14:26:06.676  3635  5023 I chatty  : uid=1000(system) Binder:3635_D expire 1 line
10-07 14:26:28.215  3635 29602 I chatty  : uid=1000 system_server expire 1 line
10-07 14:26:40.500  3635  4581 I chatty  : uid=1000(system) Binder:3635_6 expire 1 line
10-07 14:26:40.661  3635  4641 I chatty  : uid=1000(system) Binder:3635_7 expire 1 line
10-07 14:27:00.887  3635 29609 I chatty  : uid=1000 system_server expire 1 line
10-07 14:28:05.954  3635 29614 I chatty  : uid=1000 system_server expire 2 lines
10-07 14:28:06.892  3635  5067 I chatty  : uid=1000(system) Binder:3635_15 expire 1 line
10-07 14:28:06.924  3635  3635 I chatty  : uid=1000 system_server expire 7 lines
10-07 14:28:10.360  3635  3707 I chatty  : uid=1000(system) PowerManagerSer expire 3 lines
