10-07 12:53:26.607  3635  3675 I chatty  : uid=1000(system) Binder:3635_1 expire 1 line
10-07 12:53:26.609  3635 10882 I chatty  : uid=1000(system) Binder:3635_16 expire 1 line
10-07 12:53:27.291  3635  4994 I chatty  : uid=1000(system) Binder:3635_A expire 1 line
10-07 12:53:27.310  3635  5057 I chatty  : uid=1000(system) Binder:3635_10 expire 1 line
10-07 12:53:31.867  4895 26467 E ActivityThread: Failed to find provider info for com.google.android.wearable.settings
10-07 12:53:31.868  4895 26467 E ActivityThread: Failed to find provider info for com.google.android.wearable.settings
10-07 12:53:32.042  3635 26833 I chatty  : uid=1000 system_server expire 2 lines
10-07 12:53:39.579  3635 26837 I chatty  : uid=1000 system_server expire 1 line
10-07 12:53:45.402  3635 26843 I chatty  : uid=1000 system_server expire 1 line
10-07 12:53:55.023  3635 26846 I chatty  : uid=1000 system_server expire 1 line
10-07 12:54:09.085  3635 26849 I chatty  : uid=1000 system_server expire 1 line
10-07 12:54:16.187  3635  4581 I chatty  : uid=1000(system) Binder:3635_6 expire 2 lines
10-07 12:54:16.208  3635  3635 I chatty  : uid=1000 system_server expire 12 lines
10-07 12:54:18.906  3635 26851 I chatty  : uid=1000 system_server expire 1 line
10-07 12:54:21.874  4895 21817 E ActivityThread: Failed to find provider info for com.google.android.wearable.settings
10-07 12:54:21.877  4895 21817 E ActivityThread: Failed to find provider info for com.google.android.wearable.settings
10-07 12:54:23.121  3635  4099 I chatty  : uid=1000(system) AlarmManager expire 18 lines
10-07 12:54:23.724  3635  3676 I chatty  : uid=1000(system) Binder:3635_2 expire 1 line
10-07 12:54:30.148  3635 26853 I chatty  : uid=1000 system_server expire 1 line
10-07 12:54:39.340  3635 26854 I chatty  : uid=1000 system_server expire 1 line
10-07 12:54:41.650  4895 26467 E ActivityThread: Failed to find provider info for com.google.android.wearable.settings
10-07 12:54:41.655  4895 26467 E ActivityThread: Failed to find provider info for com.google.android.wearable.settings
10-07 12:54:44.683  3635 26860 I chatty  : uid=1000 system_server expire 1 line
10-07 12:54:56.840  3635  3707 I chatty  : uid=1000(system) PowerManagerSer expire 19 lines
10-07 12:54:56.841  3635  3635 I chatty  : uid=1000 system_server expire 18 lines
10-07 12:54:56.868  3635  3683 I chatty  : uid=1000(system) android.ui expire 12 lines
10-07 12:54:56.884  3635  5049 I chatty  : uid=1000(system) Binder:3635_E expire 1 line
10-07 12:54:56.934  3158  3363 D QMI_FW  : chen-screen on: is_screen_off = 0
10-07 12:54:56.943  3381  3469 D QMI_FW  : chen-screen on: is_screen_off = 0
10-07 12:54:56.982  3635  5061 I chatty  : uid=1000(system) Binder:3635_14 expire 1 line
10-07 12:54:56.987  4269  4269 V DreamService[DozeService]: wakeUp(): fromSystem=true, mWaking=false, mFinished=false
10-07 12:54:56.987  4269  4269 V DreamService[DozeService]: finish(): mFinished=false
10-07 12:54:57.003  4269  4269 V DreamService[DozeService]: detach(): Calling onDreamingStopped()
10-07 12:54:57.003  4269  4269 V DreamService[DozeService]: onDreamingStopped()
10-07 12:54:57.007  4269  4269 V DreamService[DozeService]: onDestroy()
10-07 12:54:57.016  5400 26880 W ContextImpl: Calling a method in the system process without a qualified user: android.app.ContextImpl.startService:1374 android.content.ContextWrapper.startService:614 com.oneplus.security.network.calibrate.AutoSaveNativeTrafficUsageService.getAndSaveCurrentNativeTrafficTotalUsage:37 com.oneplus.security.network.calibrate.AutoCalibrateUtil.setLastCalibrateTime:253 com.oneplus.security.network.calibrate.AutoCalibrateUtil.setLastCalibrateTime:225
10-07 12:54:57.076  5400 26880 W ContextImpl: Calling a method in the system process without a qualified user: android.app.ContextImpl.startService:1374 android.content.ContextWrapper.startService:614 com.oneplus.security.network.calibrate.AutoSaveNativeTrafficUsageService.getAndSaveCurrentNativeTrafficTotalUsage:37 com.oneplus.security.network.calibrate.AutoCalibrateUtil.setLastCalibrateTime:253 com.oneplus.security.network.calibrate.AutoCalibrateUtil.setLastCalibrateTime:225
10-07 12:54:57.909  3158  3363 D QMI_FW  : chen-screen off: is_screen_off = 1
10-07 12:54:57.909  3381  3469 D QMI_FW  : chen-screen off: is_screen_off = 1
10-07 12:54:58.207  4269  4269 V DreamService[DozeService]: onCreate()
10-07 12:54:58.240  4269  4269 V DreamService[DozeService]: onBind() intent = Intent { act=android.service.dreams.DreamService flg=0x800000 cmp=com.android.systemui/.doze.DozeService }
10-07 12:54:58.244  4269  4269 V DreamService[DozeService]: Calling onDreamingStarted()
10-07 12:54:58.244  4269  4269 V DreamService[DozeService]: onDreamingStarted()
10-07 12:55:00.250  3635 26886 I chatty  : uid=1000 system_server expire 1 line
10-07 12:55:14.204  3635 26914 I chatty  : uid=1000 system_server expire 1 line
10-07 12:55:30.343  3635 26916 I chatty  : uid=1000 system_server expire 1 line
10-07 12:55:36.756  3635  3682 I chatty  : uid=1000(system) ActivityManager expire 4 lines
10-07 12:55:45.103  3635 26925 I chatty  : uid=1000 system_server expire 1 line
10-07 12:56:05.963  3635 26928 I chatty  : uid=1000 system_server expire 1 line
10-07 12:56:13.693  4895 21817 E ActivityThread: Failed to find provider info for com.google.android.wearable.settings
10-07 12:56:13.697  4895 21817 E ActivityThread: Failed to find provider info for com.google.android.wearable.settings
10-07 12:56:15.032  3635  4099 I chatty  : uid=1000(system) AlarmManager expire 3 lines
10-07 12:56:21.854  3635 26930 I chatty  : uid=1000 system_server expire 1 line
10-07 12:56:32.331  3635 26933 I chatty  : uid=1000 system_server expire 1 line
10-07 12:56:35.633  3635  3635 I chatty  : uid=1000 system_server expire 1 line
10-07 12:56:35.634  3635  3707 I chatty  : uid=1000(system) PowerManagerSer expire 19 lines
10-07 12:56:35.657  3635  3704 I chatty  : uid=1000(system) android.display expire 3 lines
10-07 12:56:35.665  3635  3635 I chatty  : uid=1000 system_server expire 17 lines
10-07 12:56:35.666  3635  3681 I chatty  : uid=1000(system) android.bg expire 12 lines
10-07 12:56:35.670  3635  3683 I chatty  : uid=1000(system) android.ui expire 11 lines
10-07 12:56:35.686  3158  3363 D QMI_FW  : chen-screen on: is_screen_off = 0
10-07 12:56:35.687  3381  3469 D QMI_FW  : chen-screen on: is_screen_off = 0
10-07 12:56:35.692  3635 10883 I chatty  : uid=1000(system) Binder:3635_17 expire 2 lines
10-07 12:56:35.783  5400 26950 W ContextImpl: Calling a method in the system process without a qualified user: android.app.ContextImpl.startService:1374 android.content.ContextWrapper.startService:614 com.oneplus.security.network.calibrate.AutoSaveNativeTrafficUsageService.getAndSaveCurrentNativeTrafficTotalUsage:37 com.oneplus.security.network.calibrate.AutoCalibrateUtil.setLastCalibrateTime:253 com.oneplus.security.network.calibrate.AutoCalibrateUtil.setLastCalibrateTime:225
10-07 12:56:35.810  3635  4641 I chatty  : uid=1000(system) Binder:3635_7 expire 2 lines
10-07 12:56:35.814  4269  4269 V DreamService[DozeService]: wakeUp(): fromSystem=true, mWaking=false, mFinished=false
10-07 12:56:35.815  4269  4269 V DreamService[DozeService]: finish(): mFinished=false
10-07 12:56:35.815  3635  4964 I chatty  : uid=1000(system) Binder:3635_8 expire 1 line
10-07 12:56:35.815  3635  3702 I chatty  : uid=1000(system) android.fg expire 2 lines
10-07 12:56:35.831  4269  4269 V DreamService[DozeService]: detach(): Calling onDreamingStopped()
10-07 12:56:35.831  4269  4269 V DreamService[DozeService]: onDreamingStopped()
10-07 12:56:35.835  4269  4269 V DreamService[DozeService]: onDestroy()
10-07 12:56:35.845  5400 26950 W ContextImpl: Calling a method in the system process without a qualified user: android.app.ContextImpl.startService:1374 android.content.ContextWrapper.startService:614 com.oneplus.security.network.calibrate.AutoSaveNativeTrafficUsageService.getAndSaveCurrentNativeTrafficTotalUsage:37 com.oneplus.security.network.calibrate.AutoCalibrateUtil.setLastCalibrateTime:253 com.oneplus.security.network.calibrate.AutoCalibrateUtil.setLastCalibrateTime:225
10-07 12:56:36.308  3635  4104 I chatty  : uid=1000(system) InputReader expire 1 line
10-07 12:56:36.312  3635  4131 I chatty  : uid=1000(system) ColorBalanceThr expire 1 line
10-07 12:56:36.699  3635  3675 I chatty  : uid=1000(system) Binder:3635_1 expire 2 lines
10-07 12:56:36.705  3158  3363 D QMI_FW  : chen-screen off: is_screen_off = 1
10-07 12:56:36.705  3381  3469 D QMI_FW  : chen-screen off: is_screen_off = 1
10-07 12:56:36.958  4269  4269 V DreamService[DozeService]: onCreate()
10-07 12:56:36.995  4269  4269 V DreamService[DozeService]: onBind() intent = Intent { act=android.service.dreams.DreamService flg=0x800000 cmp=com.android.systemui/.doze.DozeService }
10-07 12:56:37.004  4269  4269 V DreamService[DozeService]: Calling onDreamingStarted()
10-07 12:56:37.004  4269  4269 V DreamService[DozeService]: onDreamingStarted()
10-07 12:56:39.982  3635  4099 I chatty  : uid=1000(system) AlarmManager expire 44 lines
10-07 12:56:40.144  3635 26961 I chatty  : uid=1000 system_server expire 1 line
10-07 12:56:51.637  3635 26996 I chatty  : uid=1000 system_server expire 1 line
10-07 12:56:51.882  4895 25148 E ActivityThread: Failed to find provider info for com.google.android.wearable.settings
10-07 12:56:51.886  4895 25148 E ActivityThread: Failed to find provider info for com.google.android.wearable.settings
10-07 12:56:53.608  3635  3682 I chatty  : uid=1000(system) ActivityManager expire 7 lines
10-07 12:57:00.582  3635 26997 I chatty  : uid=1000 system_server expire 1 line
10-07 12:57:10.417  4895 25148 E ActivityThread: Failed to find provider info for com.google.android.wearable.settings
10-07 12:57:10.423  4895 25148 E ActivityThread: Failed to find provider info for com.google.android.wearable.settings
10-07 12:57:11.440  3635 27001 I chatty  : uid=1000 system_server expire 1 line
10-07 12:57:13.568  3635  4994 I chatty  : uid=1000(system) Binder:3635_A expire 1 line
10-07 12:57:13.575  3635  3635 I chatty  : uid=1000 system_server expire 5 lines
10-07 12:57:13.617  3635  4144 I chatty  : uid=1000(system) Binder:3635_3 expire 2 lines
10-07 12:57:20.701  3635 27003 I chatty  : uid=1000 system_server expire 1 line
10-07 12:57:30.725  3635 27005 I chatty  : uid=1000 system_server expire 1 line
10-07 12:57:40.428  3635 27008 I chatty  : uid=1000 system_server expire 1 line
10-07 12:57:40.464  3635  5060 I chatty  : uid=1000(system) Binder:3635_13 expire 1 line
10-07 12:57:41.307  3635  5022 I chatty  : uid=1000(system) Binder:3635_C expire 1 line
10-07 12:57:45.510  3635 27054 I chatty  : uid=1000 system_server expire 2 lines
10-07 12:57:51.176  3635 27055 I chatty  : uid=1000 system_server expire 2 lines
10-07 12:58:02.399  3635 27057 I chatty  : uid=1000 system_server expire 1 line
10-07 12:58:11.427  3635 27072 I chatty  : uid=1000 system_server expire 1 line
10-07 12:58:17.155  3635 27083 I chatty  : uid=1000 system_server expire 1 line
10-07 12:58:31.767  3635 27086 I chatty  : uid=1000 system_server expire 1 line
10-07 12:58:40.379  3635 27089 I chatty  : uid=1000 system_server expire 1 line
10-07 12:58:40.660  3635  4995 I chatty  : uid=1000(system) Binder:3635_B expire 1 line
10-07 12:58:46.509  3635 27095 I chatty  : uid=1000 system_server expire 1 line
10-07 12:59:00.921  3635 27099 I chatty  : uid=1000 system_server expire 1 line
10-07 12:59:07.952  3635  3689 I chatty  : uid=1000(system) batterystats-sy expire 15 lines
10-07 12:59:07.998  3635 27101 I chatty  : uid=1000 system_server expire 1 line
10-07 12:59:20.971  3635 27103 I chatty  : uid=1000 system_server expire 1 line
10-07 12:59:31.182  3635 27105 I chatty  : uid=1000 system_server expire 1 line
10-07 12:59:40.498  3635 27108 I chatty  : uid=1000 system_server expire 1 line
10-07 12:59:46.677  3635 27114 I chatty  : uid=1000 system_server expire 1 line
10-07 13:00:01.168  3635 27116 I chatty  : uid=1000 system_server expire 1 line
10-07 13:00:12.389  3635 27118 I chatty  : uid=1000 system_server expire 1 line
10-07 13:00:20.526  3635 27122 I chatty  : uid=1000 system_server expire 1 line
10-07 13:00:22.392  4895 26467 E ActivityThread: Failed to find provider info for com.google.android.wearable.settings
10-07 13:00:22.398  4895 26467 E ActivityThread: Failed to find provider info for com.google.android.wearable.settings
10-07 13:00:24.316  4895 26467 E ActivityThread: Failed to find provider info for com.google.android.wearable.settings
10-07 13:00:24.321  4895 26467 E ActivityThread: Failed to find provider info for com.google.android.wearable.settings
10-07 13:00:24.421  4895 26467 E ActivityThread: Failed to find provider info for com.google.android.wearable.settings
10-07 13:00:24.428  4895 26467 E ActivityThread: Failed to find provider info for com.google.android.wearable.settings
10-07 13:00:24.433  4895 26467 E ActivityThread: Failed to find provider info for com.google.android.wearable.settings
10-07 13:00:24.438  4895 26467 E ActivityThread: Failed to find provider info for com.google.android.wearable.settings
10-07 13:00:25.507  3635  4099 I chatty  : uid=1000(system) AlarmManager expire 46 lines
10-07 13:00:25.677  3635  3681 I chatty  : uid=1000(system) android.bg expire 8 lines
10-07 13:00:26.759  4895 26467 E ActivityThread: Failed to find provider info for com.google.android.wearable.settings
10-07 13:00:26.764  4895 26467 E ActivityThread: Failed to find provider info for com.google.android.wearable.settings
10-07 13:00:27.831  4895 26467 E ActivityThread: Failed to find provider info for com.google.android.wearable.settings
10-07 13:00:27.834  4895 26467 E ActivityThread: Failed to find provider info for com.google.android.wearable.settings
10-07 13:00:30.983  3635 27125 I chatty  : uid=1000 system_server expire 1 line
10-07 13:00:32.189  4895 26467 E ActivityThread: Failed to find provider info for com.google.android.wearable.settings
10-07 13:00:32.196  4895 26467 E ActivityThread: Failed to find provider info for com.google.android.wearable.settings
10-07 13:00:33.585  4895 26467 E ActivityThread: Failed to find provider info for com.google.android.wearable.settings
10-07 13:00:33.591  4895 26467 E ActivityThread: Failed to find provider info for com.google.android.wearable.settings
10-07 13:00:40.162  4895 26467 E ActivityThread: Failed to find provider info for com.google.android.wearable.settings
10-07 13:00:40.167  4895 26467 E ActivityThread: Failed to find provider info for com.google.android.wearable.settings
10-07 13:00:40.799  3635 27127 I chatty  : uid=1000 system_server expire 1 line
10-07 13:00:46.503  3635 27134 I chatty  : uid=1000 system_server expire 1 line
10-07 13:00:48.645  3635 10885 I chatty  : uid=1000(system) Binder:3635_19 expire 1 line
10-07 13:00:48.646  3635  5023 I chatty  : uid=1000(system) Binder:3635_D expire 1 line
10-07 13:01:05.837  3635 27154 I chatty  : uid=1000 system_server expire 1 line
10-07 13:01:40.184  3635 27157 I chatty  : uid=1000 system_server expire 1 line
10-07 13:02:20.988  3635 27176 I chatty  : uid=1000 system_server expire 1 line
10-07 13:02:27.559  3635 10892 I chatty  : uid=1000(system) Binder:3635_1F expire 1 line
10-07 13:03:00.021  3635 27180 I chatty  : uid=1000 system_server expire 1 line
10-07 13:04:09.961  3635 27188 I chatty  : uid=1000 system_server expire 1 line
10-07 13:04:20.515  3635  4099 I chatty  : uid=1000(system) AlarmManager expire 108 lines
10-07 13:04:31.809  3635  3689 I chatty  : uid=1000(system) batterystats-sy expire 32 lines
10-07 13:04:54.073  3635 27192 I chatty  : uid=1000 system_server expire 1 line
10-07 13:06:09.617  3635 27197 I chatty  : uid=1000 system_server expire 1 line
10-07 13:06:43.836  3635  3681 I chatty  : uid=1000(system) android.bg expire 23 lines
10-07 13:06:43.960  3635 10889 I chatty  : uid=1000(system) Binder:3635_1C expire 1 line
10-07 13:06:44.009  3635  4995 I chatty  : uid=1000(system) Binder:3635_B expire 1 line
10-07 13:06:44.012  3635 10884 I chatty  : uid=1000(system) Binder:3635_18 expire 1 line
10-07 13:06:45.517  3635 27215 I chatty  : uid=1000 system_server expire 1 line
10-07 13:06:53.383  3635  5067 I chatty  : uid=1000(system) Binder:3635_15 expire 1 line
10-07 13:07:04.134  3635 27225 I chatty  : uid=1000 system_server expire 1 line
10-07 13:07:47.320  3635 27234 I chatty  : uid=1000 system_server expire 1 line
10-07 13:09:13.408  3635 27237 I chatty  : uid=1000 system_server expire 1 line
10-07 13:09:25.122  3635  3682 I chatty  : uid=1000(system) ActivityManager expire 8 lines
10-07 13:09:29.204  3635 27253 I chatty  : uid=1000 system_server expire 2 lines
10-07 13:09:34.363  3635 27255 I chatty  : uid=1000 system_server expire 2 lines
10-07 13:10:29.013  3635 27261 I chatty  : uid=1000 system_server expire 1 line
10-07 13:11:05.063  3635 27275 I chatty  : uid=1000 system_server expire 1 line
10-07 13:11:51.163  3635 27283 I chatty  : uid=1000 system_server expire 1 line
10-07 13:11:52.995  3635  5049 I chatty  : uid=1000(system) Binder:3635_E expire 1 line
10-07 13:12:47.404  3635 27285 I chatty  : uid=1000 system_server expire 1 line
10-07 13:12:50.542  3635  4581 I chatty  : uid=1000(system) Binder:3635_6 expire 1 line
10-07 13:12:54.045  3635 27289 I chatty  : uid=1000 system_server expire 1 line
10-07 13:13:00.248  3635 27291 I chatty  : uid=1000 system_server expire 1 line
10-07 13:13:14.940  3635 27298 I chatty  : uid=1000 system_server expire 1 line
10-07 13:13:25.457  3635 27301 I chatty  : uid=1000 system_server expire 1 line
10-07 13:13:34.265  3635 27307 I chatty  : uid=1000 system_server expire 1 line
10-07 13:13:44.864  3635 27310 I chatty  : uid=1000 system_server expire 1 line
10-07 13:13:54.896  3635 27312 I chatty  : uid=1000 system_server expire 1 line
10-07 13:14:22.267  3635 27316 I chatty  : uid=1000 system_server expire 1 line
10-07 13:14:51.969  3635  4994 I chatty  : uid=1000(system) Binder:3635_A expire 1 line
10-07 13:14:52.185 27326 27326 D ActivityThread: Loading provider com.whatsapp.provider.contact: com.whatsapp.contact.ContactProvider
10-07 13:14:52.572  3635  3675 I chatty  : uid=1000(system) Binder:3635_1 expire 1 line
10-07 13:14:52.586  3635 10887 I chatty  : uid=1000(system) Binder:3635_1A expire 1 line
10-07 13:15:03.073  3635  4099 I chatty  : uid=1000(system) AlarmManager expire 43 lines
10-07 13:15:14.410  3635  3689 I chatty  : uid=1000(system) batterystats-sy expire 14 lines
10-07 13:15:46.681  3635 27413 I chatty  : uid=1000 system_server expire 2 lines
10-07 13:17:22.917  3635 27419 I chatty  : uid=1000 system_server expire 1 line
10-07 13:17:35.350  3635  3682 I chatty  : uid=1000(system) ActivityManager expire 61 lines
10-07 13:18:17.485  3635 27425 I chatty  : uid=1000 system_server expire 1 line
10-07 13:18:17.997  3635 10887 I chatty  : uid=1000(system) Binder:3635_1A expire 1 line
10-07 13:18:36.854  3635  4964 I chatty  : uid=1000(system) Binder:3635_8 expire 1 line
10-07 13:18:59.466  3635 27471 I chatty  : uid=1000 system_server expire 1 line
10-07 13:18:59.586  3635  3681 I chatty  : uid=1000(system) android.bg expire 10 lines
10-07 13:19:04.042  3635  4581 I chatty  : uid=1000(system) Binder:3635_6 expire 7 lines
10-07 13:19:18.361  3635  3635 I chatty  : uid=1000 system_server expire 10 lines
10-07 13:19:18.368  4161  4161 W ContextImpl: Calling a method in the system process without a qualified user: android.app.ContextImpl.startService:1374 android.content.ContextWrapper.startService:614 com.oneplus.config.ConfigJobService.onStartJob:24 android.app.job.JobService$JobHandler.handleMessage:143 android.os.Handler.dispatchMessage:102
10-07 13:19:19.047  3635  3681 I chatty  : uid=1000(system) android.bg expire 12 lines
10-07 13:19:20.190  3635  4160 I chatty  : uid=1000(system) AppBootThread expire 1 line
10-07 13:19:20.224  3635 27633 I chatty  : uid=1000 system_server expire 1 line
10-07 13:19:20.689  3635  4099 I chatty  : uid=1000(system) AlarmManager expire 22 lines
10-07 13:19:22.234  3635  4174 I chatty  : uid=1000(system) OneplusProcessT expire 1 line
10-07 13:19:23.484  3635  5023 I chatty  : uid=1000(system) Binder:3635_D expire 1 line
10-07 13:19:23.495  3635  5060 I chatty  : uid=1000(system) Binder:3635_13 expire 1 line
10-07 13:19:23.508  3635 10888 I chatty  : uid=1000(system) Binder:3635_1B expire 1 line
10-07 13:19:33.900  3635 27641 I chatty  : uid=1000 system_server expire 1 line
10-07 13:20:58.398  3635 27644 I chatty  : uid=1000 system_server expire 1 line
10-07 13:21:24.458  3635  4995 I chatty  : uid=1000(system) Binder:3635_B expire 2 lines
10-07 13:21:24.494  3635  4318 I chatty  : uid=1000(system) Binder:3635_5 expire 1 line
10-07 13:21:33.825  3635 27648 I chatty  : uid=1000 system_server expire 1 line
10-07 13:22:00.319  3635  4104 I chatty  : uid=1000(system) InputReader expire 1 line
10-07 13:22:00.321  3635  3707 I chatty  : uid=1000(system) PowerManagerSer expire 10 lines
10-07 13:22:00.321  3635  4131 I chatty  : uid=1000(system) ColorBalanceThr expire 1 line
10-07 13:22:00.346  3635  3704 I chatty  : uid=1000(system) android.display expire 2 lines
10-07 13:22:00.373  3635  3676 I chatty  : uid=1000(system) Binder:3635_2 expire 1 line
10-07 13:22:00.395  3381  3469 D QMI_FW  : chen-screen on: is_screen_off = 0
10-07 13:22:00.408  3158  3363 D QMI_FW  : chen-screen on: is_screen_off = 0
10-07 13:22:00.428  3635  3683 I chatty  : uid=1000(system) android.ui expire 10 lines
10-07 13:22:00.471  3635  3635 I chatty  : uid=1000 system_server expire 2 lines
10-07 13:22:00.471  3635  3681 I chatty  : uid=1000(system) android.bg expire 2 lines
10-07 13:22:00.489  3635 10891 I chatty  : uid=1000(system) Binder:3635_1E expire 1 line
10-07 13:22:00.493  4269  4269 V DreamService[DozeService]: wakeUp(): fromSystem=true, mWaking=false, mFinished=false
10-07 13:22:00.493  4269  4269 V DreamService[DozeService]: finish(): mFinished=false
10-07 13:22:00.494  3635  5067 I chatty  : uid=1000(system) Binder:3635_15 expire 1 line
10-07 13:22:00.494  3635  3702 I chatty  : uid=1000(system) android.fg expire 2 lines
10-07 13:22:00.501  4269  4269 V DreamService[DozeService]: detach(): Calling onDreamingStopped()
10-07 13:22:00.501  4269  4269 V DreamService[DozeService]: onDreamingStopped()
10-07 13:22:00.505  4269  4269 V DreamService[DozeService]: onDestroy()
10-07 13:22:00.552  5400 27676 W ContextImpl: Calling a method in the system process without a qualified user: android.app.ContextImpl.startService:1374 android.content.ContextWrapper.startService:614 com.oneplus.security.network.calibrate.AutoSaveNativeTrafficUsageService.getAndSaveCurrentNativeTrafficTotalUsage:37 com.oneplus.security.network.calibrate.AutoCalibrateUtil.setLastCalibrateTime:253 com.oneplus.security.network.calibrate.AutoCalibrateUtil.setLastCalibrateTime:225
10-07 13:22:00.621  5400 27676 W ContextImpl: Calling a method in the system process without a qualified user: android.app.ContextImpl.startService:1374 android.content.ContextWrapper.startService:614 com.oneplus.security.network.calibrate.AutoSaveNativeTrafficUsageService.getAndSaveCurrentNativeTrafficTotalUsage:37 com.oneplus.security.network.calibrate.AutoCalibrateUtil.setLastCalibrateTime:253 com.oneplus.security.network.calibrate.AutoCalibrateUtil.setLastCalibrateTime:225
10-07 13:22:01.025  3635  4104 I chatty  : uid=1000(system) InputReader expire 1 line
10-07 13:22:01.027  3635  3707 I chatty  : uid=1000(system) PowerManagerSer expire 14 lines
10-07 13:22:01.027  3635  3635 I chatty  : uid=1000 system_server expire 26 lines
10-07 13:22:01.028  3635  4131 I chatty  : uid=1000(system) ColorBalanceThr expire 2 lines
10-07 13:22:01.240  3635  3683 I chatty  : uid=1000(system) android.ui expire 44 lines
10-07 13:22:01.324  3635  3704 I chatty  : uid=1000(system) android.display expire 2 lines
10-07 13:22:01.333  3635  4210 I chatty  : uid=1000(system) Binder:3635_4 expire 2 lines
10-07 13:22:01.341  3158  3363 D QMI_FW  : chen-screen off: is_screen_off = 1
10-07 13:22:01.342  3381  3469 D QMI_FW  : chen-screen off: is_screen_off = 1
10-07 13:22:01.539  3635 10887 I chatty  : uid=1000(system) Binder:3635_1A expire 2 lines
10-07 13:22:01.578  3635  5022 I chatty  : uid=1000(system) Binder:3635_C expire 1 line
10-07 13:22:01.617  4269  4269 V DreamService[DozeService]: onCreate()
10-07 13:22:01.663  4269  4269 V DreamService[DozeService]: onBind() intent = Intent { act=android.service.dreams.DreamService flg=0x800000 cmp=com.android.systemui/.doze.DozeService }
10-07 13:22:01.666  4269  4269 V DreamService[DozeService]: Calling onDreamingStarted()
10-07 13:22:01.666  4269  4269 V DreamService[DozeService]: onDreamingStarted()
10-07 13:22:02.253  3635  4099 I chatty  : uid=1000(system) AlarmManager expire 50 lines
10-07 13:22:02.395  3635  4581 I chatty  : uid=1000(system) Binder:3635_6 expire 2 lines
10-07 13:22:03.174  3635 27683 I chatty  : uid=1000 system_server expire 2 lines
10-07 13:22:09.844  3635 10888 I chatty  : uid=1000(system) Binder:3635_1B expire 3 lines
10-07 13:22:09.893  3635  5059 I chatty  : uid=1000(system) Binder:3635_12 expire 1 line
10-07 13:22:10.103  3635  4994 I chatty  : uid=1000(system) Binder:3635_A expire 1 line
10-07 13:22:10.431 24474 27696 E ActivityThread: Failed to find provider info for com.facebook.mlite.sso.MessengerLoggedInUserProvider
10-07 13:22:35.145  3635 27725 I chatty  : uid=1000 system_server expire 2 lines
10-07 13:22:45.121  3635  3681 I chatty  : uid=1000(system) android.bg expire 5 lines
10-07 13:22:54.908  3635 27731 I chatty  : uid=1000 system_server expire 1 line
10-07 13:23:05.452  3635  3689 I chatty  : uid=1000(system) batterystats-sy expire 19 lines
10-07 13:23:37.325  3635  3706 I chatty  : uid=1000(system) CpuTracker expire 1 line
10-07 13:24:04.798  3635 27736 I chatty  : uid=1000 system_server expire 1 line
10-07 13:24:15.105  3635 27738 I chatty  : uid=1000 system_server expire 1 line
10-07 13:24:27.234  3635 27740 I chatty  : uid=1000 system_server expire 1 line
10-07 13:25:03.473  3635 27745 I chatty  : uid=1000 system_server expire 1 line
10-07 13:26:28.374  3635 27748 I chatty  : uid=1000 system_server expire 1 line
10-07 13:27:54.023  3635  4995 I chatty  : uid=1000(system) Binder:3635_B expire 3 lines
10-07 13:27:54.092  3635 27752 I chatty  : uid=1000 system_server expire 1 line
10-07 13:27:54.805  3635  5058 I chatty  : uid=1000(system) Binder:3635_11 expire 1 line
10-07 13:27:55.008  3635  5056 I chatty  : uid=1000(system) Binder:3635_F expire 2 lines
10-07 13:27:55.010  3635  5060 I chatty  : uid=1000(system) Binder:3635_13 expire 1 line
10-07 13:27:55.034  3635  4318 I chatty  : uid=1000(system) Binder:3635_5 expire 1 line
10-07 13:27:55.075  3158  3363 D QMI_FW  : chen-screen on: is_screen_off = 0
10-07 13:27:55.093  3635  3635 I chatty  : uid=1000 system_server expire 1 line
10-07 13:27:55.100  3381  3469 D QMI_FW  : chen-screen on: is_screen_off = 0
10-07 13:27:55.109  3635  3683 I chatty  : uid=1000(system) android.ui expire 21 lines
10-07 13:27:55.142  3635 10884 I chatty  : uid=1000(system) Binder:3635_18 expire 1 line
10-07 13:27:55.143  3635  4992 I chatty  : uid=1000(system) Binder:3635_9 expire 1 line
10-07 13:27:55.279  3635  3683 I chatty  : uid=1000(system) android.ui expire 67 lines
10-07 13:27:55.325  3635  3704 I chatty  : uid=1000(system) android.display expire 2 lines
10-07 13:27:55.327  3635  3707 I chatty  : uid=1000(system) PowerManagerSer expire 14 lines
10-07 13:27:55.330  3635  3635 I chatty  : uid=1000 system_server expire 21 lines
10-07 13:27:55.332  3635  4210 I chatty  : uid=1000(system) Binder:3635_4 expire 1 line
10-07 13:27:55.341  3635  5023 I chatty  : uid=1000(system) Binder:3635_D expire 1 line
10-07 13:27:55.387  4269  4269 V DreamService[DozeService]: wakeUp(): fromSystem=true, mWaking=false, mFinished=false
10-07 13:27:55.387  4269  4269 V DreamService[DozeService]: finish(): mFinished=false
10-07 13:27:55.387  3635  5061 I chatty  : uid=1000(system) Binder:3635_14 expire 2 lines
10-07 13:27:55.388  3635  3702 I chatty  : uid=1000(system) android.fg expire 2 lines
10-07 13:27:55.401  4269  4269 V DreamService[DozeService]: detach(): Calling onDreamingStopped()
10-07 13:27:55.401  4269  4269 V DreamService[DozeService]: onDreamingStopped()
10-07 13:27:55.403  5400 27786 W ContextImpl: Calling a method in the system process without a qualified user: android.app.ContextImpl.startService:1374 android.content.ContextWrapper.startService:614 com.oneplus.security.network.calibrate.AutoSaveNativeTrafficUsageService.getAndSaveCurrentNativeTrafficTotalUsage:37 com.oneplus.security.network.calibrate.AutoCalibrateUtil.setLastCalibrateTime:253 com.oneplus.security.network.calibrate.AutoCalibrateUtil.setLastCalibrateTime:225
10-07 13:27:55.408  4269  4269 V DreamService[DozeService]: onDestroy()
10-07 13:27:55.458  5400 27786 W ContextImpl: Calling a method in the system process without a qualified user: android.app.ContextImpl.startService:1374 android.content.ContextWrapper.startService:614 com.oneplus.security.network.calibrate.AutoSaveNativeTrafficUsageService.getAndSaveCurrentNativeTrafficTotalUsage:37 com.oneplus.security.network.calibrate.AutoCalibrateUtil.setLastCalibrateTime:253 com.oneplus.security.network.calibrate.AutoCalibrateUtil.setLastCalibrateTime:225
10-07 13:27:59.076  3635  5067 I chatty  : uid=1000(system) Binder:3635_15 expire 1 line
10-07 13:27:59.690  3635 27799 I chatty  : uid=1000 system_server expire 3 lines
10-07 13:28:00.001  3635  4099 I chatty  : uid=1000(system) AlarmManager expire 13 lines
10-07 13:28:00.576  4895 21817 E ActivityThread: Failed to find provider info for com.google.android.wearable.settings
10-07 13:28:00.578  4895 21817 E ActivityThread: Failed to find provider info for com.google.android.wearable.settings
10-07 13:28:01.092  3635  3676 I chatty  : uid=1000(system) Binder:3635_2 expire 3 lines
10-07 13:28:01.109  3635 10893 I chatty  : uid=1000(system) Binder:3635_20 expire 1 line
10-07 13:28:01.553  3635  4104 I chatty  : uid=1000(system) InputReader expire 1 line
10-07 13:28:01.556  3635  4131 I chatty  : uid=1000(system) ColorBalanceThr expire 1 line
10-07 13:28:01.934  3158  3363 D QMI_FW  : chen-screen off: is_screen_off = 1
10-07 13:28:01.935  3381  3469 D QMI_FW  : chen-screen off: is_screen_off = 1
10-07 13:28:01.954  3635  5056 I chatty  : uid=1000(system) Binder:3635_F expire 2 lines
10-07 13:28:02.189  3635 10892 I chatty  : uid=1000(system) Binder:3635_1F expire 1 line
10-07 13:28:02.211  4269  4269 V DreamService[DozeService]: onCreate()
10-07 13:28:02.231  4269  4269 V DreamService[DozeService]: onBind() intent = Intent { act=android.service.dreams.DreamService flg=0x800000 cmp=com.android.systemui/.doze.DozeService }
10-07 13:28:02.234  4269  4269 V DreamService[DozeService]: Calling onDreamingStarted()
10-07 13:28:02.234  4269  4269 V DreamService[DozeService]: onDreamingStarted()
10-07 13:28:02.270  3635 10888 I chatty  : uid=1000(system) Binder:3635_1B expire 1 line
10-07 13:28:02.286  3635  4581 I chatty  : uid=1000(system) Binder:3635_6 expire 1 line
10-07 13:28:02.420  3635  4144 I chatty  : uid=1000(system) Binder:3635_3 expire 1 line
10-07 13:28:02.838  3635  4175 I chatty  : uid=1000(system) SuspenPorcessTh expire 1 line
10-07 13:28:06.806  4895 21817 E ActivityThread: Failed to find provider info for com.google.android.wearable.settings
10-07 13:28:06.807  4895 21817 E ActivityThread: Failed to find provider info for com.google.android.wearable.settings
10-07 13:28:06.876  3635 27844 I chatty  : uid=1000 system_server expire 2 lines
10-07 13:28:15.071  4895 21817 E ActivityThread: Failed to find provider info for com.google.android.wearable.settings
10-07 13:28:15.076  4895 21817 E ActivityThread: Failed to find provider info for com.google.android.wearable.settings
10-07 13:28:36.677  3635  3689 I chatty  : uid=1000(system) batterystats-sy expire 4 lines
10-07 13:28:36.706  3635 27850 I chatty  : uid=1000 system_server expire 1 line
10-07 13:29:03.514  4895 21817 E ActivityThread: Failed to find provider info for com.google.android.wearable.settings
10-07 13:29:03.517  4895 21817 E ActivityThread: Failed to find provider info for com.google.android.wearable.settings
10-07 13:29:06.077  3635 27853 I chatty  : uid=1000 system_server expire 1 line
10-07 13:29:08.026  3635  4099 I chatty  : uid=1000(system) AlarmManager expire 20 lines
10-07 13:29:40.322  4895 13447 E ActivityThread: Failed to find provider info for com.google.android.wearable.settings
10-07 13:29:40.326  4895 13447 E ActivityThread: Failed to find provider info for com.google.android.wearable.settings
10-07 13:29:41.409  3635 27861 I chatty  : uid=1000 system_server expire 1 line
10-07 13:30:22.762  3635 27873 I chatty  : uid=1000 system_server expire 1 line
10-07 13:30:44.413  3635  4099 I chatty  : uid=1000(system) AlarmManager expire 4 lines
10-07 13:30:52.983  3635  5060 I chatty  : uid=1000(system) Binder:3635_13 expire 1 line
10-07 13:30:53.002  3635  3689 I chatty  : uid=1000(system) batterystats-sy expire 2 lines
10-07 13:30:53.013  3635  3635 I chatty  : uid=1000 system_server expire 14 lines
10-07 13:30:53.122  3635  3707 I chatty  : uid=1000(system) PowerManagerSer expire 13 lines
10-07 13:30:53.123  3635  3704 I chatty  : uid=1000(system) android.display expire 3 lines
10-07 13:30:53.130  3635  5061 I chatty  : uid=1000(system) Binder:3635_14 expire 3 lines
10-07 13:30:53.155  3635  3683 I chatty  : uid=1000(system) android.ui expire 92 lines
10-07 13:30:53.213  3635 10893 I chatty  : uid=1000(system) Binder:3635_20 expire 2 lines
10-07 13:30:53.567  3635  4131 I chatty  : uid=1000(system) ColorBalanceThr expire 1 line
10-07 13:30:53.603  3635  3681 I chatty  : uid=1000(system) android.bg expire 2 lines
10-07 13:30:53.611  4269  4269 V DreamService[DozeService]: wakeUp(): fromSystem=true, mWaking=false, mFinished=false
10-07 13:30:53.611  4269  4269 V DreamService[DozeService]: finish(): mFinished=false
10-07 13:30:53.612  3635  4994 I chatty  : uid=1000(system) Binder:3635_A expire 1 line
10-07 13:30:53.612  3635  3702 I chatty  : uid=1000(system) android.fg expire 1 line
10-07 13:30:53.629  3158  3363 D QMI_FW  : chen-screen on: is_screen_off = 0
10-07 13:30:53.631  3381  3469 D QMI_FW  : chen-screen on: is_screen_off = 0
10-07 13:30:53.642  4269  4269 V DreamService[DozeService]: detach(): Calling onDreamingStopped()
10-07 13:30:53.643  4269  4269 V DreamService[DozeService]: onDreamingStopped()
10-07 13:30:53.672  4269  4269 V DreamService[DozeService]: onDestroy()
10-07 13:30:53.692  3635  5067 I chatty  : uid=1000(system) Binder:3635_15 expire 1 line
10-07 13:30:53.747  3635  4641 I chatty  : uid=1000(system) Binder:3635_7 expire 3 lines
10-07 13:30:53.801  3635  4210 I chatty  : uid=1000(system) Binder:3635_4 expire 1 line
10-07 13:30:53.868  5400 27786 W ContextImpl: Calling a method in the system process without a qualified user: android.app.ContextImpl.startService:1374 android.content.ContextWrapper.startService:614 com.oneplus.security.network.calibrate.AutoSaveNativeTrafficUsageService.getAndSaveCurrentNativeTrafficTotalUsage:37 com.oneplus.security.network.calibrate.AutoCalibrateUtil.setLastCalibrateTime:253 com.oneplus.security.network.calibrate.AutoCalibrateUtil.setLastCalibrateTime:225
10-07 13:30:53.893  3635 10888 I chatty  : uid=1000(system) Binder:3635_1B expire 2 lines
10-07 13:30:53.949  5400 27786 W ContextImpl: Calling a method in the system process without a qualified user: android.app.ContextImpl.startService:1374 android.content.ContextWrapper.startService:614 com.oneplus.security.network.calibrate.AutoSaveNativeTrafficUsageService.getAndSaveCurrentNativeTrafficTotalUsage:37 com.oneplus.security.network.calibrate.AutoCalibrateUtil.setLastCalibrateTime:253 com.oneplus.security.network.calibrate.AutoCalibrateUtil.setLastCalibrateTime:225
10-07 13:30:54.165  3635 10891 I chatty  : uid=1000(system) Binder:3635_1E expire 1 line
10-07 13:30:54.243  3635  5059 I chatty  : uid=1000(system) Binder:3635_12 expire 1 line
10-07 13:30:54.255  3635  4581 I chatty  : uid=1000(system) Binder:3635_6 expire 1 line
10-07 13:30:54.598  4895 25148 E ActivityThread: Failed to find provider info for com.google.android.wearable.settings
10-07 13:30:54.608  4895 25148 E ActivityThread: Failed to find provider info for com.google.android.wearable.settings
10-07 13:30:54.675  3635 10884 I chatty  : uid=1000(system) Binder:3635_18 expire 2 lines
10-07 13:30:56.112  3635  5058 I chatty  : uid=1000(system) Binder:3635_11 expire 2 lines
10-07 13:30:56.122  3635 10882 I chatty  : uid=1000(system) Binder:3635_16 expire 1 line
10-07 13:30:56.139  3635  4992 I chatty  : uid=1000(system) Binder:3635_9 expire 1 line
10-07 13:30:56.140  3635 27904 I chatty  : uid=1000 system_server expire 5 lines
10-07 13:30:57.648  3635  5022 I chatty  : uid=1000(system) Binder:3635_C expire 2 lines
10-07 13:30:57.957  3635 10890 I chatty  : uid=1000(system) Binder:3635_1D expire 1 line
10-07 13:30:58.143  3635 10885 I chatty  : uid=1000(system) Binder:3635_19 expire 1 line
10-07 13:30:58.450  3635  4144 I chatty  : uid=1000(system) Binder:3635_3 expire 1 line
10-07 13:31:04.553  3635  3683 I chatty  : uid=1000(system) android.ui expire 64 lines
10-07 13:31:07.001  3635  5056 I chatty  : uid=1000(system) Binder:3635_F expire 1 line
10-07 13:31:07.648  3635 10885 I chatty  : uid=1000(system) Binder:3635_19 expire 1 line
10-07 13:31:13.087  3635  4581 I chatty  : uid=1000(system) Binder:3635_6 expire 1 line
10-07 13:31:13.130  3635  4210 I chatty  : uid=1000(system) Binder:3635_4 expire 1 line
10-07 13:31:13.136  3635  5057 I chatty  : uid=1000(system) Binder:3635_10 expire 1 line
10-07 13:31:13.169  3635 10889 I chatty  : uid=1000(system) Binder:3635_1C expire 2 lines
10-07 13:31:13.830  3635  3682 I chatty  : uid=1000(system) ActivityManager expire 7 lines
10-07 13:31:14.454  3635  4099 I chatty  : uid=1000(system) AlarmManager expire 9 lines
10-07 13:31:25.398  3635  4103 I chatty  : uid=1000(system) InputDispatcher expire 1 line
10-07 13:31:26.119  3635  4104 I chatty  : uid=1000(system) InputReader expire 1 line
10-07 13:31:26.120  3635  3707 I chatty  : uid=1000(system) PowerManagerSer expire 11 lines
10-07 13:31:26.120  3635  3635 I chatty  : uid=1000 system_server expire 44 lines
10-07 13:31:26.121  3635  4131 I chatty  : uid=1000(system) ColorBalanceThr expire 1 line
10-07 13:31:26.479  3635  3704 I chatty  : uid=1000(system) android.display expire 1 line
10-07 13:31:26.492  3158  3363 D QMI_FW  : chen-screen off: is_screen_off = 1
10-07 13:31:26.496  3381  3469 D QMI_FW  : chen-screen off: is_screen_off = 1
10-07 13:31:26.515  3635  5061 I chatty  : uid=1000(system) Binder:3635_14 expire 1 line
10-07 13:31:26.524  3635 10893 I chatty  : uid=1000(system) Binder:3635_20 expire 1 line
10-07 13:31:26.751  3635  3702 I chatty  : uid=1000(system) android.fg expire 1 line
10-07 13:31:26.762  4269  4269 V DreamService[DozeService]: onCreate()
10-07 13:31:26.773  4269  4269 V DreamService[DozeService]: onBind() intent = Intent { act=android.service.dreams.DreamService flg=0x800000 cmp=com.android.systemui/.doze.DozeService }
10-07 13:31:26.775  4269  4269 V DreamService[DozeService]: Calling onDreamingStarted()
10-07 13:31:26.775  4269  4269 V DreamService[DozeService]: onDreamingStarted()
10-07 13:31:26.794  3635  4995 I chatty  : uid=1000(system) Binder:3635_B expire 1 line
10-07 13:31:26.805  3635 10888 I chatty  : uid=1000(system) Binder:3635_1B expire 1 line
10-07 13:31:26.971  3635 10890 I chatty  : uid=1000(system) Binder:3635_1D expire 2 lines
10-07 13:31:26.973  3635  5049 I chatty  : uid=1000(system) Binder:3635_E expire 1 line
10-07 13:31:26.979  3635  4318 I chatty  : uid=1000(system) Binder:3635_5 expire 1 line
10-07 13:31:27.017  3635  3683 I chatty  : uid=1000(system) android.ui expire 9 lines
10-07 13:31:27.200  5400  5413 W ContextImpl: Calling a method in the system process without a qualified user: android.app.ContextImpl.startService:1374 android.content.ContextWrapper.startService:614 com.oneplus.security.network.calibrate.AutoSaveNativeTrafficUsageService.getAndSaveCurrentNativeTrafficTotalUsage:37 com.oneplus.security.network.calibrate.AutoCalibrateUtil.setLastCalibrateTime:253 com.oneplus.security.network.calibrate.AutoCalibrateUtil.setLastCalibrateTime:225
10-07 13:31:27.288  3635  5058 I chatty  : uid=1000(system) Binder:3635_11 expire 1 line
10-07 13:31:27.298  3635  4641 I chatty  : uid=1000(system) Binder:3635_7 expire 1 line
10-07 13:31:27.712  3635  5060 I chatty  : uid=1000(system) Binder:3635_13 expire 1 line
10-07 13:31:27.895  3635  5022 I chatty  : uid=1000(system) Binder:3635_C expire 1 line
10-07 13:31:28.092  3635 10884 I chatty  : uid=1000(system) Binder:3635_18 expire 1 line
10-07 13:31:28.117  3635  4964 I chatty  : uid=1000(system) Binder:3635_8 expire 1 line
10-07 13:31:35.013  3635  3681 I chatty  : uid=1000(system) android.bg expire 4 lines
10-07 13:31:45.613  3635  3689 I chatty  : uid=1000(system) batterystats-sy expire 19 lines
10-07 13:31:56.911  3635  4099 I chatty  : uid=1000(system) AlarmManager expire 66 lines
10-07 13:31:56.955  3635 28044 I chatty  : uid=1000 system_server expire 3 lines
10-07 13:32:18.987  4895 25148 E ActivityThread: Failed to find provider info for com.google.android.wearable.settings
10-07 13:32:18.993  4895 25148 E ActivityThread: Failed to find provider info for com.google.android.wearable.settings
10-07 13:32:40.503  3635 28052 I chatty  : uid=1000 system_server expire 1 line
10-07 13:33:22.530  3635 28056 I chatty  : uid=1000 system_server expire 1 line
10-07 13:34:21.886  3635 28060 I chatty  : uid=1000 system_server expire 1 line
10-07 13:35:21.892  3635 28065 I chatty  : uid=1000 system_server expire 1 line
10-07 13:36:05.290  3635  3682 I chatty  : uid=1000(system) ActivityManager expire 5 lines
10-07 13:36:16.066  3635 28069 I chatty  : uid=1000 system_server expire 1 line
10-07 13:36:55.250  3635 28072 I chatty  : uid=1000 system_server expire 1 line
10-07 13:37:24.968  3635  3681 I chatty  : uid=1000(system) android.bg expire 8 lines
10-07 13:37:29.450  3635  5061 I chatty  : uid=1000(system) Binder:3635_14 expire 1 line
10-07 13:38:23.041  3635 28094 I chatty  : uid=1000 system_server expire 1 line
10-07 13:38:23.553  4895 25148 E ActivityThread: Failed to find provider info for com.google.android.wearable.settings
10-07 13:38:23.560  4895 25148 E ActivityThread: Failed to find provider info for com.google.android.wearable.settings
10-07 13:38:25.073  3635  4099 I chatty  : uid=1000(system) AlarmManager expire 27 lines
10-07 13:38:55.360  3635  3689 I chatty  : uid=1000(system) batterystats-sy expire 8 lines
10-07 13:39:37.492  3635 28100 I chatty  : uid=1000 system_server expire 1 line
10-07 13:40:53.228  3635 28106 I chatty  : uid=1000 system_server expire 1 line
10-07 13:41:26.603  4895 25148 E ActivityThread: Failed to find provider info for com.google.android.wearable.settings
10-07 13:41:26.607  4895 25148 E ActivityThread: Failed to find provider info for com.google.android.wearable.settings
10-07 13:41:27.036  4895 25148 E ActivityThread: Failed to find provider info for com.google.android.wearable.settings
10-07 13:41:27.041  4895 25148 E ActivityThread: Failed to find provider info for com.google.android.wearable.settings
10-07 13:41:27.395  3635  4099 I chatty  : uid=1000(system) AlarmManager expire 8 lines
10-07 13:41:29.774  3635 28114 I chatty  : uid=1000 system_server expire 1 line
10-07 13:41:34.077  4895 25148 E ActivityThread: Failed to find provider info for com.google.android.wearable.settings
10-07 13:41:34.081  4895 25148 E ActivityThread: Failed to find provider info for com.google.android.wearable.settings
10-07 13:41:41.443  3635 28117 I chatty  : uid=1000 system_server expire 1 line
10-07 13:41:44.434  4895 25148 E ActivityThread: Failed to find provider info for com.google.android.wearable.settings
10-07 13:41:44.439  4895 25148 E ActivityThread: Failed to find provider info for com.google.android.wearable.settings
10-07 13:41:48.274  3635  3635 I chatty  : uid=1000 system_server expire 12 lines
10-07 13:41:48.324  3635 28119 I chatty  : uid=1000 system_server expire 1 line
10-07 13:41:56.713  3635 28122 I chatty  : uid=1000 system_server expire 1 line
10-07 13:41:56.977  3635  3676 I chatty  : uid=1000(system) Binder:3635_2 expire 2 lines
10-07 13:41:57.732  3635  5049 I chatty  : uid=1000(system) Binder:3635_E expire 1 line
10-07 13:41:57.735  3635  4318 I chatty  : uid=1000(system) Binder:3635_5 expire 1 line
10-07 13:41:57.824  3635 10890 I chatty  : uid=1000(system) Binder:3635_1D expire 1 line
10-07 13:41:57.918  3635  3683 I chatty  : uid=1000(system) android.ui expire 1 line
10-07 13:41:57.919  3635  4995 I chatty  : uid=1000(system) Binder:3635_B expire 1 line
10-07 13:41:57.920  3635  3707 I chatty  : uid=1000(system) PowerManagerSer expire 4 lines
10-07 13:41:57.931  3635  4131 I chatty  : uid=1000(system) ColorBalanceThr expire 1 line
10-07 13:41:57.963  3635  3704 I chatty  : uid=1000(system) android.display expire 5 lines
10-07 13:41:57.976  3635  3681 I chatty  : uid=1000(system) android.bg expire 8 lines
10-07 13:41:57.987  3635  3707 I chatty  : uid=1000(system) PowerManagerSer expire 12 lines
10-07 13:41:57.994  3635 10893 I chatty  : uid=1000(system) Binder:3635_20 expire 1 line
10-07 13:41:57.995  3635  3683 I chatty  : uid=1000(system) android.ui expire 39 lines
10-07 13:41:58.018  3635  5061 I chatty  : uid=1000(system) Binder:3635_14 expire 3 lines
10-07 13:41:58.032  3381  3469 D QMI_FW  : chen-screen on: is_screen_off = 0
10-07 13:41:58.057  3158  3363 D QMI_FW  : chen-screen on: is_screen_off = 0
10-07 13:41:58.072  3635  3635 I chatty  : uid=1000 system_server expire 16 lines
10-07 13:41:58.123  3635 10887 I chatty  : uid=1000(system) Binder:3635_1A expire 1 line
10-07 13:41:58.130  3635  5049 I chatty  : uid=1000(system) Binder:3635_E expire 2 lines
10-07 13:41:58.140  3635  4144 I chatty  : uid=1000(system) Binder:3635_3 expire 2 lines
10-07 13:41:58.164  3635  5058 I chatty  : uid=1000(system) Binder:3635_11 expire 1 line
10-07 13:41:58.283  5400 28158 W ContextImpl: Calling a method in the system process without a qualified user: android.app.ContextImpl.startService:1374 android.content.ContextWrapper.startService:614 com.oneplus.security.network.calibrate.AutoSaveNativeTrafficUsageService.getAndSaveCurrentNativeTrafficTotalUsage:37 com.oneplus.security.network.calibrate.AutoCalibrateUtil.setLastCalibrateTime:253 com.oneplus.security.network.calibrate.AutoCalibrateUtil.setLastCalibrateTime:225
10-07 13:41:58.323  3635 10882 I chatty  : uid=1000(system) Binder:3635_16 expire 2 lines
10-07 13:41:58.329  5400 28158 W ContextImpl: Calling a method in the system process without a qualified user: android.app.ContextImpl.startService:1374 android.content.ContextWrapper.startService:614 com.oneplus.security.network.calibrate.AutoSaveNativeTrafficUsageService.getAndSaveCurrentNativeTrafficTotalUsage:37 com.oneplus.security.network.calibrate.AutoCalibrateUtil.setLastCalibrateTime:253 com.oneplus.security.network.calibrate.AutoCalibrateUtil.setLastCalibrateTime:225
10-07 13:41:58.330  3635  4581 I chatty  : uid=1000(system) Binder:3635_6 expire 2 lines
10-07 13:41:58.364  4269  4269 V DreamService[DozeService]: wakeUp(): fromSystem=true, mWaking=false, mFinished=false
10-07 13:41:58.365  4269  4269 V DreamService[DozeService]: finish(): mFinished=false
10-07 13:41:58.365  3635  3702 I chatty  : uid=1000(system) android.fg expire 3 lines
10-07 13:41:58.382  4269  4269 V DreamService[DozeService]: detach(): Calling onDreamingStopped()
10-07 13:41:58.382  4269  4269 V DreamService[DozeService]: onDreamingStopped()
10-07 13:41:58.386  4269  4269 V DreamService[DozeService]: onDestroy()
10-07 13:42:00.002  3635  4099 I chatty  : uid=1000(system) AlarmManager expire 10 lines
10-07 13:42:00.437  3635 10884 I chatty  : uid=1000(system) Binder:3635_18 expire 2 lines
10-07 13:42:00.497  3635  4992 I chatty  : uid=1000(system) Binder:3635_9 expire 1 line
10-07 13:42:02.987  3635 28177 I chatty  : uid=1000 system_server expire 2 lines
10-07 13:42:26.029  3635  4104 I chatty  : uid=1000(system) InputReader expire 2 lines
10-07 13:42:26.030  3635  4131 I chatty  : uid=1000(system) ColorBalanceThr expire 2 lines
10-07 13:42:26.380  3381  3469 D QMI_FW  : chen-screen off: is_screen_off = 1
10-07 13:42:26.392  3158  3363 D QMI_FW  : chen-screen off: is_screen_off = 1
10-07 13:42:26.624  3635  3707 I chatty  : uid=1000(system) PowerManagerSer expire 14 lines
10-07 13:42:26.653  4269  4269 V DreamService[DozeService]: onCreate()
10-07 13:42:26.681  4269  4269 V DreamService[DozeService]: onBind() intent = Intent { act=android.service.dreams.DreamService flg=0x800000 cmp=com.android.systemui/.doze.DozeService }
10-07 13:42:26.684  4269  4269 V DreamService[DozeService]: Calling onDreamingStarted()
10-07 13:42:26.684  4269  4269 V DreamService[DozeService]: onDreamingStarted()
10-07 13:42:26.692  3635  3635 I chatty  : uid=1000 system_server expire 9 lines
10-07 13:42:26.734  3635  5067 I chatty  : uid=1000(system) Binder:3635_15 expire 1 line
10-07 13:42:26.985  3635  3683 I chatty  : uid=1000(system) android.ui expire 10 lines
10-07 13:42:27.553  3635  3682 I chatty  : uid=1000(system) ActivityManager expire 3 lines
10-07 13:42:32.957  3635 28215 I chatty  : uid=1000 system_server expire 1 line
10-07 13:42:41.691  3635 10889 I chatty  : uid=1000(system) Binder:3635_1C expire 1 line
10-07 13:42:41.698  3158  3363 D QMI_FW  : chen-screen on: is_screen_off = 0
10-07 13:42:41.699  3381  3469 D QMI_FW  : chen-screen on: is_screen_off = 0
10-07 13:42:41.709  3635  3683 I chatty  : uid=1000(system) android.ui expire 12 lines
10-07 13:42:41.763  3635  5059 I chatty  : uid=1000(system) Binder:3635_12 expire 1 line
